12-17 16:45:55.500  1426  1441 D GpsLocationProvider: SIM MCC/MNC is available: 310260
12-17 16:45:55.500  1426  1441 D GpsLocationProvider: Reset GPS properties, previous size = 5
12-17 16:45:55.500  1426  1441 D GpsLocationProvider: GpsParamsResource: SUPL_HOST=supl.google.com
12-17 16:45:55.500  1426  1441 D GpsLocationProvider: GpsParamsResource: SUPL_PORT=7275
12-17 16:45:55.500  1426  1441 D GpsLocationProvider: GpsParamsResource: NTP_SERVER=north-america.pool.ntp.org
12-17 16:45:55.500  1426  1441 D GpsLocationProvider: GpsParamsResource: SUPL_VER=0x20000
12-17 16:45:55.500  1426  1441 D GpsLocationProvider: GpsParamsResource: SUPL_MODE=1
12-17 16:45:55.500  1426  1441 W GpsLocationProvider: Could not open GPS configuration file /etc/gps.conf
12-17 16:45:55.500  1426  1441 D GpsLocationProvider: GPS properties reloaded, size = 5
12-17 16:45:55.500  1426  1441 E GpsLocationProvider: no AGPS interface in set_agps_server
12-17 16:45:55.500  1426  1441 D GpsLocationProvider: received SIM related action: 
12-17 16:45:55.500  1426  1441 D GpsLocationProvider: SIM MCC/MNC is available: 310260
12-17 16:45:55.500  1426  1441 D GpsLocationProvider: Reset GPS properties, previous size = 5
12-17 16:45:55.500  1426  1441 D GpsLocationProvider: GpsParamsResource: SUPL_HOST=supl.google.com
12-17 16:45:55.500  1426  1441 D GpsLocationProvider: GpsParamsResource: SUPL_PORT=7275
12-17 16:45:55.500  1426  1441 D GpsLocationProvider: GpsParamsResource: NTP_SERVER=north-america.pool.ntp.org
12-17 16:45:55.500  1426  1441 D GpsLocationProvider: GpsParamsResource: SUPL_VER=0x20000
12-17 16:45:55.500  1426  1441 D GpsLocationProvider: GpsParamsResource: SUPL_MODE=1
12-17 16:45:55.530  1892  2177 I LatinIME:LogUtils: Dictionary info: dictionary = main:en ; version = 54 ; date = 1414726273
12-17 16:45:55.600  2254  2254 I CalendarProvider2: Sending notification intent: Intent { act=android.intent.action.PROVIDER_CHANGED dat=content://com.android.calendar }
12-17 16:45:55.600  2254  2254 W ContentResolver: Failed to get type for: content://com.android.calendar (Unknown URL content://com.android.calendar)
12-17 16:45:56.010  1426  1441 W GpsLocationProvider: Could not open GPS configuration file /etc/gps.conf
12-17 16:45:56.010  1426  1441 D GpsLocationProvider: GPS properties reloaded, size = 5
12-17 16:45:56.010  1426  1441 E GpsLocationProvider: no AGPS interface in set_agps_server
12-17 16:45:56.010  1426  1441 D GpsLocationProvider: received SIM related action: 
12-17 16:45:56.010  1426  1441 D GpsLocationProvider: SIM MCC/MNC is available: 310260
12-17 16:45:56.010  1426  1441 D GpsLocationProvider: Reset GPS properties, previous size = 5
12-17 16:45:56.010  1426  1441 D GpsLocationProvider: GpsParamsResource: SUPL_HOST=supl.google.com
12-17 16:45:56.010  1426  1441 D GpsLocationProvider: GpsParamsResource: SUPL_PORT=7275
12-17 16:45:56.010  1426  1441 D GpsLocationProvider: GpsParamsResource: NTP_SERVER=north-america.pool.ntp.org
12-17 16:45:56.010  1426  1441 D GpsLocationProvider: GpsParamsResource: SUPL_VER=0x20000
12-17 16:45:56.010  1426  1441 D GpsLocationProvider: GpsParamsResource: SUPL_MODE=1
12-17 16:45:56.010  1426  1441 W GpsLocationProvider: Could not open GPS configuration file /etc/gps.conf
12-17 16:45:56.010  1426  1441 D GpsLocationProvider: GPS properties reloaded, size = 5
12-17 16:45:56.010  1426  1441 E GpsLocationProvider: no AGPS interface in set_agps_server
12-17 16:45:56.010  1426  1441 D GpsLocationProvider: received SIM related action: 
12-17 16:45:56.010  1426  1441 D GpsLocationProvider: SIM MCC/MNC is available: 310260
12-17 16:45:56.010  1426  1441 D GpsLocationProvider: Reset GPS properties, previous size = 5
12-17 16:45:56.010  1426  1441 D GpsLocationProvider: GpsParamsResource: SUPL_HOST=supl.google.com
12-17 16:45:56.010  1426  1441 D GpsLocationProvider: GpsParamsResource: SUPL_PORT=7275
12-17 16:45:56.010  1426  1441 D GpsLocationProvider: GpsParamsResource: NTP_SERVER=north-america.pool.ntp.org
12-17 16:45:56.010  1426  1441 D GpsLocationProvider: GpsParamsResource: SUPL_VER=0x20000
12-17 16:45:56.010  1426  1441 D GpsLocationProvider: GpsParamsResource: SUPL_MODE=1
12-17 16:45:56.010  1426  1441 W GpsLocationProvider: Could not open GPS configuration file /etc/gps.conf
12-17 16:45:56.010  1426  1441 D GpsLocationProvider: GPS properties reloaded, size = 5
12-17 16:45:56.010  1426  1441 E GpsLocationProvider: no AGPS interface in set_agps_server
12-17 16:45:56.090  1892  1897 I art     : Wrote stack traces to '/data/anr/traces.txt'
12-17 16:45:56.090  1720  1725 I art     : Wrote stack traces to '/data/anr/traces.txt'
12-17 16:45:56.240  1426  1581 W MountService: No primary storage defined yet; hacking together a stub
12-17 16:45:56.390  1426  1660 W MountService: No primary storage defined yet; hacking together a stub
12-17 16:45:56.390  1426  1437 W MountService: No primary storage defined yet; hacking together a stub
12-17 16:45:56.390  1426  1593 W MountService: No primary storage defined yet; hacking together a stub
12-17 16:45:56.880  1909  1909 D CarrierConfigLoader: update config for phoneId: 0 simState: LOADED
12-17 16:45:56.880  1909  1909 D CarrierServiceBindHelper: update binding for phoneId: 0 simState: LOADED
12-17 16:45:57.260  2230  2230 D AlertReceiver: onReceive: a=android.intent.action.BOOT_COMPLETED Intent { act=android.intent.action.BOOT_COMPLETED flg=0x8000010 cmp=com.android.calendar/.alerts.AlertReceiver (has extras) }
12-17 16:45:57.290  2230  2230 D AlertUtils: Flushing old alerts from shared prefs table
12-17 16:45:57.320  1426  2147 I ActivityManager: Start proc 2322:com.android.deskclock/u0a23 for broadcast com.android.deskclock/.AlarmInitReceiver
12-17 16:45:57.590  1909  1909 I Telephony: PstnIncomingCallNotifier: Unregistering: Handler (com.android.internal.telephony.gsm.GSMPhone) {37e584a}
12-17 16:45:57.590  1909  1909 I Telephony: AccountEntry: updateVideoPauseSupport -- mcc/mnc for sub: {id=1, iccId=89014103211118510720 simSlotIndex=0 displayName=Android carrierName= nameSource=0 iconTint=-16746133 dataRoaming=0 iconBitmap=android.graphics.Bitmap@6f68404 mcc 310 mnc 260}
12-17 16:45:57.590  1426  1659 I Telecom : PhoneAccountRegistrar: New phone account registered: [[ ] PhoneAccount: ComponentInfo{com.android.phone/com.android.services.telephony.TelephonyConnectionService}, [e2f7d48dd2b5ca523e7313cf4ba0f6ea830b6281], UserHandle{0} Capabilities: 54 Schemes: tel voicemail ]
12-17 16:45:58.050  1426  1659 I Telecom : : Sending phone-account intent as user
12-17 16:45:58.060  1909  1909 I Telephony: AccountEntry: Registered phoneAccount: [[ ] PhoneAccount: ComponentInfo{com.android.phone/com.android.services.telephony.TelephonyConnectionService}, [e2f7d48dd2b5ca523e7313cf4ba0f6ea830b6281], UserHandle{0} Capabilities: 54 Schemes: tel voicemail ] with handle: ComponentInfo{com.android.phone/com.android.services.telephony.TelephonyConnectionService}, [e2f7d48dd2b5ca523e7313cf4ba0f6ea830b6281], UserHandle{0}
12-17 16:45:58.060  1909  1909 I Telephony: PstnIncomingCallNotifier: Registering: Handler (com.android.internal.telephony.gsm.GSMPhone) {37e584a}
12-17 16:45:58.060  1909  1909 I Telephony: TelecomAccountRegistry: Unregistering phone account ComponentInfo{com.android.phone/com.android.services.telephony.TelephonyConnectionService}, [e0184adedf913b076626646d3f52c3b49c39ad6d], UserHandle{0}.
12-17 16:45:58.330  1426  1441 D GpsLocationProvider: received SIM related action: 
12-17 16:45:58.330  1426  2148 W Telecom : : No account found for the calling user
12-17 16:45:58.380  1426  1441 D GpsLocationProvider: SIM MCC/MNC is available: 310260
12-17 16:45:58.380  1426  1441 D GpsLocationProvider: Reset GPS properties, previous size = 5
12-17 16:45:58.380  1426  1441 D GpsLocationProvider: GpsParamsResource: SUPL_HOST=supl.google.com
12-17 16:45:58.380  1426  1441 D GpsLocationProvider: GpsParamsResource: SUPL_PORT=7275
12-17 16:45:58.380  1426  1441 D GpsLocationProvider: GpsParamsResource: NTP_SERVER=north-america.pool.ntp.org
12-17 16:45:58.380  1426  1441 D GpsLocationProvider: GpsParamsResource: SUPL_VER=0x20000
12-17 16:45:58.380  1426  1441 D GpsLocationProvider: GpsParamsResource: SUPL_MODE=1
12-17 16:45:58.380  1426  1441 W GpsLocationProvider: Could not open GPS configuration file /etc/gps.conf
12-17 16:45:58.380  1426  1441 D GpsLocationProvider: GPS properties reloaded, size = 5
12-17 16:45:58.380  1426  1441 E GpsLocationProvider: no AGPS interface in set_agps_server
12-17 16:45:58.380  2215  2215 I art     : Waiting for a blocking GC DisableMovingGc
12-17 16:45:58.380  2230  2321 D AlertService: 0 Action = android.intent.action.BOOT_COMPLETED
12-17 16:45:58.380  2215  2215 I art     : Starting a blocking GC DisableMovingGc
12-17 16:45:58.390  2322  2322 W System  : ClassLoader referenced unknown path: /system/app/DeskClock/lib/x86_64
12-17 16:45:58.390  2230  2321 D AlertService: Scheduling next alarm with AlarmScheduler. sEventReminderReceived: null
12-17 16:45:58.630  2230  2321 D AlarmScheduler: No events found starting within 1 week.
12-17 16:45:58.850  1426  1581 I AccountManagerService: getTypesVisibleToCaller: isPermitted? true
12-17 16:45:58.850  1426  1593 I AccountManagerService: getTypesVisibleToCaller: isPermitted? true
12-17 16:45:58.850  2215  2267 W art     : Long monitor contention event with owner method=long android.database.sqlite.SQLiteConnection.nativeOpen(java.lang.String, int, java.lang.String, boolean, boolean) from SQLiteConnection.java:4294967294 waiters=0 for 4.790s
12-17 16:45:58.900  1426  1441 D GpsLocationProvider: received SIM related action: 
12-17 16:45:59.090  1426  1438 W ActivityManager: Unable to start service Intent { act=com.android.mail.action.BACKUP_DATA_CHANGED pkg=com.android.email } U=0: not found
12-17 16:45:59.090  1426  1660 W ActivityManager: Unable to start service Intent { act=com.android.mail.action.BACKUP_DATA_CHANGED pkg=com.android.email } U=0: not found
12-17 16:45:59.110  1426  1437 W ActivityManager: Unable to start service Intent { act=com.android.mail.action.BACKUP_DATA_CHANGED pkg=com.android.email } U=0: not found
12-17 16:45:59.140  1426  1581 W ActivityManager: Unable to start service Intent { act=com.android.mail.action.BACKUP_DATA_CHANGED pkg=com.android.email } U=0: not found
12-17 16:45:59.140  1426  2148 W ActivityManager: Unable to start service Intent { act=com.android.mail.action.BACKUP_DATA_CHANGED pkg=com.android.email } U=0: not found
12-17 16:45:59.140  1909  1909 I Telephony: PstnIncomingCallNotifier: Unregistering: Handler (com.android.internal.telephony.gsm.GSMPhone) {37e584a}
12-17 16:45:59.150  1426  2149 W ActivityManager: Unable to start service Intent { act=com.android.mail.action.BACKUP_DATA_CHANGED pkg=com.android.email } U=0: not found
12-17 16:45:59.150  1426  1581 W ActivityManager: Unable to start service Intent { act=com.android.mail.action.BACKUP_DATA_CHANGED pkg=com.android.email } U=0: not found
12-17 16:45:59.150  1426  1441 D GpsLocationProvider: SIM MCC/MNC is available: 310260
12-17 16:45:59.150  1426  1441 D GpsLocationProvider: Reset GPS properties, previous size = 5
12-17 16:45:59.150  1426  1441 D GpsLocationProvider: GpsParamsResource: SUPL_HOST=supl.google.com
12-17 16:45:59.150  1426  1441 D GpsLocationProvider: GpsParamsResource: SUPL_PORT=7275
12-17 16:45:59.150  1426  1441 D GpsLocationProvider: GpsParamsResource: NTP_SERVER=north-america.pool.ntp.org
12-17 16:45:59.150  1426  1441 D GpsLocationProvider: GpsParamsResource: SUPL_VER=0x20000
12-17 16:45:59.150  1426  1441 D GpsLocationProvider: GpsParamsResource: SUPL_MODE=1
12-17 16:45:59.150  1426  1441 W GpsLocationProvider: Could not open GPS configuration file /etc/gps.conf
12-17 16:45:59.150  1426  1441 D GpsLocationProvider: GPS properties reloaded, size = 5
12-17 16:45:59.150  1426  1441 E GpsLocationProvider: no AGPS interface in set_agps_server
12-17 16:45:59.150  1426  1441 D GpsLocationProvider: received SIM related action: 
12-17 16:45:59.160  1426  1441 D GpsLocationProvider: SIM MCC/MNC is available: 310260
12-17 16:45:59.160  1426  1441 D GpsLocationProvider: Reset GPS properties, previous size = 5
12-17 16:45:59.160  1426  1441 D GpsLocationProvider: GpsParamsResource: SUPL_HOST=supl.google.com
12-17 16:45:59.160  1426  1441 D GpsLocationProvider: GpsParamsResource: SUPL_PORT=7275
12-17 16:45:59.160  1426  1441 D GpsLocationProvider: GpsParamsResource: NTP_SERVER=north-america.pool.ntp.org
12-17 16:45:59.160  1426  1441 D GpsLocationProvider: GpsParamsResource: SUPL_VER=0x20000
12-17 16:45:59.160  1426  1441 D GpsLocationProvider: GpsParamsResource: SUPL_MODE=1
12-17 16:45:59.160  1426  1441 W GpsLocationProvider: Could not open GPS configuration file /etc/gps.conf
12-17 16:45:59.160  1426  1441 D GpsLocationProvider: GPS properties reloaded, size = 5
12-17 16:45:59.160  1426  1441 E GpsLocationProvider: no AGPS interface in set_agps_server
12-17 16:45:59.180  1909  1909 I Telephony: AccountEntry: updateVideoPauseSupport -- mcc/mnc for sub: {id=1, iccId=89014103211118510720 simSlotIndex=0 displayName=Android carrierName=Android nameSource=0 iconTint=-16746133 dataRoaming=0 iconBitmap=android.graphics.Bitmap@3839da5 mcc 310 mnc 260}
12-17 16:45:59.180  1426  1659 I Telecom : PhoneAccountRegistrar: [ComponentInfo{com.android.phone/com.android.services.telephony.TelephonyConnectionService}, [e2f7d48dd2b5ca523e7313cf4ba0f6ea830b6281], UserHandle{0}(icon: Icon(typ=BITMAP size=26x32) -> Icon(typ=BITMAP size=26x32))]
12-17 16:45:59.240  2215  2268 W art     : Long monitor contention event with owner method=long android.database.sqlite.SQLiteConnection.nativeOpen(java.lang.String, int, java.lang.String, boolean, boolean) from SQLiteConnection.java:4294967294 waiters=1 for 4.990s
12-17 16:45:59.240  1426  2148 W ActivityManager: Unable to start service Intent { cmp=com.android.email/.service.AttachmentService } U=0: not found
12-17 16:45:59.250  1426  1581 W ActivityManager: Unable to start service Intent { cmp=com.android.email/.service.AttachmentService } U=0: not found
12-17 16:45:59.350  1426  1593 I AccountManagerService: getTypesVisibleToCaller: isPermitted? true
12-17 16:45:59.350  1426  2147 I AccountManagerService: getTypesVisibleToCaller: isPermitted? true
12-17 16:45:59.390  1426  1659 I Telecom : : Sending phone-account intent as user
12-17 16:45:59.390  1909  1909 I Telephony: AccountEntry: Registered phoneAccount: [[ ] PhoneAccount: ComponentInfo{com.android.phone/com.android.services.telephony.TelephonyConnectionService}, [e2f7d48dd2b5ca523e7313cf4ba0f6ea830b6281], UserHandle{0} Capabilities: 54 Schemes: tel voicemail ] with handle: ComponentInfo{com.android.phone/com.android.services.telephony.TelephonyConnectionService}, [e2f7d48dd2b5ca523e7313cf4ba0f6ea830b6281], UserHandle{0}
12-17 16:45:59.390  1909  1909 I Telephony: PstnIncomingCallNotifier: Registering: Handler (com.android.internal.telephony.gsm.GSMPhone) {37e584a}
12-17 16:45:59.390  1426  1581 W Telecom : : No account found for the calling user
12-17 16:45:59.410  1909  1909 I Telephony: PstnIncomingCallNotifier: Unregistering: Handler (com.android.internal.telephony.gsm.GSMPhone) {37e584a}
12-17 16:45:59.430  1909  1909 I Telephony: AccountEntry: updateVideoPauseSupport -- mcc/mnc for sub: {id=1, iccId=89014103211118510720 simSlotIndex=0 displayName=Android carrierName=Android nameSource=0 iconTint=-16746133 dataRoaming=0 iconBitmap=android.graphics.Bitmap@684f634 mcc 310 mnc 260}
12-17 16:45:59.430  1426  1659 I Telecom : PhoneAccountRegistrar: [ComponentInfo{com.android.phone/com.android.services.telephony.TelephonyConnectionService}, [e2f7d48dd2b5ca523e7313cf4ba0f6ea830b6281], UserHandle{0}(icon: Icon(typ=BITMAP size=26x32) -> Icon(typ=BITMAP size=26x32))]
12-17 16:45:59.540  2322  2322 V AlarmClock: AlarmInitReceiver android.intent.action.BOOT_COMPLETED
12-17 16:45:59.610  2215  2338 I Email   : Observing account changes for notifications
12-17 16:45:59.770  1426  1659 I Telecom : : Sending phone-account intent as user
12-17 16:45:59.770  1909  1909 I Telephony: AccountEntry: Registered phoneAccount: [[ ] PhoneAccount: ComponentInfo{com.android.phone/com.android.services.telephony.TelephonyConnectionService}, [e2f7d48dd2b5ca523e7313cf4ba0f6ea830b6281], UserHandle{0} Capabilities: 54 Schemes: tel voicemail ] with handle: ComponentInfo{com.android.phone/com.android.services.telephony.TelephonyConnectionService}, [e2f7d48dd2b5ca523e7313cf4ba0f6ea830b6281], UserHandle{0}
12-17 16:45:59.770  1909  1909 I Telephony: PstnIncomingCallNotifier: Registering: Handler (com.android.internal.telephony.gsm.GSMPhone) {37e584a}
12-17 16:45:59.770  1426  2148 W Telecom : : No account found for the calling user
12-17 16:45:59.770  1909  1909 D CarrierConfigLoader: mHandler: 7 phoneId: 0
12-17 16:45:59.770  1909  1909 E CarrierConfigLoader: Failed to get package version for: com.android.carrierconfig
12-17 16:45:59.770  1909  1909 D CarrierConfigLoader: Binding to com.android.carrierconfig for phone 0
12-17 16:45:59.770  1426  2149 W ActivityManager: Unable to start service Intent { act=android.service.carrier.CarrierService pkg=com.android.carrierconfig } U=0: not found
12-17 16:45:59.770  1909  1909 D CarrierServiceBindHelper: mHandler: 0
12-17 16:45:59.770  1909  1909 D CarrierServiceBindHelper: Binding to phoneId: 0
12-17 16:45:59.780  1426  1426 I Telecom : PhoneAccountRegistrar: SimCallManager queried, returning: null
12-17 16:45:59.780  1909  1909 D CarrierServiceBindHelper: No carrier app for: 0
12-17 16:45:59.810  1426  2148 I Telecom : PhoneAccountRegistrar: [ComponentInfo{com.android.phone/com.android.services.telephony.TelephonyConnectionService}, [e2f7d48dd2b5ca523e7313cf4ba0f6ea830b6281], UserHandle{0}(icon: Icon(typ=BITMAP size=26x32) -> Icon(typ=BITMAP size=26x32))]
12-17 16:45:59.880  2322  2344 V AlarmClock: AlarmInitReceiver - Reset timers and clear stopwatch data
12-17 16:45:59.970  2322  2344 V AlarmClock: AlarmInitReceiver - resetting volume button default
12-17 16:46:00.020  1426  2148 I Telecom : : Sending phone-account intent as user
12-17 16:46:00.110  1909  1909 I Telephony: PstnIncomingCallNotifier: Unregistering: Handler (com.android.internal.telephony.gsm.GSMPhone) {37e584a}
12-17 16:46:00.190  1909  1909 I Telephony: AccountEntry: updateVideoPauseSupport -- mcc/mnc for sub: {id=1, iccId=89014103211118510720 simSlotIndex=0 displayName=Android carrierName=Android nameSource=0 iconTint=-16746133 dataRoaming=0 iconBitmap=android.graphics.Bitmap@9ce411e mcc 310 mnc 260}
12-17 16:46:00.190  1426  2148 I Telecom : PhoneAccountRegistrar: [ComponentInfo{com.android.phone/com.android.services.telephony.TelephonyConnectionService}, [e2f7d48dd2b5ca523e7313cf4ba0f6ea830b6281], UserHandle{0}(icon: Icon(typ=BITMAP size=26x32) -> Icon(typ=BITMAP size=26x32))]
12-17 16:46:00.330  1426  2148 I Telecom : : Sending phone-account intent as user
12-17 16:46:00.330  1909  1909 I Telephony: AccountEntry: Registered phoneAccount: [[ ] PhoneAccount: ComponentInfo{com.android.phone/com.android.services.telephony.TelephonyConnectionService}, [e2f7d48dd2b5ca523e7313cf4ba0f6ea830b6281], UserHandle{0} Capabilities: 54 Schemes: tel voicemail ] with handle: ComponentInfo{com.android.phone/com.android.services.telephony.TelephonyConnectionService}, [e2f7d48dd2b5ca523e7313cf4ba0f6ea830b6281], UserHandle{0}
12-17 16:46:00.330  1909  1909 I Telephony: PstnIncomingCallNotifier: Registering: Handler (com.android.internal.telephony.gsm.GSMPhone) {37e584a}
12-17 16:46:00.340  2150  2253 W Launcher: setApplicationContext called twice! old=android.app.Application@de294d7 new=android.app.Application@de294d7
12-17 16:46:00.340  2032  2317 I MediaProvider: Upgrading media database from version 0 to 800, which will destroy all old data
12-17 16:46:00.370  1426  1437 W Telecom : : No account found for the calling user
12-17 16:46:00.370  1909  1909 I Telephony: PstnIncomingCallNotifier: Unregistering: Handler (com.android.internal.telephony.gsm.GSMPhone) {37e584a}
12-17 16:46:00.390  1909  1909 I Telephony: AccountEntry: updateVideoPauseSupport -- mcc/mnc for sub: {id=1, iccId=89014103211118510720 simSlotIndex=0 displayName=Android carrierName=Android nameSource=0 iconTint=-16746133 dataRoaming=0 iconBitmap=android.graphics.Bitmap@3a5a4b8 mcc 310 mnc 260}
12-17 16:46:00.390  1426  2147 I Telecom : PhoneAccountRegistrar: [ComponentInfo{com.android.phone/com.android.services.telephony.TelephonyConnectionService}, [e2f7d48dd2b5ca523e7313cf4ba0f6ea830b6281], UserHandle{0}(icon: Icon(typ=BITMAP size=26x32) -> Icon(typ=BITMAP size=26x32))]
12-17 16:46:00.490  1426  2147 I Telecom : : Sending phone-account intent as user
12-17 16:46:00.490  1909  1909 I Telephony: AccountEntry: Registered phoneAccount: [[ ] PhoneAccount: ComponentInfo{com.android.phone/com.android.services.telephony.TelephonyConnectionService}, [e2f7d48dd2b5ca523e7313cf4ba0f6ea830b6281], UserHandle{0} Capabilities: 54 Schemes: tel voicemail ] with handle: ComponentInfo{com.android.phone/com.android.services.telephony.TelephonyConnectionService}, [e2f7d48dd2b5ca523e7313cf4ba0f6ea830b6281], UserHandle{0}
12-17 16:46:00.490  1909  1909 I Telephony: PstnIncomingCallNotifier: Registering: Handler (com.android.internal.telephony.gsm.GSMPhone) {37e584a}
12-17 16:46:00.490  1426  1581 W Telecom : : No account found for the calling user
12-17 16:46:00.490  1909  1909 I NotificationMgr: updateMwi(): subId 1 update to false
12-17 16:46:00.510  1426  1593 I Telecom : PhoneAccountRegistrar: [ComponentInfo{com.android.phone/com.android.services.telephony.TelephonyConnectionService}, [e2f7d48dd2b5ca523e7313cf4ba0f6ea830b6281], UserHandle{0}(icon: Icon(typ=BITMAP size=26x32) -> Icon(typ=BITMAP size=26x32))]
12-17 16:46:00.610  1426  1593 I Telecom : : Sending phone-account intent as user
12-17 16:46:00.610  1426  1438 I Telecom : PhoneAccountRegistrar: [ComponentInfo{com.android.phone/com.android.services.telephony.TelephonyConnectionService}, [e2f7d48dd2b5ca523e7313cf4ba0f6ea830b6281], UserHandle{0}(icon: Icon(typ=BITMAP size=26x32) -> Icon(typ=BITMAP size=26x32))]
12-17 16:46:00.690  1426  1438 I Telecom : : Sending phone-account intent as user
12-17 16:46:00.710  1426  1659 I Telecom : PhoneAccountRegistrar: [ComponentInfo{com.android.phone/com.android.services.telephony.TelephonyConnectionService}, [e2f7d48dd2b5ca523e7313cf4ba0f6ea830b6281], UserHandle{0}(icon: Icon(typ=BITMAP size=26x32) -> Icon(typ=BITMAP size=26x32))]
12-17 16:46:00.720  1426  1659 I Telecom : : Sending phone-account intent as user
12-17 16:46:00.730  1426  1437 I Telecom : PhoneAccountRegistrar: [ComponentInfo{com.android.phone/com.android.services.telephony.TelephonyConnectionService}, [e2f7d48dd2b5ca523e7313cf4ba0f6ea830b6281], UserHandle{0}(icon: Icon(typ=BITMAP size=26x32) -> Icon(typ=BITMAP size=26x32))]
12-17 16:46:00.790  1426  1437 I Telecom : : Sending phone-account intent as user
12-17 16:46:00.860  1426  1593 W MountService: No primary storage defined yet; hacking together a stub
12-17 16:46:00.880  1909  1909 D TelephonyProvider: subIdString = 1 subId = 1
12-17 16:46:00.910  1909  1909 D TelephonyProvider: subIdString = 1 subId = 1
12-17 16:46:00.910  1909  1909 D TelephonyProvider: subIdString = 1 subId = 1
12-17 16:46:00.910  1426  1437 D ConnectivityService: setProvNotificationVisible: E visible=false networkType=0 action=com.android.internal.telephony.PROVISION0
12-17 16:46:00.910  1426  1437 D ConnectivityService: setProvNotificationVisibleIntent SIGN_IN visible=false networkType=MOBILE extraInfo=null highPriority=false
12-17 16:46:00.920  1426  1438 D ConnectivityService: registerNetworkAgent NetworkAgentInfo{ ni{[type: MOBILE[UMTS], state: CONNECTED/CONNECTED, reason: connected, extra: epc.tmobile.com, roaming: false, failover: false, isAvailable: true]}  network{100}  lp{{InterfaceName: eth0 LinkAddresses: [10.0.2.15/32,]  Routes: [0.0.0.0/0 -> 10.0.2.2 eth0,] DnsAddresses: [10.0.2.3,10.0.2.4,] Domains: null MTU: 1500 TcpBufferSizes: 58254,349525,1048576,58254,349525,1048576}}  nc{[ Transports: CELLULAR Capabilities: MMS&SUPL&FOTA&IMS&CBS&IA&INTERNET&NOT_RESTRICTED&TRUSTED&NOT_VPN LinkUpBandwidth>=384Kbps LinkDnBandwidth>=384Kbps Specifier: <1>]}  Score{10}  everValidated{false}  lastValidated{false}  created{false} lingering{false} explicitlySelected{false} acceptUnvalidated{false} everCaptivePortalDetected{false} lastCaptivePortalDetected{false} }
12-17 16:46:00.940  1426  1541 D ConnectivityService: NetworkAgentInfo [MOBILE (UMTS) - 100] EVENT_NETWORK_INFO_CHANGED, going from null to CONNECTED
12-17 16:46:00.940  1426  1541 D ConnectivityService: Adding iface eth0 to network 100
12-17 16:46:01.140  2163  2163 I Exchange: EasService.onCreate
12-17 16:46:01.220  2322  2344 I AlarmClock: Alarms Table created
12-17 16:46:01.220  2322  2344 I AlarmClock: Instance table created
12-17 16:46:01.220  2322  2344 I AlarmClock: Cities table created
12-17 16:46:01.220  2322  2344 I AlarmClock: Inserting default alarms
12-17 16:46:01.390  1426  1541 D ConnectivityService: Setting MTU size: eth0, 1500
12-17 16:46:01.390  1426  1541 D ConnectivityService: Adding Route [0.0.0.0/0 -> 10.0.2.2 eth0] to network 100
12-17 16:46:01.410  1426  1541 D ConnectivityService: Setting Dns servers for network 100 to [/10.0.2.3, /10.0.2.4]
12-17 16:46:01.550  1426  1541 W art     : Long monitor contention event with owner method=void com.android.server.am.ActivityManagerService$MainHandler.handleMessage(android.os.Message) from ActivityManagerService.java:1640 waiters=0 for 140ms
12-17 16:46:01.550  1426  1541 D ConnectivityService: notifyType IP_CHANGED for NetworkAgentInfo [MOBILE (UMTS) - 100]
12-17 16:46:01.550  1426  1541 D ConnectivityService: scheduleUnvalidatedPrompt 100
12-17 16:46:01.550  1426  1541 D ConnectivityService: rematching NetworkAgentInfo [MOBILE (UMTS) - 100]
12-17 16:46:01.550  1426  1541 D ConnectivityService:    accepting network in place of null
12-17 16:46:01.560  1426  1541 D ConnectivityService: Switching to new default network: NetworkAgentInfo{ ni{[type: MOBILE[UMTS], state: CONNECTED/CONNECTED, reason: connected, extra: epc.tmobile.com, roaming: false, failover: false, isAvailable: true]}  network{100}  lp{{InterfaceName: eth0 LinkAddresses: [10.0.2.15/32,]  Routes: [0.0.0.0/0 -> 10.0.2.2 eth0,] DnsAddresses: [10.0.2.3,10.0.2.4,] Domains: null MTU: 1500 TcpBufferSizes: 58254,349525,1048576,58254,349525,1048576}}  nc{[ Transports: CELLULAR Capabilities: MMS&SUPL&FOTA&IMS&CBS&IA&INTERNET&NOT_RESTRICTED&TRUSTED&NOT_VPN LinkUpBandwidth>=384Kbps LinkDnBandwidth>=384Kbps Specifier: <1>]}  Score{10}  everValidated{false}  lastValidated{false}  created{true} lingering{false} explicitlySelected{false} acceptUnvalidated{false} everCaptivePortalDetected{false} lastCaptivePortalDetected{false} }
12-17 16:46:01.560  2322  2344 V AlarmClock: AlarmInitReceiver finished
12-17 16:46:01.560  2163  2353 I Exchange: RestartPingTask
12-17 16:46:01.590  2163  2163 I Exchange: RestartPingsTask did not start any pings.
12-17 16:46:01.590  2163  2163 I Exchange: PSS stopIfIdle
12-17 16:46:01.590  2163  2163 I Exchange: PSS has no active accounts; stopping service.
12-17 16:46:01.590  2163  2163 I Exchange: onDestroy
12-17 16:46:01.600  1892  1892 I SystemBroadcastReceiver: Boot has been completed
12-17 16:46:01.600  1892  1892 I SystemBroadcastReceiver: toggleAppIcon() : FLAG_SYSTEM = true
12-17 16:46:01.600  1426  1661 I AccountManagerService: getTypesVisibleToCaller: isPermitted? true
12-17 16:46:01.600  1426  2148 I AccountManagerService: getTypesVisibleToCaller: isPermitted? true
12-17 16:46:01.600  1426  2147 I AccountManagerService: getTypesVisibleToCaller: isPermitted? true
12-17 16:46:01.600  1426  1659 I AccountManagerService: getTypesVisibleToCaller: isPermitted? true
12-17 16:46:01.600  2215  2357 I Email   : Onetime initialization: 1
12-17 16:46:01.600  2215  2357 I Email   : Onetime initialization: 2
12-17 16:46:01.600  2215  2357 I Email   : Onetime initialization: completed.
12-17 16:46:01.600  1426  2147 I AccountManagerService: getTypesVisibleToCaller: isPermitted? true
12-17 16:46:01.600  1426  1659 I AccountManagerService: getTypesVisibleToCaller: isPermitted? true
12-17 16:46:01.610  1426  2149 I ActivityManager: Start proc 2360:com.android.messaging/u0a45 for broadcast com.android.messaging/.receiver.BootAndPackageReplacedReceiver
12-17 16:46:01.670  2360  2360 W System  : ClassLoader referenced unknown path: /system/app/messaging/lib/x86_64
12-17 16:46:01.760  1426  2350 D NetworkMonitor/NetworkAgentInfo [MOBILE (UMTS) - 100]: Checking http://connectivitycheck.gstatic.com/generate_204 on epc.tmobile.com, connectivitycheck.gstatic.com=173.194.33.78,2607:f8b0:400a:803::1000
12-17 16:46:01.840  1426  2350 D NetworkMonitor/NetworkAgentInfo [MOBILE (UMTS) - 100]: isCaptivePortal: ret=204 headers={null=[HTTP/1.1 204 No Content], Content-Length=[0], Date=[Fri, 18 Dec 2015 00:52:12 GMT], Server=[GFE/2.0], X-Android-Received-Millis=[1450399561840], X-Android-Response-Source=[NETWORK 204], X-Android-Selected-Protocol=[http/1.1], X-Android-Sent-Millis=[1450399561830]}
12-17 16:46:01.970  1426  1661 W MountService: No primary storage defined yet; hacking together a stub
12-17 16:46:01.970  1426  2147 W MountService: No primary storage defined yet; hacking together a stub
12-17 16:46:02.330  1006  1372 V IdletimerController: runCmd(/system/bin/ip6tables -w -t raw -A idletimer_raw_PREROUTING -i eth0 -j IDLETIMER --timeout 10 --label 0 --send_nl_msg 1) res_ipv4=0, res_ipv6=0
12-17 16:46:02.960  2150  2150 D Launcher: bindAppWidget: AppWidget(id=3)
12-17 16:46:02.960  2150  2150 D Launcher: bindAppWidget: id=3 belongs to component ComponentInfo{com.android.deskclock/com.android.alarmclock.AnalogAppWidgetProvider}
12-17 16:46:03.880  2215  2215 E ActivityThread: Service com.android.email.service.EmailBroadcastProcessorService has leaked ServiceConnection com.android.emailcommon.service.ServiceProxy$ProxyConnection@a2337fd that was originally bound here
12-17 16:46:03.880  2215  2215 E ActivityThread: android.app.ServiceConnectionLeaked: Service com.android.email.service.EmailBroadcastProcessorService has leaked ServiceConnection com.android.emailcommon.service.ServiceProxy$ProxyConnection@a2337fd that was originally bound here
12-17 16:46:03.880  2215  2215 E ActivityThread: 	at android.app.LoadedApk$ServiceDispatcher.<init>(LoadedApk.java:1092)
12-17 16:46:03.880  2215  2215 E ActivityThread: 	at android.app.LoadedApk.getServiceDispatcher(LoadedApk.java:986)
12-17 16:46:03.880  2215  2215 E ActivityThread: 	at android.app.ContextImpl.bindServiceCommon(ContextImpl.java:1303)
12-17 16:46:03.880  2215  2215 E ActivityThread: 	at android.app.ContextImpl.bindService(ContextImpl.java:1286)
12-17 16:46:03.880  2215  2215 E ActivityThread: 	at android.content.ContextWrapper.bindService(ContextWrapper.java:604)
12-17 16:46:03.880  2215  2215 E ActivityThread: 	at com.android.emailcommon.service.ServiceProxy.setTask(ServiceProxy.java:181)
12-17 16:46:03.880  2215  2215 E ActivityThread: 	at com.android.emailcommon.service.ServiceProxy.test(ServiceProxy.java:224)
12-17 16:46:03.880  2215  2215 E ActivityThread: 	at com.android.email.service.EmailServiceUtils.isServiceAvailable(EmailServiceUtils.java:160)
12-17 16:46:03.880  2215  2215 E ActivityThread: 	at com.android.email.provider.AccountReconciler.reconcileAccountsInternal(AccountReconciler.java:171)
12-17 16:46:03.880  2215  2215 E ActivityThread: 	at com.android.email.provider.AccountReconciler.reconcileAccounts(AccountReconciler.java:115)
12-17 16:46:03.880  2215  2215 E ActivityThread: 	at com.android.email.service.EmailBroadcastProcessorService.reconcileAndStartServices(EmailBroadcastProcessorService.java:305)
12-17 16:46:03.880  2215  2215 E ActivityThread: 	at com.android.email.service.EmailBroadcastProcessorService.onBootCompleted(EmailBroadcastProcessorService.java:295)
12-17 16:46:03.880  2215  2215 E ActivityThread: 	at com.android.email.service.EmailBroadcastProcessorService.onHandleIntent(EmailBroadcastProcessorService.java:130)
12-17 16:46:03.880  2215  2215 E ActivityThread: 	at android.app.IntentService$ServiceHandler.handleMessage(IntentService.java:66)
12-17 16:46:03.880  2215  2215 E ActivityThread: 	at android.os.Handler.dispatchMessage(Handler.java:102)
12-17 16:46:03.880  2215  2215 E ActivityThread: 	at android.os.Looper.loop(Looper.java:148)
12-17 16:46:03.880  2215  2215 E ActivityThread: 	at android.os.HandlerThread.run(HandlerThread.java:61)
12-17 16:46:03.960  2032  2317 E SQLiteLog: (1) no such table: files
12-17 16:46:03.970  1426  1659 W art     : Long monitor contention event with owner method=void com.android.server.appwidget.AppWidgetServiceImpl$SaveStateRunnable.run() from AppWidgetServiceImpl.java:3574 waiters=0 for 830ms
12-17 16:46:03.990  1426  1506 I InputReader: Reconfiguring input devices.  changes=0x00000010
12-17 16:46:04.150  2163  2163 I Exchange: EasService.onCreate
12-17 16:46:04.160  1006  1372 V IdletimerController: runCmd(/system/bin/ip6tables -w -t mangle -A idletimer_mangle_POSTROUTING -o eth0 -j IDLETIMER --timeout 10 --label 0 --send_nl_msg 1) res_ipv4=0, res_ipv6=0
12-17 16:46:04.160  1426  1541 E NetdConnector: NDC Command {23 idletimer add eth0 10 0} took too long (2600ms)
12-17 16:46:04.160  1426  1541 D ConnectivityService: Setting tx/rx TCP buffers to 58254,349525,1048576,58254,349525,1048576
12-17 16:46:04.160  1426  1541 D CSLegacyTypeTracker: Sending CONNECTED broadcast for type 0 NetworkAgentInfo [MOBILE (UMTS) - 100] isDefaultNetwork=true
12-17 16:46:04.160  1426  1541 D ConnectivityService: sendStickyBroadcast: action=android.net.conn.CONNECTIVITY_CHANGE
12-17 16:46:04.160  1426  1541 D ConnectivityService: notifyType PRECHECK for NetworkAgentInfo [MOBILE (UMTS) - 100]
12-17 16:46:04.160  1426  1541 D ConnectivityService: setProvNotificationVisibleIntent null visible=false networkType=MOBILE extraInfo=null highPriority=false
12-17 16:46:04.160  1426  1541 D ConnectivityService: NetworkAgentInfo [MOBILE (UMTS) - 100] validation  passed
12-17 16:46:04.160  1426  1541 D ConnectivityService: rematching NetworkAgentInfo [MOBILE (UMTS) - 100]
12-17 16:46:04.160  1426  1541 D ConnectivityService: notifyType CAP_CHANGED for NetworkAgentInfo [MOBILE (UMTS) - 100]
12-17 16:46:04.160  1426  1541 D ConnectivityService: sendStickyBroadcast: action=android.net.conn.INET_CONDITION_ACTION
12-17 16:46:04.170  1682  1981 D ConnectivityManager.CallbackHandler: CM callback handler got msg 524290
12-17 16:46:04.170  1426  1446 D Tethering: MasterInitialState.processMessage what=3
12-17 16:46:04.180  1682  1981 D ConnectivityManager.CallbackHandler: CM callback handler got msg 524289
12-17 16:46:04.180  1682  1981 D ConnectivityManager.CallbackHandler: CM callback handler got msg 524294
12-17 16:46:04.200  2163  2379 I Exchange: RestartPingTask
12-17 16:46:04.200  2163  2163 I Exchange: RestartPingsTask did not start any pings.
12-17 16:46:04.200  2163  2163 I Exchange: PSS stopIfIdle
12-17 16:46:04.200  2163  2163 I Exchange: PSS has no active accounts; stopping service.
12-17 16:46:04.200  2163  2163 I Exchange: onDestroy
12-17 16:46:04.290  1426  1537 I NetworkPolicy: No policy for subscriber 310260...; generating default policy
12-17 16:46:04.890  1426  1957 D GpsLocationProvider: NTP server returned: 1450399937075 (Thu Dec 17 16:52:17 PST 2015) reference: 434500 certainty: 50 system time offset: 372185
12-17 16:46:04.950  2150  2150 D Launcher: bound widget id=3 in 1990ms
12-17 16:46:04.950  2150  2150 I Choreographer: Skipped 139 frames!  The application may be doing too much work on its main thread.
12-17 16:46:06.110  1426  1537 E NetdConnector: NDC Command {25 bandwidth setiquota eth0 9223372036854775807} took too long (1820ms)
12-17 16:46:06.120  2150  2150 I Choreographer: Skipped 69 frames!  The application may be doing too much work on its main thread.
12-17 16:46:06.560  1426  1660 W MountService: No primary storage defined yet; hacking together a stub
12-17 16:46:06.560  2032  2317 W MediaProvider: Missing volume for /system; assuming invalid
12-17 16:46:06.580  1426  2147 W MountService: No primary storage defined yet; hacking together a stub
12-17 16:46:06.580  2032  2317 W MediaProvider: Missing volume for /system/media; assuming invalid
12-17 16:46:06.580  1426  1438 W MountService: No primary storage defined yet; hacking together a stub
12-17 16:46:06.580  2032  2317 W MediaProvider: Missing volume for /system/media/audio; assuming invalid
12-17 16:46:06.580  1426  1581 W MountService: No primary storage defined yet; hacking together a stub
12-17 16:46:06.580  2032  2317 W MediaProvider: Missing volume for /system/media/audio/alarms; assuming invalid
12-17 16:46:06.750  2360  2370 W art     : Suspending all threads took: 60ms
12-17 16:46:07.160  1426  1659 W MountService: No primary storage defined yet; hacking together a stub
12-17 16:46:07.160  1426  1661 W MountService: No primary storage defined yet; hacking together a stub
12-17 16:46:07.160  1426  2149 W MountService: No primary storage defined yet; hacking together a stub
12-17 16:46:07.160  1011  1011 E MetadataRetrieverClient: failed to extract an album art
12-17 16:46:07.160  1426  2148 W MountService: No primary storage defined yet; hacking together a stub
12-17 16:46:07.300  1426  2149 W MountService: No primary storage defined yet; hacking together a stub
12-17 16:46:07.300  2032  2317 W MediaProvider: Missing volume for /system/media/audio/alarms/Alarm_Beep_01.ogg; assuming invalid
12-17 16:46:07.310  1426  2148 W MountService: No primary storage defined yet; hacking together a stub
12-17 16:46:07.310  2032  2317 W MediaProvider: Missing volume for /system/media/audio/alarms/Alarm_Beep_02.ogg; assuming invalid
12-17 16:46:07.310  1426  1438 W MountService: No primary storage defined yet; hacking together a stub
12-17 16:46:07.310  2032  2317 W MediaProvider: Missing volume for /system/media/audio/alarms/Alarm_Beep_03.ogg; assuming invalid
12-17 16:46:07.310  1426  1659 W MountService: No primary storage defined yet; hacking together a stub
12-17 16:46:07.310  2032  2317 W MediaProvider: Missing volume for /system/media/audio/alarms/Alarm_Buzzer.ogg; assuming invalid
12-17 16:46:07.650  1426  1437 W MountService: No primary storage defined yet; hacking together a stub
12-17 16:46:07.650  2032  2317 W MediaProvider: Missing volume for /system/media/audio/alarms/Alarm_Classic.ogg; assuming invalid
12-17 16:46:07.880  1426  1537 E NetdConnector: NDC Command {26 bandwidth removeiquota eth0} took too long (1320ms)
12-17 16:46:08.580  2360  2417 I MessagingApp: Upgrading shared prefs from -1 to 1
12-17 16:46:08.680  1426  1537 E NetdConnector: NDC Command {27 bandwidth setiquota eth0 9223372036854775807} took too long (800ms)
12-17 16:46:08.700  1426  1443 W art     : Long monitor contention event with owner method=void java.lang.Object.wait!(long, int) from Object.java:4294967294 waiters=0 for 390ms
12-17 16:46:08.720  1426  1438 I ActivityManager: Start proc 2426:com.android.settings/1000 for broadcast com.android.settings/.sim.SimSelectNotification
12-17 16:46:08.760  2426  2426 W System  : ClassLoader referenced unknown path: /system/priv-app/Settings/lib/x86_64
12-17 16:46:09.240  2360  2360 I MessagingApp: Carrier config changed. Reloading MMS config.
12-17 16:46:09.560  1426  1541 D ConnectivityService: handlePromptUnvalidated 100
12-17 16:46:09.570  2360  2417 W MessagingApp: canonicalizeMccMnc: invalid mccmnc:null ,null
12-17 16:46:09.610  2360  2418 W MessagingApp: Rebuilt databases: reseting related state
12-17 16:46:09.670  1426  2148 D MmsServiceBroker: getCarrierConfigValues() by com.android.messaging
12-17 16:46:09.670  1426  2148 W MmsServiceBroker: MmsService not connected. Try connecting...
12-17 16:46:09.670  1426  1426 I MmsServiceBroker: Connecting to MmsService
12-17 16:46:09.670  1426  1426 W ContextImpl: Calling a method in the system process without a qualified user: android.app.ContextImpl.bindService:1285 com.android.server.MmsServiceBroker.tryConnecting:240 com.android.server.MmsServiceBroker.-wrap3:-1 com.android.server.MmsServiceBroker$1.handleMessage:82 android.os.Handler.dispatchMessage:102 
12-17 16:46:09.680  2322  2322 V AlarmClock: AlarmInitReceiver android.intent.action.TIMEZONE_CHANGED
12-17 16:46:09.680  1909  1909 W System  : ClassLoader referenced unknown path: /system/priv-app/MmsService/lib/x86_64
12-17 16:46:09.680  1909  1909 D MmsService: onCreate
12-17 16:46:09.690  2360  2418 I MessagingAppDataModel: Fixup: Send failed - 0 Download failed - 0
12-17 16:46:09.690  2360  2418 W MessagingAppDataModel: Used 1100ms for FixupMessageStatusOnStartupAction#executeAction
12-17 16:46:09.690  2360  2441 W art     : Long monitor contention event with owner method=void android.database.sqlite.SQLiteConnection.nativeExecute(long, long) from SQLiteConnection.java:4294967294 waiters=0 for 440ms
12-17 16:46:09.720  1426  1426 I MmsServiceBroker: MmsService connected
12-17 16:46:09.720  1909  2213 D MmsService: getCarrierConfigValues
12-17 16:46:09.720  1909  2213 I MmsService: mms config for sub 1: null
12-17 16:46:09.720  2360  2417 I MessagingApp: Carrier configs loaded: Bundle[{maxImageHeight=1944, maxMessageSize=1048576, maxImageWidth=2592}] from resources+system for subId=1
12-17 16:46:09.720  2360  2440 W art     : Long monitor contention event with owner method=void com.android.messaging.sms.r.load() from SourceFile:147 waiters=0 for 470ms
12-17 16:46:09.730  1909  2444 I MmsService: MmsConfigManager loads in background mcc/mnc: 310/260
12-17 16:46:09.750  2322  2344 V AlarmClock: AlarmInitReceiver finished
12-17 16:46:09.750  2360  2440 W MessagingApp: canonicalizeMccMnc: invalid mccmnc:null ,null
12-17 16:46:09.770  1426  2148 D MmsServiceBroker: getCarrierConfigValues() by com.android.messaging
12-17 16:46:09.770  1909  2348 D MmsService: getCarrierConfigValues
12-17 16:46:09.770  1909  2348 I MmsService: mms config for sub 1: null
12-17 16:46:09.770  2360  2440 I MessagingApp: Carrier configs loaded: Bundle[{maxImageHeight=1944, maxMessageSize=1048576, maxImageWidth=2592}] from resources+system for subId=1
12-17 16:46:09.850  2360  2440 W MessagingApp: canonicalizeMccMnc: invalid mccmnc:null ,null
12-17 16:46:09.870  1426  2148 D MmsServiceBroker: getCarrierConfigValues() by com.android.messaging
12-17 16:46:09.870  1909  2300 D MmsService: getCarrierConfigValues
12-17 16:46:09.870  1909  2300 I MmsService: mms config for sub 1: Bundle[{httpSocketTimeout=60000, aliasMinChars=2, smsToMmsTextThreshold=-1, enableSMSDeliveryReports=true, maxMessageTextSize=-1, supportMmsContentDisposition=true, enabledTransID=false, aliasEnabled=false, supportHttpCharsetHeader=false, allowAttachAudio=true, smsToMmsTextLengthThreshold=-1, recipientLimit=2147483647, uaProfTagName=x-wap-profile, aliasMaxChars=48, maxImageHeight=480, enableMMSDeliveryReports=false, userAgent=, config_cellBroadcastAppLinks=true, maxSubjectLength=40, httpParams=, enableGroupMms=true, emailGatewayNumber=, maxMessageSize=307200, naiSuffix=, enableMMSReadReports=false, maxImageWidth=640, uaProfUrl=, enabledMMS=true, enabledNotifyWapMMSC=false, sendMultipartSmsAsSeparateMessages=false, enableMultipartSMS=true}]
12-17 16:46:09.870  2360  2440 I MessagingApp: Carrier configs loaded: Bundle[{httpSocketTimeout=60000, aliasMinChars=2, smsToMmsTextThreshold=-1, enableSMSDeliveryReports=true, maxMessageTextSize=-1, supportMmsContentDisposition=true, enabledTransID=false, aliasEnabled=false, supportHttpCharsetHeader=false, allowAttachAudio=true, smsToMmsTextLengthThreshold=-1, recipientLimit=2147483647, uaProfTagName=x-wap-profile, aliasMaxChars=48, maxImageHeight=480, enableMMSDeliveryReports=false, userAgent=, config_cellBroadcastAppLinks=true, maxSubjectLength=40, httpParams=, enableGroupMms=true, emailGatewayNumber=, maxMessageSize=307200, naiSuffix=, enableMMSReadReports=false, maxImageWidth=640, uaProfUrl=, enabledMMS=true, enabledNotifyWapMMSC=false, sendMultipartSmsAsSeparateMessages=false, enableMultipartSMS=true}] from resources+system for subId=1
12-17 16:46:09.890  2360  2446 I MessagingAppDataModel: SyncMessagesAction: Starting batch for messages from -1 to 1450399568510 (message update limit = 80, message scan limit = 4000)
12-17 16:46:10.070  2360  2370 W art     : Suspending all threads took: 10ms
12-17 16:46:10.100  2322  2322 V AlarmClock: AlarmInitReceiver android.intent.action.TIME_SET
12-17 16:46:10.180  2322  2344 V AlarmClock: AlarmInitReceiver finished
12-17 16:46:10.330  2360  2450 I MessagingAppDataModel: SyncMessagesAction: All messages now in sync
12-17 16:46:10.380  2230  2238 W CursorWrapperInner: Cursor finalized without prior close()
12-17 16:46:10.590  2150  2150 W Launcher: setApplicationContext called twice! old=android.app.Application@de294d7 new=android.app.Application@de294d7
12-17 16:46:10.610  1426  2147 I ActivityManager: Start proc 2454:com.android.quicksearchbox/u0a42 for broadcast com.android.quicksearchbox/.SearchWidgetProvider
12-17 16:46:10.670  1426  2149 D CountryDetector: The first listener is added
12-17 16:46:11.250  1426  1442 I ActivityManager: Waited long enough for: ServiceRecord{6f08c60 u0 com.android.providers.media/.MediaScannerService}
12-17 16:46:11.880  2454  2454 W System  : ClassLoader referenced unknown path: /system/app/QuickSearchBox/lib/x86_64
12-17 16:46:12.120  2230  2230 D AlertReceiver: onReceive: a=android.intent.action.PROVIDER_CHANGED Intent { act=android.intent.action.PROVIDER_CHANGED dat=content://com.android.calendar flg=0x10 cmp=com.android.calendar/.alerts.AlertReceiver }
12-17 16:46:13.230  2230  2469 D AlertService: 0 Action = android.intent.action.PROVIDER_CHANGED
12-17 16:46:13.400  1426  1442 I ActivityManager: Waited long enough for: ServiceRecord{b478778 u0 com.android.calendar/.alerts.InitAlarmsService}
12-17 16:46:13.820  1426  2148 W MountService: No primary storage defined yet; hacking together a stub
12-17 16:46:13.820  2032  2317 W MediaProvider: Missing volume for /system/media/audio/notifications; assuming invalid
12-17 16:46:13.860  1426  1581 W MountService: No primary storage defined yet; hacking together a stub
12-17 16:46:13.860  2032  2317 W MediaProvider: Missing volume for /system/media/audio/alarms/Alarm_Rooster_02.ogg; assuming invalid
12-17 16:46:13.860  1426  1659 W MountService: No primary storage defined yet; hacking together a stub
12-17 16:46:13.860  2032  2317 W MediaProvider: Missing volume for /system/media/audio/alarms/Argon.ogg; assuming invalid
12-17 16:46:13.870  1426  1437 W MountService: No primary storage defined yet; hacking together a stub
12-17 16:46:13.870  2032  2317 W MediaProvider: Missing volume for /system/media/audio/alarms/Barium.ogg; assuming invalid
12-17 16:46:13.870  1426  2147 W MountService: No primary storage defined yet; hacking together a stub
12-17 16:46:13.870  2032  2317 W MediaProvider: Missing volume for /system/media/audio/alarms/Carbon.ogg; assuming invalid
12-17 16:46:13.870  1426  1593 W MountService: No primary storage defined yet; hacking together a stub
12-17 16:46:13.870  2032  2317 W MediaProvider: Missing volume for /system/media/audio/alarms/Cesium.ogg; assuming invalid
12-17 16:46:13.870  1426  1581 W MountService: No primary storage defined yet; hacking together a stub
12-17 16:46:13.870  2032  2317 W MediaProvider: Missing volume for /system/media/audio/alarms/Fermium.ogg; assuming invalid
12-17 16:46:13.880  1426  1659 W MountService: No primary storage defined yet; hacking together a stub
12-17 16:46:13.880  2032  2317 W MediaProvider: Missing volume for /system/media/audio/alarms/Hassium.ogg; assuming invalid
12-17 16:46:13.880  1426  1437 W MountService: No primary storage defined yet; hacking together a stub
12-17 16:46:13.880  2032  2317 W MediaProvider: Missing volume for /system/media/audio/alarms/Helium.ogg; assuming invalid
12-17 16:46:13.880  1426  2147 W MountService: No primary storage defined yet; hacking together a stub
12-17 16:46:13.880  2032  2317 W MediaProvider: Missing volume for /system/media/audio/alarms/Krypton.ogg; assuming invalid
12-17 16:46:13.880  1426  1593 W MountService: No primary storage defined yet; hacking together a stub
12-17 16:46:13.880  2032  2317 W MediaProvider: Missing volume for /system/media/audio/alarms/Neon.ogg; assuming invalid
12-17 16:46:13.880  1426  1581 W MountService: No primary storage defined yet; hacking together a stub
12-17 16:46:13.880  2032  2317 W MediaProvider: Missing volume for /system/media/audio/alarms/Neptunium.ogg; assuming invalid
12-17 16:46:13.890  1426  1659 W MountService: No primary storage defined yet; hacking together a stub
12-17 16:46:13.890  2032  2317 W MediaProvider: Missing volume for /system/media/audio/alarms/Nobelium.ogg; assuming invalid
12-17 16:46:13.890  1426  1437 W MountService: No primary storage defined yet; hacking together a stub
12-17 16:46:13.890  2032  2317 W MediaProvider: Missing volume for /system/media/audio/alarms/Osmium.ogg; assuming invalid
12-17 16:46:13.890  1426  2147 W MountService: No primary storage defined yet; hacking together a stub
12-17 16:46:13.890  2032  2317 W MediaProvider: Missing volume for /system/media/audio/alarms/Oxygen.ogg; assuming invalid
12-17 16:46:13.890  1426  1593 W MountService: No primary storage defined yet; hacking together a stub
12-17 16:46:13.890  2032  2317 W MediaProvider: Missing volume for /system/media/audio/alarms/Platinum.ogg; assuming invalid
12-17 16:46:13.890  1426  1581 W MountService: No primary storage defined yet; hacking together a stub
12-17 16:46:13.890  2032  2317 W MediaProvider: Missing volume for /system/media/audio/alarms/Plutonium.ogg; assuming invalid
12-17 16:46:13.900  1426  1659 W MountService: No primary storage defined yet; hacking together a stub
