12-17 16:44:33.590  1426  1426 W PackageManager: Not granting permission android.permission.ACCESS_DOWNLOAD_MANAGER to package com.android.browser (protectionLevel=18 flags=0x3809be45)
12-17 16:44:33.590  1426  1426 W PackageManager: Not granting permission android.permission.SEND_DOWNLOAD_COMPLETED_INTENTS to package com.android.browser (protectionLevel=2 flags=0x3809be45)
12-17 16:44:33.590  1426  1426 W PackageManager: Unknown permission com.android.launcher.permission.READ_SETTINGS in package com.android.launcher3
12-17 16:44:33.590  1426  1426 W PackageManager: Unknown permission com.android.launcher.permission.WRITE_SETTINGS in package com.android.launcher3
12-17 16:44:33.590  1426  1426 W PackageManager: Unknown permission com.google.android.googleapps.permission.GOOGLE_AUTH.mail in package com.android.calendar
12-17 16:44:33.590  1426  1426 W PackageManager: Not granting permission android.permission.DELETE_PACKAGES to package com.svox.pico (protectionLevel=18 flags=0x3808be45)
12-17 16:44:33.590  1426  1426 W PackageManager: Unknown permission com.google.android.googleapps.permission.GOOGLE_AUTH in package com.android.settings
12-17 16:44:33.590  1426  1426 W PackageManager: Unknown permission com.android.launcher.permission.READ_SETTINGS in package com.android.settings
12-17 16:44:33.590  1426  1426 W PackageManager: Unknown permission com.android.launcher.permission.WRITE_SETTINGS in package com.android.settings
12-17 16:44:33.590  1426  1426 W PackageManager: Unknown permission com.android.smspush.WAPPUSH_MANAGER_BIND in package com.android.phone
12-17 16:44:33.590  1426  1426 W PackageManager: Unknown permission com.google.android.googleapps.permission.ACCESS_GOOGLE_PASSWORD in package com.android.development
12-17 16:44:33.590  1426  1426 W PackageManager: Unknown permission com.google.android.googleapps.permission.GOOGLE_AUTH in package com.android.development
12-17 16:44:33.590  1426  1426 W PackageManager: Unknown permission com.google.android.googleapps.permission.GOOGLE_AUTH.ALL_SERVICES in package com.android.development
12-17 16:44:33.590  1426  1426 W PackageManager: Unknown permission com.google.android.googleapps.permission.GOOGLE_AUTH.YouTubeUser in package com.android.development
12-17 16:44:33.590  1426  1426 W PackageManager: Not granting permission android.permission.BIND_APPWIDGET to package com.android.widgetpreview (protectionLevel=18 flags=0x1808be44)
12-17 16:44:33.730  1426  1426 I art     : Starting a blocking GC Explicit
12-17 16:44:33.790  1426  1426 I art     : Explicit concurrent mark sweep GC freed 20659(1314KB) AllocSpace objects, 8(220KB) LOS objects, 33% free, 3MB/4MB, paused 0 total 60ms
12-17 16:44:33.790  1426  1426 I SystemServer: User Service
12-17 16:44:33.930   997   997 I lowmemorykiller: ActivityManager connected
12-17 16:44:33.930  1426  1426 D SensorService: nuSensorService starting...
12-17 16:44:33.970  1426  1426 I SystemServiceManager: Starting com.android.server.BatteryService
12-17 16:44:33.980  1426  1496 D SensorService: nuSensorService thread starting...
12-17 16:44:33.980  1426  1495 D SensorService: new thread SensorEventAckReceiver
12-17 16:44:34.020  1426  1442 E KernelCpuSpeedReader: Failed to read cpu-freq
12-17 16:44:34.020  1426  1442 E KernelCpuSpeedReader: java.io.FileNotFoundException: /sys/devices/system/cpu/cpu0/cpufreq/stats/time_in_state: open failed: ENOENT (No such file or directory)
12-17 16:44:34.020  1426  1442 E KernelCpuSpeedReader: 	at libcore.io.IoBridge.open(IoBridge.java:452)
12-17 16:44:34.020  1426  1442 E KernelCpuSpeedReader: 	at java.io.FileInputStream.<init>(FileInputStream.java:76)
12-17 16:44:34.020  1426  1442 E KernelCpuSpeedReader: 	at java.io.FileInputStream.<init>(FileInputStream.java:103)
12-17 16:44:34.020  1426  1442 E KernelCpuSpeedReader: 	at java.io.FileReader.<init>(FileReader.java:66)
12-17 16:44:34.020  1426  1442 E KernelCpuSpeedReader: 	at com.android.internal.os.KernelCpuSpeedReader.readDelta(KernelCpuSpeedReader.java:49)
12-17 16:44:34.020  1426  1442 E KernelCpuSpeedReader: 	at com.android.internal.os.BatteryStatsImpl.updateCpuTimeLocked(BatteryStatsImpl.java:8002)
12-17 16:44:34.020  1426  1442 E KernelCpuSpeedReader: 	at com.android.internal.os.BatteryStatsImpl$MyHandler.handleMessage(BatteryStatsImpl.java:155)
12-17 16:44:34.020  1426  1442 E KernelCpuSpeedReader: 	at android.os.Handler.dispatchMessage(Handler.java:102)
12-17 16:44:34.020  1426  1442 E KernelCpuSpeedReader: 	at android.os.Looper.loop(Looper.java:148)
12-17 16:44:34.020  1426  1442 E KernelCpuSpeedReader: 	at android.os.HandlerThread.run(HandlerThread.java:61)
12-17 16:44:34.020  1426  1442 E KernelCpuSpeedReader: 	at com.android.server.ServiceThread.run(ServiceThread.java:46)
12-17 16:44:34.020  1426  1442 E KernelCpuSpeedReader: Caused by: android.system.ErrnoException: open failed: ENOENT (No such file or directory)
12-17 16:44:34.020  1426  1442 E KernelCpuSpeedReader: 	at libcore.io.Posix.open(Native Method)
12-17 16:44:34.020  1426  1442 E KernelCpuSpeedReader: 	at libcore.io.BlockGuardOs.open(BlockGuardOs.java:186)
12-17 16:44:34.020  1426  1442 E KernelCpuSpeedReader: 	at libcore.io.IoBridge.open(IoBridge.java:438)
12-17 16:44:34.020  1426  1442 E KernelCpuSpeedReader: 	... 10 more
12-17 16:44:34.020  1426  1442 E KernelUidCpuTimeReader: Failed to read uid_cputime
12-17 16:44:34.020  1426  1442 E KernelUidCpuTimeReader: java.io.FileNotFoundException: /proc/uid_cputime/show_uid_stat: open failed: ENOENT (No such file or directory)
12-17 16:44:34.020  1426  1442 E KernelUidCpuTimeReader: 	at libcore.io.IoBridge.open(IoBridge.java:452)
12-17 16:44:34.020  1426  1442 E KernelUidCpuTimeReader: 	at java.io.FileInputStream.<init>(FileInputStream.java:76)
12-17 16:44:34.020  1426  1442 E KernelUidCpuTimeReader: 	at java.io.FileInputStream.<init>(FileInputStream.java:103)
12-17 16:44:34.020  1426  1442 E KernelUidCpuTimeReader: 	at java.io.FileReader.<init>(FileReader.java:66)
12-17 16:44:34.020  1426  1442 E KernelUidCpuTimeReader: 	at com.android.internal.os.KernelUidCpuTimeReader.readDelta(KernelUidCpuTimeReader.java:71)
12-17 16:44:34.020  1426  1442 E KernelUidCpuTimeReader: 	at com.android.internal.os.BatteryStatsImpl.updateCpuTimeLocked(BatteryStatsImpl.java:8031)
12-17 16:44:34.020  1426  1442 E KernelUidCpuTimeReader: 	at com.android.internal.os.BatteryStatsImpl$MyHandler.handleMessage(BatteryStatsImpl.java:155)
12-17 16:44:34.020  1426  1442 E KernelUidCpuTimeReader: 	at android.os.Handler.dispatchMessage(Handler.java:102)
12-17 16:44:34.020  1426  1442 E KernelUidCpuTimeReader: 	at android.os.Looper.loop(Looper.java:148)
12-17 16:44:34.020  1426  1442 E KernelUidCpuTimeReader: 	at android.os.HandlerThread.run(HandlerThread.java:61)
12-17 16:44:34.020  1426  1442 E KernelUidCpuTimeReader: 	at com.android.server.ServiceThread.run(ServiceThread.java:46)
12-17 16:44:34.020  1426  1442 E KernelUidCpuTimeReader: Caused by: android.system.ErrnoException: open failed: ENOENT (No such file or directory)
12-17 16:44:34.020  1426  1442 E KernelUidCpuTimeReader: 	at libcore.io.Posix.open(Native Method)
12-17 16:44:34.020  1426  1442 E KernelUidCpuTimeReader: 	at libcore.io.BlockGuardOs.open(BlockGuardOs.java:186)
12-17 16:44:34.020  1426  1442 E KernelUidCpuTimeReader: 	at libcore.io.IoBridge.open(IoBridge.java:438)
12-17 16:44:34.020  1426  1442 E KernelUidCpuTimeReader: 	... 10 more
12-17 16:44:34.030  1426  1426 I SystemServiceManager: Starting com.android.server.usage.UsageStatsService
12-17 16:44:34.200  1426  1426 I UsageStatsDatabase: Upgrading from version 0 to 3
12-17 16:44:34.200  1426  1426 I UsageStatsDatabase: Deleting all usage stats files
12-17 16:44:34.220  1426  1426 I UsageStatsService: User[0] Rollover scheduled @ 2015-12-19 00:00:00(1450483200000)
12-17 16:44:34.240  1426  1426 I UsageStatsService: User[0] Flushing usage stats to disk
12-17 16:44:34.370  1426  1426 I SystemServiceManager: Starting com.android.server.webkit.WebViewUpdateService
12-17 16:44:34.400  1426  1426 I SystemServer: Reading configuration...
12-17 16:44:34.400  1426  1426 I SystemServer: Scheduling Policy
12-17 16:44:34.400  1426  1426 I SystemServiceManager: Starting com.android.server.telecom.TelecomLoaderService
12-17 16:44:34.430  1426  1426 I SystemServer: Telephony Registry
12-17 16:44:34.430  1426  1426 I SystemServer: Entropy Mixer
12-17 16:44:34.430  1426  1426 W EntropyMixer: No existing entropy file -- first boot?
12-17 16:44:34.430  1426  1426 I EntropyMixer: Writing entropy...
12-17 16:44:34.490  1426  1426 I SystemServer: Camera Service
12-17 16:44:34.490  1426  1426 I SystemServiceManager: Starting com.android.server.camera.CameraService
12-17 16:44:34.610  1426  1499 I ServiceThread: Enabled StrictMode logging for CameraService_proxy looper.
12-17 16:44:34.610  1426  1426 I SystemServer: Account Manager
12-17 16:44:34.660  1426  1426 I SystemServer: Content Manager
12-17 16:44:34.700  1426  1426 I SystemServer: System Content Providers
12-17 16:44:34.700  1426  1426 W System  : ClassLoader referenced unknown path: /system/priv-app/SettingsProvider/lib/x86_64
12-17 16:44:35.250  1426  1426 D SettingsProvider: Generated and saved new ANDROID_ID [ca46a9a479fe9cb8] for user 0
12-17 16:44:35.610  1426  1426 I SystemServer: Vibrator Service
12-17 16:44:35.620  1426  1426 I SystemServer: Consumer IR Service
12-17 16:44:35.620  1426  1426 E ConsumerIrService: Can't open consumer IR HW Module, error: -2
12-17 16:44:35.620  1426  1426 I SystemServiceManager: Starting com.android.server.AlarmManagerService
12-17 16:44:35.620  1426  1426 W AlarmManagerService: no wall clock RTC found
12-17 16:44:35.620  1426  1426 I SystemServer: Init Watchdog
12-17 16:44:35.620  1426  1426 I SystemServer: Input Manager
12-17 16:44:35.620  1426  1426 I InputManager: Initializing input manager, mUseDevInputEventForAudioJack=false
12-17 16:44:35.700  1426  1426 I SystemServer: Window Manager
12-17 16:44:36.000  1426  1447 I WindowManager: No existing display settings /data/system/display_settings.xml; starting empty
12-17 16:44:36.340  1426  1436 W art     : Suspending all threads took: 70ms
12-17 16:44:36.340  1426  1436 I art     : Background sticky concurrent mark sweep GC freed 6752(785KB) AllocSpace objects, 5(100KB) LOS objects, 21% free, 3MB/4MB, paused 70ms total 300ms
12-17 16:44:36.340  1426  1441 I SyncManager: No initial accounts
12-17 16:44:36.340  1426  1441 I SyncManager: No initial status
12-17 16:44:36.340  1426  1441 I SyncManager: No initial statistics
12-17 16:44:36.550  1426  1426 I InputManager: Starting input manager
12-17 16:44:36.550  1426  1426 I SystemServer: No Bluetooh Service (emulator)
12-17 16:44:36.550  1426  1426 I SystemServer: Input Method Service
12-17 16:44:36.560  1426  1506 E EventHub: could not get driver version for /dev/input/mouse0, Not a typewriter
12-17 16:44:36.950  1426  1506 W EventHub: Unable to disable kernel key repeat for /dev/input/event0: Function not implemented
12-17 16:44:36.950  1426  1506 I EventHub: New device: id=1, fd=73, path='/dev/input/event0', name='qwerty2', classes=0x7, configuration='/system/usr/idc/qwerty2.idc', keyLayout='/system/usr/keylayout/qwerty.kl', keyCharacterMap='/system/usr/keychars/qwerty2.kcm', builtinKeyboard=true, wakeMechanism=EPOLLWAKEUP, usingClockIoctl=true
12-17 16:44:36.950  1426  1506 E EventHub: could not get driver version for /dev/input/mice, Not a typewriter
12-17 16:44:37.270  1426  1506 I InputReader: Device added: id=-1, name='Virtual', sources=0x00000301
12-17 16:44:37.320  1426  1506 I InputReader:   Touch device 'qwerty2' could not query the properties of its associated display.  The device will be inoperable until the display size becomes available.
12-17 16:44:37.320  1426  1506 I InputReader: Device added: id=0, name='qwerty2', sources=0x00001103
12-17 16:44:37.330  1426  1426 W InputMethodManagerService: No IME selected. Choose the most applicable IME.
12-17 16:44:37.330  1426  1426 I InputMethodManagerService: Default found, using com.android.inputmethod.latin/.LatinIME
12-17 16:44:37.400  1426  1426 I SystemServer: Accessibility Manager
12-17 16:44:37.450  1426  1426 I ActivityManager: Config changes=1df8 {1.0 ?mcc?mnc en_US ldltr sw600dp w600dp h961dp 213dpi lrg port ?uimode ?night -touch qwerty/v/v -nav/h s.2}
12-17 16:44:37.510   999   999 E SurfaceFlinger: ro.sf.lcd_density must be defined as a build property
12-17 16:44:37.510   999   999 D SurfaceFlinger: Set active config mode=0, type=0 flinger=0x7f0452bc3c00
12-17 16:44:37.510   999   999 D SurfaceFlinger: Screen type=0 is already mode=0
12-17 16:44:37.520  1426  1506 I InputReader: Reconfiguring input devices.  changes=0x00000004
12-17 16:44:37.520  1426  1506 I InputReader: Device reconfigured: id=0, name='qwerty2', size 800x1280, orientation 0, mode 1, display id 0
12-17 16:44:37.580  1426  1426 I ActivityManager: Config changes=408 {1.0 ?mcc?mnc en_US ldltr sw600dp w600dp h889dp 213dpi lrg port ?uimode ?night finger qwerty/v/v -nav/h s.3}
12-17 16:44:37.600  1426  1426 I SystemServiceManager: Starting com.android.server.MountService$Lifecycle
12-17 16:44:37.680  1426  1426 I SystemServiceManager: Starting com.android.server.UiModeManagerService
12-17 16:44:37.680  1426  1426 I ActivityManager: Config changes=200 {1.0 ?mcc?mnc en_US ldltr sw600dp w600dp h889dp 213dpi lrg port finger qwerty/v/v -nav/h s.4}
12-17 16:44:37.680  1426  1426 W PackageManager: No disk maintenance in 1450399477680; running immediately
12-17 16:44:37.730  1426  1426 I PackageManager.DexOptimizer: Running dexopt (dex2oat) on: /data/app/SmokeTestApp/SmokeTestApp.apk pkg=com.android.smoketest isa=x86_64 vmSafeMode=false debuggable=false oatDir = /data/app/SmokeTestApp/oat
12-17 16:44:37.750  1426  1509 I MountService: fstrim requested, but no daemon connection yet; trying again
12-17 16:44:37.750  1426  1509 D MountService: Thinking about reset, mSystemReady=false, mDaemonConnected=true
12-17 16:44:37.760  1426  1509 D MountService: Thinking about reset, mSystemReady=false, mDaemonConnected=true
12-17 16:44:37.760  1426  1509 D CryptdConnector: SND -> {1 cryptfs getfield SystemLocale}
12-17 16:44:37.760   986  1050 I Ext4Crypt: ext4 crypto complete called on /data
12-17 16:44:37.760   986  1050 I Ext4Crypt: No master key, so not ext4enc
12-17 16:44:37.760  1426  1511 D CryptdConnector: RCV <- {200 1 -1}
12-17 16:44:37.760  1426  1509 W MountService: No primary storage mounted!
12-17 16:44:37.760  1426  1509 D VoldConnector: SND -> {1 asec list}
12-17 16:44:37.760  1426  1510 D VoldConnector: RCV <- {200 1 asec operation succeeded}
12-17 16:44:37.760  1426  1509 I PackageManager: No secure containers found
12-17 16:44:37.760  1426  1509 W PackageManager: Unknown permission com.google.android.googleapps.permission.GOOGLE_AUTH in package com.android.providers.calendar
12-17 16:44:37.760  1426  1509 W PackageManager: Unknown permission com.google.android.googleapps.permission.GOOGLE_AUTH.cl in package com.android.providers.calendar
12-17 16:44:37.760  1426  1509 W PackageManager: Not granting permission android.permission.GLOBAL_SEARCH to package com.android.quicksearchbox (protectionLevel=18 flags=0x3888be45)
12-17 16:44:37.760  1426  1509 W PackageManager: Not granting permission android.permission.ACCESS_DOWNLOAD_MANAGER to package com.android.browser (protectionLevel=18 flags=0x3889be45)
12-17 16:44:37.760  1426  1509 W PackageManager: Not granting permission android.permission.SEND_DOWNLOAD_COMPLETED_INTENTS to package com.android.browser (protectionLevel=2 flags=0x3889be45)
12-17 16:44:37.760  1426  1509 W PackageManager: Unknown permission com.android.launcher.permission.READ_SETTINGS in package com.android.launcher3
12-17 16:44:37.760  1426  1509 W PackageManager: Unknown permission com.android.launcher.permission.WRITE_SETTINGS in package com.android.launcher3
12-17 16:44:37.760  1426  1509 W PackageManager: Unknown permission com.google.android.googleapps.permission.GOOGLE_AUTH.mail in package com.android.calendar
12-17 16:44:37.760  1426  1509 W PackageManager: Not granting permission android.permission.DELETE_PACKAGES to package com.svox.pico (protectionLevel=18 flags=0x3888be45)
12-17 16:44:37.760  1426  1509 W PackageManager: Not granting permission android.permission.READ_CONTACTS to package com.example.android.apis because it was previously installed without
12-17 16:44:37.760  1426  1509 W PackageManager: Not granting permission android.permission.WRITE_CONTACTS to package com.example.android.apis because it was previously installed without
12-17 16:44:37.760  1426  1509 W PackageManager: Not granting permission android.permission.ACCESS_COARSE_LOCATION to package com.example.android.apis because it was previously installed without
12-17 16:44:37.760  1426  1509 W PackageManager: Not granting permission android.permission.WRITE_EXTERNAL_STORAGE to package com.example.android.apis because it was previously installed without
12-17 16:44:37.760  1426  1509 W PackageManager: Not granting permission android.permission.SEND_SMS to package com.example.android.apis because it was previously installed without
12-17 16:44:37.760  1426  1509 W PackageManager: Not granting permission android.permission.RECEIVE_SMS to package com.example.android.apis because it was previously installed without
12-17 16:44:37.760  1426  1509 W PackageManager: Not granting permission android.permission.RECEIVE_MMS to package com.example.android.apis because it was previously installed without
12-17 16:44:37.760  1426  1509 W PackageManager: Not granting permission android.permission.READ_SMS to package com.example.android.apis because it was previously installed without
12-17 16:44:37.760  1426  1509 W PackageManager: Not granting permission android.permission.READ_PHONE_STATE to package com.example.android.apis because it was previously installed without
12-17 16:44:37.760  1426  1509 W PackageManager: Not granting permission android.permission.RECORD_AUDIO to package com.example.android.apis because it was previously installed without
12-17 16:44:37.760  1426  1509 W PackageManager: Not granting permission android.permission.CAMERA to package com.example.android.apis because it was previously installed without
12-17 16:44:37.760  1426  1509 W PackageManager: Not granting permission android.permission.READ_EXTERNAL_STORAGE to package com.example.android.apis because it was previously installed without
12-17 16:44:37.760  1426  1509 W PackageManager: Unknown permission com.google.android.googleapps.permission.GOOGLE_AUTH in package com.android.settings
12-17 16:44:37.760  1426  1509 W PackageManager: Unknown permission com.android.launcher.permission.READ_SETTINGS in package com.android.settings
12-17 16:44:37.760  1426  1509 W PackageManager: Unknown permission com.android.launcher.permission.WRITE_SETTINGS in package com.android.settings
12-17 16:44:37.760  1426  1509 W PackageManager: Unknown permission com.android.smspush.WAPPUSH_MANAGER_BIND in package com.android.phone
12-17 16:44:37.760  1426  1509 W PackageManager: Unknown permission com.google.android.googleapps.permission.ACCESS_GOOGLE_PASSWORD in package com.android.development
12-17 16:44:37.760  1426  1509 W PackageManager: Unknown permission com.google.android.googleapps.permission.GOOGLE_AUTH in package com.android.development
12-17 16:44:37.760  1426  1509 W PackageManager: Unknown permission com.google.android.googleapps.permission.GOOGLE_AUTH.ALL_SERVICES in package com.android.development
12-17 16:44:37.760  1426  1509 W PackageManager: Unknown permission com.google.android.googleapps.permission.GOOGLE_AUTH.YouTubeUser in package com.android.development
12-17 16:44:37.760  1426  1509 W PackageManager: Not granting permission android.permission.BIND_APPWIDGET to package com.android.widgetpreview (protectionLevel=18 flags=0x1808be44)
12-17 16:44:38.070  1426  1509 W MountService: No primary storage defined yet; hacking together a stub
12-17 16:44:38.090  1426  1509 W MountService: No primary storage defined yet; hacking together a stub
12-17 16:44:38.090  1426  1509 W MountService: No primary storage mounted!
12-17 16:44:38.090  1426  1509 D VoldConnector: SND -> {2 asec list}
12-17 16:44:38.090  1426  1510 D VoldConnector: RCV <- {200 2 asec operation succeeded}
12-17 16:44:38.760  1426  1509 I MountService: Running fstrim idle maintenance
12-17 16:44:38.760  1426  1509 D VoldConnector: SND -> {3 fstrim dotrim}
12-17 16:44:38.760  1426  1510 D VoldConnector: RCV <- {200 3 Command succeeded}
12-17 16:44:38.800   986  1513 D vold    : Starting trim of /data
12-17 16:44:38.800   986  1513 W vold    : Trim failed on /data: Operation not supported on transport endpoint
12-17 16:44:38.800  1426  1510 D VoldConnector: RCV <- {662 /data -1 -1}
12-17 16:44:38.800  1426  1444 E VoldConnector: Error handling '662 /data -1 -1': java.lang.NullPointerException: Attempt to invoke virtual method 'void android.os.DropBoxManager.addText(java.lang.String, java.lang.String)' on a null object reference
12-17 16:44:38.800   986  1513 D vold    : Starting trim of /cache
12-17 16:44:38.800   986  1513 W vold    : Trim failed on /cache: Operation not supported on transport endpoint
12-17 16:44:38.800  1426  1510 D VoldConnector: RCV <- {662 /cache -1 -1}
12-17 16:44:38.800  1426  1444 E VoldConnector: Error handling '662 /cache -1 -1': java.lang.NullPointerException: Attempt to invoke virtual method 'void android.os.DropBoxManager.addText(java.lang.String, java.lang.String)' on a null object reference
12-17 16:44:38.930  1512  1512 W dex2oat : Unexpected CPU variant for X86 using defaults: x86_64
12-17 16:44:38.980  1512  1512 I dex2oat : Starting dex2oat.
12-17 16:44:38.980  1512  1512 E cutils-trace: Error opening trace file: Permission denied (13)
12-17 16:44:39.300  1512  1512 W dex2oat : Compilation of void com.android.smoketest.SmokeTestActivity.<init>() took 150ms
12-17 16:44:39.490  1512  1512 I dex2oat : dex2oat took 560ms (threads: 1) arena alloc=36KB java alloc=51KB native alloc=954KB free=581KB
12-17 16:44:39.600  1426  1426 I PackageManager.DexOptimizer: Running dexopt (dex2oat) on: /data/app/ApiDemos/ApiDemos.apk pkg=com.example.android.apis isa=x86_64 vmSafeMode=false debuggable=false oatDir = /data/app/ApiDemos/oat
12-17 16:44:39.650  1517  1517 W dex2oat : Unexpected CPU variant for X86 using defaults: x86_64
12-17 16:44:39.650  1517  1517 I dex2oat : Starting dex2oat.
12-17 16:44:39.650  1517  1517 E cutils-trace: Error opening trace file: Permission denied (13)
12-17 16:44:40.470  1517  1517 W dex2oat : Verification of android.support.v4.media.MediaMetadataCompat android.support.v4.media.MediaMetadataCompat$Builder.build() took 130ms
12-17 16:44:41.670  1517  1517 W dex2oat : Compilation of void android.support.v4.app.ActionBarDrawerToggleHoneycomb$SetIndicatorInfo.<init>(android.app.Activity) took 110ms
12-17 16:44:44.370  1517  1517 W dex2oat : Compilation of java.lang.Object android.support.v4.util.MapCollections$ArrayIterator.next() took 680ms
12-17 16:44:46.580  1517  1517 W dex2oat : No verified method for method calling String.<init>: void android.provider.SearchRecentSuggestions.<init>(android.content.Context, java.lang.String, int)
12-17 16:44:46.580  1517  1517 W dex2oat : No verified method for method calling String.<init>: void android.provider.SearchRecentSuggestions.<init>(android.content.Context, java.lang.String, int)
12-17 16:44:46.580  1517  1517 W dex2oat : No verified method for method calling String.<init>: void android.provider.SearchRecentSuggestions.<init>(android.content.Context, java.lang.String, int)
12-17 16:44:46.580  1517  1517 W dex2oat : No verified method for method calling String.<init>: void android.provider.SearchRecentSuggestions.<init>(android.content.Context, java.lang.String, int)
12-17 16:44:46.580  1517  1517 W dex2oat : No verified method for method calling String.<init>: void android.provider.SearchRecentSuggestions.<init>(android.content.Context, java.lang.String, int)
12-17 16:44:51.250  1517  1517 I dex2oat : dex2oat took 11.600s (threads: 1) arena alloc=2MB java alloc=10MB native alloc=10MB free=2MB
12-17 16:44:51.390  1426  1426 I PackageManager.DexOptimizer: Running dexopt (dex2oat) on: /data/app/SoftKeyboard/SoftKeyboard.apk pkg=com.example.android.softkeyboard isa=x86_64 vmSafeMode=false debuggable=false oatDir = /data/app/SoftKeyboard/oat
12-17 16:44:51.400  1525  1525 W dex2oat : Unexpected CPU variant for X86 using defaults: x86_64
12-17 16:44:51.400  1525  1525 I dex2oat : Starting dex2oat.
12-17 16:44:51.400  1525  1525 E cutils-trace: Error opening trace file: Permission denied (13)
12-17 16:44:51.570  1525  1525 I dex2oat : dex2oat took 170ms (threads: 1) arena alloc=388KB java alloc=205KB native alloc=1241KB free=806KB
12-17 16:44:51.570  1426  1426 I PackageManager.DexOptimizer: Running dexopt (dex2oat) on: /data/app/CubeLiveWallpapers/CubeLiveWallpapers.apk pkg=com.example.android.livecubes isa=x86_64 vmSafeMode=false debuggable=false oatDir = /data/app/CubeLiveWallpapers/oat
12-17 16:44:51.610  1527  1527 W dex2oat : Unexpected CPU variant for X86 using defaults: x86_64
12-17 16:44:51.610  1527  1527 I dex2oat : Starting dex2oat.
12-17 16:44:51.610  1527  1527 E cutils-trace: Error opening trace file: Permission denied (13)
12-17 16:44:51.700  1527  1527 I dex2oat : dex2oat took 90ms (threads: 1) arena alloc=143KB java alloc=68KB native alloc=1237KB free=554KB
12-17 16:44:51.710  1426  1426 I PackageManager.DexOptimizer: Running dexopt (dex2oat) on: /data/app/SmokeTest/SmokeTest.apk pkg=com.android.smoketest.tests isa=x86_64 vmSafeMode=false debuggable=false oatDir = /data/app/SmokeTest/oat
12-17 16:44:51.710  1529  1529 W dex2oat : Unexpected CPU variant for X86 using defaults: x86_64
12-17 16:44:51.710  1529  1529 I dex2oat : Starting dex2oat.
12-17 16:44:51.710  1529  1529 E cutils-trace: Error opening trace file: Permission denied (13)
12-17 16:44:51.800  1529  1529 I dex2oat : dex2oat took 90ms (threads: 1) arena alloc=54KB java alloc=41KB native alloc=1073KB free=462KB
12-17 16:44:51.800  1426  1426 I PackageManager.DexOptimizer: Running dexopt (dex2oat) on: /data/app/WidgetPreview/WidgetPreview.apk pkg=com.android.widgetpreview isa=x86_64 vmSafeMode=false debuggable=false oatDir = /data/app/WidgetPreview/oat
12-17 16:44:51.840  1531  1531 W dex2oat : Unexpected CPU variant for X86 using defaults: x86_64
12-17 16:44:51.840  1531  1531 I dex2oat : Starting dex2oat.
12-17 16:44:51.840  1531  1531 E cutils-trace: Error opening trace file: Permission denied (13)
12-17 16:44:51.880  1531  1531 I dex2oat : dex2oat took 40ms (threads: 1) arena alloc=143KB java alloc=75KB native alloc=1081KB free=454KB
12-17 16:44:51.930  1426  1426 I PackageManager.DexOptimizer: Running dexopt (dex2oat) on: /data/app/GestureBuilder/GestureBuilder.apk pkg=com.android.gesture.builder isa=x86_64 vmSafeMode=false debuggable=false oatDir = /data/app/GestureBuilder/oat
12-17 16:44:51.940  1533  1533 W dex2oat : Unexpected CPU variant for X86 using defaults: x86_64
12-17 16:44:51.940  1533  1533 I dex2oat : Starting dex2oat.
12-17 16:44:51.940  1533  1533 E cutils-trace: Error opening trace file: Permission denied (13)
12-17 16:44:51.980  1533  1533 I dex2oat : dex2oat took 40ms (threads: 1) arena alloc=134KB java alloc=125KB native alloc=1101KB free=434KB
12-17 16:44:51.980  1426  1426 I SystemServer: LockSettingsService
12-17 16:44:51.980  1426  1426 I SystemServiceManager: Starting com.android.server.DeviceIdleController
12-17 16:44:52.030  1426  1426 I SystemServiceManager: Starting com.android.server.devicepolicy.DevicePolicyManagerService$Lifecycle
12-17 16:44:52.030  1426  1426 I SystemServer: Status Bar
12-17 16:44:52.030  1426  1426 I SystemServer: Clipboard Service
12-17 16:44:52.030  1426  1426 I SystemServer: NetworkManagement Service
12-17 16:44:52.030  1426  1426 I SystemServer: Text Service Manager Service
12-17 16:44:52.040  1426  1426 I SystemServer: Network Score Service
12-17 16:44:52.060  1426  1426 I SystemServer: NetworkStats Service
12-17 16:44:52.130  1426  1426 I SystemServer: NetworkPolicy Service
12-17 16:44:52.550  1426  1426 I SystemServiceManager: Starting com.android.server.wifi.p2p.WifiP2pService
12-17 16:44:53.020  1426  1426 I WifiP2pService: Registering wifip2p
12-17 16:44:53.020  1426  1426 I SystemServiceManager: Starting com.android.server.wifi.WifiService
12-17 16:44:53.370  1426  1426 D HS20    : Passpoint is disabled
12-17 16:44:53.560  1426  1426 D WifiController: isAirplaneModeOn = false, isWifiEnabled = false, isScanningAvailable = false
12-17 16:44:53.560  1426  1426 I WifiService: Registering wifi
12-17 16:44:53.560  1426  1426 I SystemServiceManager: Starting com.android.server.wifi.WifiScanningService
12-17 16:44:53.560  1426  1426 I WifiScanningService: Creating wifiscanner
12-17 16:44:53.560  1426  1426 I WifiScanningService: Starting wifiscanner
12-17 16:44:53.560  1426  1426 I SystemServiceManager: Starting com.android.server.wifi.RttService
12-17 16:44:53.560  1426  1426 I RttService: Creating rttmanager
12-17 16:44:53.560  1426  1426 I RttService: Starting rttmanager
12-17 16:44:53.560  1426  1426 I SystemServer: Connectivity Service
12-17 16:44:53.560  1426  1426 D ConnectivityService: ConnectivityService starting up
12-17 16:44:53.570  1426  1426 D ConnectivityService: wifiOnly=false
12-17 16:44:53.570  1426  1426 I SystemServer: Network Service Discovery Service
12-17 16:44:53.590  1426  1426 D NsdService: Network service discovery enabled true
12-17 16:44:53.600  1426  1426 I SystemServer: UpdateLock Service
12-17 16:44:53.610  1426  1426 I SystemServiceManager: Starting com.android.server.notification.NotificationManagerService
12-17 16:44:53.720  1426  1539 D WifiApConfigStore: 2G band allowed channels are:1,6,11
12-17 16:44:53.930  1426  1426 I SystemServiceManager: Starting com.android.server.storage.DeviceStorageMonitorService
12-17 16:44:53.950  1426  1426 I SystemServer: Location Manager
12-17 16:44:54.000  1426  1426 I SystemServer: Country Detector
12-17 16:44:54.000  1426  1426 I SystemServer: Search Service
12-17 16:44:54.000  1426  1426 I SystemServer: DropBox Service
12-17 16:44:54.000  1426  1426 I SystemServer: Wallpaper Service
12-17 16:44:54.000  1426  1426 W WallpaperManagerService: no current wallpaper -- first boot?
12-17 16:44:54.000  1426  1426 I SystemServer: Audio Service
12-17 16:44:54.050  1426  1426 W TelecomManager: Telecom Service not found.
12-17 16:44:54.050  1011  1147 E AudioFlinger: no wake lock to update!
12-17 16:44:54.050  1011  1149 D PermissionCache: checking android.permission.MODIFY_AUDIO_SETTINGS for uid=1000 => granted (0 us)
12-17 16:44:54.070  1426  1426 I SystemServiceManager: Starting com.android.server.DockObserver
12-17 16:44:54.070  1426  1426 W DockObserver: This kernel does not have dock station support
12-17 16:44:54.070  1426  1426 I SystemServer: Wired Accessory Manager
12-17 16:44:54.070  1426  1426 W WiredAccessoryManager: This kernel does not have wired headset support
12-17 16:44:54.070  1426  1426 W WiredAccessoryManager: This kernel does not have usb audio support
12-17 16:44:54.070  1426  1426 W WiredAccessoryManager: This kernel does not have HDMI audio support
12-17 16:44:54.070  1426  1426 I SystemServiceManager: Starting com.android.server.midi.MidiService$Lifecycle
12-17 16:44:54.070  1426  1426 I SystemServer: Serial Service
12-17 16:44:54.070  1426  1426 I SystemServiceManager: Starting com.android.server.twilight.TwilightService
12-17 16:44:54.070  1426  1426 I SystemServiceManager: Starting com.android.server.job.JobSchedulerService
12-17 16:44:54.160  1426  1426 I SystemServiceManager: Starting com.android.server.backup.BackupManagerService$Lifecycle
12-17 16:44:54.160  1426  1426 I SystemServiceManager: Starting com.android.server.appwidget.AppWidgetService
12-17 16:44:54.240  1426  1426 I SystemServiceManager: Starting com.android.server.voiceinteraction.VoiceInteractionManagerService
12-17 16:44:54.260  1011  1149 D PermissionCache: checking android.permission.CAPTURE_AUDIO_HOTWORD for uid=1000 => granted (0 us)
12-17 16:44:54.260  1426  1426 W SoundTriggerHelper: listModules status=0, # of modules=0
12-17 16:44:54.260  1426  1426 I SystemServer: DiskStats Service
12-17 16:44:54.260  1426  1426 I SystemServer: SamplingProfiler Service
12-17 16:44:54.420  1426  1426 I SystemServer: NetworkTimeUpdateService
12-17 16:44:54.420  1426  1426 I SystemServer: CommonTimeManagementService
12-17 16:44:54.420  1426  1426 I SystemServer: CertBlacklister
12-17 16:44:54.420  1426  1426 I SystemServiceManager: Starting com.android.server.dreams.DreamManagerService
12-17 16:44:54.560  1426  1426 I SystemServer: Assets Atlas Service
12-17 16:44:54.560  1426  1426 I SystemServiceManager: Starting com.android.server.print.PrintManagerService
12-17 16:44:54.560  1426  1426 I SystemServiceManager: Starting com.android.server.restrictions.RestrictionsManagerService
12-17 16:44:54.560  1426  1426 I SystemServiceManager: Starting com.android.server.media.MediaSessionService
12-17 16:44:54.560  1426  1426 I SystemServer: Media Router Service
12-17 16:44:54.560  1426  1426 I SystemServiceManager: Starting com.android.server.trust.TrustManagerService
12-17 16:44:54.560  1426  1426 I SystemServiceManager: Starting com.android.server.fingerprint.FingerprintService
12-17 16:44:54.560  1020  1020 D PermissionCache: checking android.permission.MANAGE_FINGERPRINT for uid=1000 => granted (0 us)
12-17 16:44:54.560  1020  1020 V fingerprintd: nativeOpenHal()
12-17 16:44:54.580  1426  1551 D AssetAtlas: Computing best atlas configuration...
12-17 16:44:54.620  1020  1020 D FingerprintHal: ----------------> fingerprint_open ----------------->
12-17 16:44:54.620  1020  1020 D FingerprintHal: ----------------> loadFingerprints ----------------->
12-17 16:44:54.620  1020  1020 E FingerprintHal: Could not load fingerprints from storage at /data/system/users/0/fpdata/emulator_fingerprint_storage.bin; it has not yet been created.
12-17 16:44:54.620  1020  1020 D FingerprintHal: ----------------> set_notify_callback ----------------->
12-17 16:44:54.620  1020  1020 D FingerprintHal: fingerprint callback notification set
12-17 16:44:54.620  1020  1020 V fingerprintd: fingerprint HAL successfully initialized
12-17 16:44:54.630  1020  1552 D FingerprintHal: ----------------> listenerFunction ----------------->
12-17 16:44:54.630  1426  1426 I SELinux : SELinux: Loaded file_contexts contexts from /file_contexts.
12-17 16:44:54.630  1020  1020 V fingerprintd: setActiveGroup(0, /data/system/users/0/fpdata, 27)
12-17 16:44:54.630  1020  1020 W FingerprintHal: Setting active finger group not implemented
12-17 16:44:54.630  1426  1426 V FingerprintService: Fingerprint HAL id: 140284626669568
12-17 16:44:54.630  1426  1426 I SystemServer: BackgroundDexOptService
12-17 16:44:54.630  1426  1426 I SystemServiceManager: Starting com.android.server.pm.LauncherAppsService
12-17 16:44:54.630  1426  1426 I SystemServiceManager: Starting com.android.server.media.projection.MediaProjectionManagerService
12-17 16:44:54.640  1426  1551 D AssetAtlas: Running Thread-58
12-17 16:44:54.640  1426  1551 D AssetAtlas: Found best atlas configuration (out of 80) in 0.06s
12-17 16:44:54.640  1426  1551 D AssetAtlas: Loaded configuration: SliceMinArea (832x2048) flags=0x2 count=6
12-17 16:44:54.650  1426  1551 D gralloc_goldfish: Emulator without host-side GPU emulation detected.
12-17 16:44:54.680  1426  1551 W AssetAtlasService: Could not find EGL configuration
12-17 16:44:54.680  1426  1551 D AssetAtlas: Rendered atlas in 30.00ms (30.00+0.00ms)
12-17 16:44:54.680  1426  1426 I WindowManager: SAFE MODE not enabled
12-17 16:44:54.680  1426  1426 I SystemServiceManager: Starting com.android.server.MmsServiceBroker
12-17 16:44:54.850  1426  1426 E SQLiteLog: (1) no such table: locksettings
12-17 16:44:54.860  1426  1426 I LockSettingsService: Migrated lock settings to new location
12-17 16:44:54.860  1426  1426 I LockSettingsService: Migrated per-user lock settings to new location
12-17 16:44:54.900  1426  1426 I LockSettingsService: Migrated biometric weak to use the fallback instead
12-17 16:44:54.920  1426  1426 I LockSettingsService: Migrated lockscreen disabled flag
12-17 16:44:54.920  1426  1426 E LockSettingsStorage: Cannot read file java.io.FileNotFoundException: /data/system/gatekeeper.password.key: open failed: ENOENT (No such file or directory)
12-17 16:44:54.920  1426  1426 E LockSettingsStorage: Cannot read file java.io.FileNotFoundException: /data/system/password.key: open failed: ENOENT (No such file or directory)
12-17 16:44:54.920  1426  1426 E LockSettingsStorage: Cannot read file java.io.FileNotFoundException: /data/system/gatekeeper.pattern.key: open failed: ENOENT (No such file or directory)
12-17 16:44:54.920  1426  1426 E LockSettingsStorage: Cannot read file java.io.FileNotFoundException: /data/system/gatekeeper.gesture.key: open failed: ENOENT (No such file or directory)
12-17 16:44:54.920  1426  1426 E LockSettingsStorage: Cannot read file java.io.FileNotFoundException: /data/system/gesture.key: open failed: ENOENT (No such file or directory)
12-17 16:44:54.920  1426  1426 I SystemServiceManager: Starting phase 480
12-17 16:44:54.940  1426  1426 I SystemServiceManager: Starting phase 500
12-17 16:44:55.040  1426  1426 I WifiService: WifiService starting up with Wi-Fi disabled
12-17 16:44:55.040  1426  1540 D WifiService: New client listening to asynchronous messages
12-17 16:44:55.040  1426  1426 I WifiScanningService: Registering wifiscanner
12-17 16:44:55.040  1426  1426 I RttService: Registering rttmanager
12-17 16:44:55.100  1426  1426 V BackupManagerService: No ancestral data
12-17 16:44:55.190  1426  1426 V KeyValueBackupJob: Scheduling k/v pass in 241 minutes
12-17 16:44:55.270  1426  1426 V BackupManagerService: Starting with transport android/com.android.internal.backup.LocalTransport
12-17 16:44:55.270  1426  1426 V BackupManagerService: Found transports: 1
12-17 16:44:55.400  1426  1426 I DefaultPermGrantPolicy: Granting permissions to platform components for user 0
12-17 16:44:55.400  1426  1426 D VoldConnector: SND -> {4 volume remount_uid 1001 none}
12-17 16:44:55.400   986  1049 D vold    : Remounting 1001 as mode none
12-17 16:44:55.400   986  1049 D vold    : Found matching PID 1009
12-17 16:44:55.400   986  1049 W vold    : Skipping due to root namespace
12-17 16:44:55.400  1426  1510 D VoldConnector: RCV <- {200 4 Command succeeded}
12-17 16:44:55.400  1426  1426 D VoldConnector: SND -> {5 volume remount_uid 1001 none}
12-17 16:44:55.400   986  1049 D vold    : Remounting 1001 as mode none
12-17 16:44:55.400   986  1049 D vold    : Found matching PID 1009
12-17 16:44:55.400   986  1049 W vold    : Skipping due to root namespace
12-17 16:44:55.400  1426  1510 D VoldConnector: RCV <- {200 5 Command succeeded}
12-17 16:44:55.400  1426  1426 D VoldConnector: SND -> {6 volume remount_uid 1000 none}
12-17 16:44:55.400   986  1049 D vold    : Remounting 1000 as mode none
12-17 16:44:55.400   986  1049 D vold    : Found matching PID 998
12-17 16:44:55.400   986  1049 W vold    : Skipping due to root namespace
12-17 16:44:55.400   986  1049 D vold    : Found matching PID 999
12-17 16:44:55.400   986  1049 W vold    : Skipping due to root namespace
12-17 16:44:55.400   986  1049 D vold    : Found matching PID 1016
12-17 16:44:55.400   986  1049 W vold    : Skipping due to root namespace
12-17 16:44:55.400   986  1049 D vold    : Found matching PID 1020
12-17 16:44:55.400   986  1049 W vold    : Skipping due to root namespace
12-17 16:44:55.400   986  1049 D vold    : Found matching PID 1426
12-17 16:44:55.410  1426  1449 W KeyguardServiceDelegate: onScreenTurningOn(): no keyguard service!
12-17 16:44:55.410  1426  1442 E KernelCpuSpeedReader: Failed to read cpu-freq
12-17 16:44:55.410  1426  1442 E KernelCpuSpeedReader: java.io.FileNotFoundException: /sys/devices/system/cpu/cpu0/cpufreq/stats/time_in_state: open failed: ENOENT (No such file or directory)
12-17 16:44:55.410  1426  1442 E KernelCpuSpeedReader: 	at libcore.io.IoBridge.open(IoBridge.java:452)
12-17 16:44:55.410  1426  1442 E KernelCpuSpeedReader: 	at java.io.FileInputStream.<init>(FileInputStream.java:76)
12-17 16:44:55.410  1426  1442 E KernelCpuSpeedReader: 	at java.io.FileInputStream.<init>(FileInputStream.java:103)
12-17 16:44:55.410  1426  1442 E KernelCpuSpeedReader: 	at java.io.FileReader.<init>(FileReader.java:66)
12-17 16:44:55.410  1426  1442 E KernelCpuSpeedReader: 	at com.android.internal.os.KernelCpuSpeedReader.readDelta(KernelCpuSpeedReader.java:49)
12-17 16:44:55.410  1426  1442 E KernelCpuSpeedReader: 	at com.android.internal.os.BatteryStatsImpl.updateCpuTimeLocked(BatteryStatsImpl.java:8002)
12-17 16:44:55.410  1426  1442 E KernelCpuSpeedReader: 	at com.android.internal.os.BatteryStatsImpl$MyHandler.handleMessage(BatteryStatsImpl.java:155)
12-17 16:44:55.410  1426  1442 E KernelCpuSpeedReader: 	at android.os.Handler.dispatchMessage(Handler.java:102)
12-17 16:44:55.410  1426  1442 E KernelCpuSpeedReader: 	at android.os.Looper.loop(Looper.java:148)
12-17 16:44:55.410  1426  1442 E KernelCpuSpeedReader: 	at android.os.HandlerThread.run(HandlerThread.java:61)
12-17 16:44:55.410  1426  1442 E KernelCpuSpeedReader: 	at com.android.server.ServiceThread.run(ServiceThread.java:46)
12-17 16:44:55.410  1426  1442 E KernelCpuSpeedReader: Caused by: android.system.ErrnoException: open failed: ENOENT (No such file or directory)
12-17 16:44:55.410  1426  1442 E KernelCpuSpeedReader: 	at libcore.io.Posix.open(Native Method)
12-17 16:44:55.410  1426  1442 E KernelCpuSpeedReader: 	at libcore.io.BlockGuardOs.open(BlockGuardOs.java:186)
12-17 16:44:55.410  1426  1442 E KernelCpuSpeedReader: 	at libcore.io.IoBridge.open(IoBridge.java:438)
12-17 16:44:55.410  1426  1442 E KernelCpuSpeedReader: 	... 10 more
12-17 16:44:55.410  1426  1442 E KernelUidCpuTimeReader: Failed to read uid_cputime
12-17 16:44:55.410  1426  1442 E KernelUidCpuTimeReader: java.io.FileNotFoundException: /proc/uid_cputime/show_uid_stat: open failed: ENOENT (No such file or directory)
12-17 16:44:55.410  1426  1442 E KernelUidCpuTimeReader: 	at libcore.io.IoBridge.open(IoBridge.java:452)
12-17 16:44:55.410  1426  1442 E KernelUidCpuTimeReader: 	at java.io.FileInputStream.<init>(FileInputStream.java:76)
12-17 16:44:55.410  1426  1442 E KernelUidCpuTimeReader: 	at java.io.FileInputStream.<init>(FileInputStream.java:103)
12-17 16:44:55.410  1426  1442 E KernelUidCpuTimeReader: 	at java.io.FileReader.<init>(FileReader.java:66)
12-17 16:44:55.410  1426  1442 E KernelUidCpuTimeReader: 	at com.android.internal.os.KernelUidCpuTimeReader.readDelta(KernelUidCpuTimeReader.java:71)
12-17 16:44:55.410  1426  1442 E KernelUidCpuTimeReader: 	at com.android.internal.os.BatteryStatsImpl.updateCpuTimeLocked(BatteryStatsImpl.java:8031)
12-17 16:44:55.410  1426  1442 E KernelUidCpuTimeReader: 	at com.android.internal.os.BatteryStatsImpl$MyHandler.handleMessage(BatteryStatsImpl.java:155)
12-17 16:44:55.410  1426  1442 E KernelUidCpuTimeReader: 	at android.os.Handler.dispatchMessage(Handler.java:102)
12-17 16:44:55.410  1426  1442 E KernelUidCpuTimeReader: 	at android.os.Looper.loop(Looper.java:148)
12-17 16:44:55.410  1426  1442 E KernelUidCpuTimeReader: 	at android.os.HandlerThread.run(HandlerThread.java:61)
12-17 16:44:55.410  1426  1442 E KernelUidCpuTimeReader: 	at com.android.server.ServiceThread.run(ServiceThread.java:46)
12-17 16:44:55.410  1426  1442 E KernelUidCpuTimeReader: Caused by: android.system.ErrnoException: open failed: ENOENT (No such file or directory)
12-17 16:44:55.410  1426  1442 E KernelUidCpuTimeReader: 	at libcore.io.Posix.open(Native Method)
12-17 16:44:55.410  1426  1442 E KernelUidCpuTimeReader: 	at libcore.io.BlockGuardOs.open(BlockGuardOs.java:186)
12-17 16:44:55.410  1426  1442 E KernelUidCpuTimeReader: 	at libcore.io.IoBridge.open(IoBridge.java:438)
12-17 16:44:55.410  1426  1442 E KernelUidCpuTimeReader: 	... 10 more
12-17 16:44:55.430  1426  1510 D VoldConnector: RCV <- {200 6 Command succeeded}
12-17 16:44:55.430  1426  1426 D VoldConnector: SND -> {7 volume remount_uid 1000 none}
12-17 16:44:55.430   986  1049 D vold    : Remounting 1000 as mode none
12-17 16:44:55.430   986  1049 D vold    : Found matching PID 998
12-17 16:44:55.430   986  1049 W vold    : Skipping due to root namespace
12-17 16:44:55.430   986  1049 D vold    : Found matching PID 999
12-17 16:44:55.430   986  1049 W vold    : Skipping due to root namespace
12-17 16:44:55.430   986  1049 D vold    : Found matching PID 1016
12-17 16:44:55.430   986  1049 W vold    : Skipping due to root namespace
12-17 16:44:55.430   986  1049 D vold    : Found matching PID 1020
12-17 16:44:55.430   986  1049 W vold    : Skipping due to root namespace
12-17 16:44:55.430   986  1049 D vold    : Found matching PID 1426
12-17 16:44:55.500  1426  1510 D VoldConnector: RCV <- {200 7 Command succeeded}
12-17 16:44:55.500  1426  1426 D VoldConnector: SND -> {8 volume remount_uid 2000 none}
12-17 16:44:55.500   986  1049 D vold    : Remounting 2000 as mode none
12-17 16:44:55.500   986  1049 D vold    : Found matching PID 1004
12-17 16:44:55.500   986  1049 W vold    : Skipping due to root namespace
12-17 16:44:55.500  1426  1510 D VoldConnector: RCV <- {200 8 Command succeeded}
12-17 16:44:55.500  1426  1426 D VoldConnector: SND -> {9 volume remount_uid 2000 none}
12-17 16:44:55.500   986  1049 D vold    : Remounting 2000 as mode none
12-17 16:44:55.500   986  1049 D vold    : Found matching PID 1004
12-17 16:44:55.500   986  1049 W vold    : Skipping due to root namespace
12-17 16:44:55.500  1426  1510 D VoldConnector: RCV <- {200 9 Command succeeded}
12-17 16:44:55.500  1426  1426 D VoldConnector: SND -> {10 volume remount_uid 10013 none}
12-17 16:44:55.500   986  1049 D vold    : Remounting 10013 as mode none
12-17 16:44:55.500  1426  1510 D VoldConnector: RCV <- {200 10 Command succeeded}
12-17 16:44:55.500  1426  1426 D VoldConnector: SND -> {11 volume remount_uid 10013 none}
12-17 16:44:55.500   986  1049 D vold    : Remounting 10013 as mode none
12-17 16:44:55.500  1426  1510 D VoldConnector: RCV <- {200 11 Command succeeded}
12-17 16:44:55.500  1426  1426 I DefaultPermGrantPolicy: Granting permissions to default platform handlers for user 0
12-17 16:44:55.500  1426  1426 W VoiceInteractionManagerService: no available voice interaction services found for user 0
12-17 16:44:55.500  1426  1426 W VoiceInteractionManagerService: no available voice recognition services found for user 0
12-17 16:44:55.500  1426  1426 D VoldConnector: SND -> {12 volume remount_uid 10009 none}
12-17 16:44:55.500   986  1049 D vold    : Remounting 10009 as mode none
12-17 16:44:55.500  1426  1510 D VoldConnector: RCV <- {200 12 Command succeeded}
12-17 16:44:55.500  1426  1426 D VoldConnector: SND -> {13 volume remount_uid 10033 none}
12-17 16:44:55.500   986  1049 D vold    : Remounting 10033 as mode none
12-17 16:44:55.500  1426  1510 D VoldConnector: RCV <- {200 13 Command succeeded}
12-17 16:44:55.500  1426  1426 D VoldConnector: SND -> {14 volume remount_uid 10033 none}
12-17 16:44:55.500   986  1049 D vold    : Remounting 10033 as mode none
12-17 16:44:55.500  1426  1510 D VoldConnector: RCV <- {200 14 Command succeeded}
12-17 16:44:55.500  1426  1426 D VoldConnector: SND -> {15 volume remount_uid 10006 none}
12-17 16:44:55.500   986  1049 D vold    : Remounting 10006 as mode none
12-17 16:44:55.500  1426  1510 D VoldConnector: RCV <- {200 15 Command succeeded}
12-17 16:44:55.500  1426  1426 D VoldConnector: SND -> {16 volume remount_uid 10006 none}
12-17 16:44:55.500   986  1049 D vold    : Remounting 10006 as mode none
12-17 16:44:55.500  1426  1510 D VoldConnector: RCV <- {200 16 Command succeeded}
12-17 16:44:55.500  1426  1426 D VoldConnector: SND -> {17 volume remount_uid 10001 none}
12-17 16:44:55.500   986  1049 D vold    : Remounting 10001 as mode none
12-17 16:44:55.550  1426  1510 D VoldConnector: RCV <- {200 17 Command succeeded}
12-17 16:44:55.550  1426  1426 D VoldConnector: SND -> {18 volume remount_uid 10001 none}
12-17 16:44:55.550   986  1049 D vold    : Remounting 10001 as mode none
12-17 16:44:55.550  1426  1510 D VoldConnector: RCV <- {200 18 Command succeeded}
12-17 16:44:55.550  1426  1426 I ActivityManager: Pre-boot of {com.android.providers.calendar/com.android.providers.calendar.CalendarUpgradeReceiver} for user 0
12-17 16:44:55.550  1426  1426 I SystemServer: Enabled StrictMode for system server main thread.
12-17 16:44:55.570  1426  1442 I Zygote  : Process: zygote socket opened, supported ABIS: x86_64
12-17 16:44:55.590  1426  1442 I ActivityManager: Start proc 1563:com.android.providers.calendar/u0a1 for broadcast com.android.providers.calendar/.CalendarUpgradeReceiver
12-17 16:44:55.590  1426  1426 D RttService: SCAN_AVAILABLE : 1
12-17 16:44:55.590  1426  1557 D RttService: DefaultState got{ when=0 what=160513 target=com.android.internal.util.StateMachine$SmHandler }
12-17 16:44:55.590  1426  1438 I ActivityManager: Launching preboot mode app: ProcessRecord{d77a1b5 1563:com.android.providers.calendar/u0a1}
12-17 16:44:55.680  1563  1563 W System  : ClassLoader referenced unknown path: /system/priv-app/CalendarProvider/lib/x86_64
12-17 16:44:55.720  1426  1426 V BackupManagerService: Connected to transport ComponentInfo{android/com.android.internal.backup.LocalTransportService}
12-17 16:44:55.720  1426  1426 V BackupManagerService: Registering transport android/com.android.internal.backup.LocalTransportService::android/com.android.internal.backup.LocalTransport = android.app.backup.BackupTransport$TransportImpl@633304a
12-17 16:44:56.210  1426  1438 I ActivityManager: Pre-boot of {com.android.providers.contacts/com.android.providers.contacts.ContactsUpgradeReceiver} for user 0
