12-17 16:43:38.720  1014  1014 W Resources: Preloaded drawable resource #0x108071f (android:drawable/textfield_search_material) that varies with configuration!!
12-17 16:43:38.720  1014  1014 W Resources: Preloaded drawable resource #0x10806ed (android:drawable/text_select_handle_left_material) that varies with configuration!!
12-17 16:43:38.720  1014  1014 W Resources: Preloaded drawable resource #0x10806f0 (android:drawable/text_select_handle_middle_material) that varies with configuration!!
12-17 16:43:38.720  1014  1014 W Resources: Preloaded drawable resource #0x10806f3 (android:drawable/text_select_handle_right_material) that varies with configuration!!
12-17 16:43:38.720  1014  1014 I Zygote  : ...preloaded 342 resources in 4080ms.
12-17 16:43:38.750  1015  1015 W Resources: Preloaded drawable resource #0x1080395 (android:drawable/ic_media_route_connecting_material) that varies with configuration!!
12-17 16:43:38.750  1015  1015 W Resources: Preloaded drawable resource #0x1080395 (android:drawable/ic_media_route_connecting_material) that varies with configuration!!
12-17 16:43:38.750  1015  1015 W Resources: Preloaded drawable resource #0x108039b (android:drawable/ic_media_route_material) that varies with configuration!!
12-17 16:43:38.750  1015  1015 W Resources: Preloaded drawable resource #0x10803c7 (android:drawable/ic_menu_find_material) that varies with configuration!!
12-17 16:43:38.750  1015  1015 W Resources: Preloaded drawable resource #0x10803e4 (android:drawable/ic_menu_search_material) that varies with configuration!!
12-17 16:43:38.750  1015  1015 W Resources: Preloaded drawable resource #0x108049b (android:drawable/list_section_divider_material) that varies with configuration!!
12-17 16:43:38.760  1014  1014 I Zygote  : ...preloaded 41 resources in 40ms.
12-17 16:43:38.760  1014  1014 D libEGL  : Emulator without GPU support detected. Fallback to legacy software renderer.
12-17 16:43:38.760  1014  1014 D libEGL  : loaded /system/lib64/egl/libGLES_android.so
12-17 16:43:38.870  1014  1014 I Zygote  : Preloading shared libraries...
12-17 16:43:38.950  1015  1015 W Resources: Preloaded drawable resource #0x10805bf (android:drawable/ratingbar_material) that varies with configuration!!
12-17 16:43:38.950  1015  1015 W Resources: Preloaded drawable resource #0x10805c3 (android:drawable/ratingbar_small_material) that varies with configuration!!
12-17 16:43:38.950  1015  1015 W Resources: Preloaded drawable resource #0x10805be (android:drawable/ratingbar_indicator_material) that varies with configuration!!
12-17 16:43:38.950  1015  1015 W Resources: Preloaded drawable resource #0x10802a6 (android:drawable/edit_text_material) that varies with configuration!!
12-17 16:43:38.950  1015  1015 W Resources: Preloaded drawable resource #0x1080633 (android:drawable/spinner_textfield_background_material) that varies with configuration!!
12-17 16:43:39.020  1015  1015 W Resources: Preloaded drawable resource #0x10806a3 (android:drawable/switch_thumb_material_anim) that varies with configuration!!
12-17 16:43:39.020  1015  1015 W Resources: Preloaded drawable resource #0x108071f (android:drawable/textfield_search_material) that varies with configuration!!
12-17 16:43:39.020  1015  1015 W Resources: Preloaded drawable resource #0x10806ed (android:drawable/text_select_handle_left_material) that varies with configuration!!
12-17 16:43:39.020  1015  1015 W Resources: Preloaded drawable resource #0x10806f0 (android:drawable/text_select_handle_middle_material) that varies with configuration!!
12-17 16:43:39.020  1015  1015 W Resources: Preloaded drawable resource #0x10806f3 (android:drawable/text_select_handle_right_material) that varies with configuration!!
12-17 16:43:39.020  1015  1015 I Zygote  : ...preloaded 342 resources in 4420ms.
12-17 16:43:39.020  1015  1015 I Zygote  : ...preloaded 41 resources in 0ms.
12-17 16:43:39.100  1015  1015 D libEGL  : Emulator without GPU support detected. Fallback to legacy software renderer.
12-17 16:43:39.350  1014  1014 E Hyphenator: error loading hyphenation /system/usr/hyphen-data/hyph-en-us.pat.txt
12-17 16:43:39.350  1014  1014 E Hyphenator: java.io.FileNotFoundException: /system/usr/hyphen-data/hyph-en-us.pat.txt: open failed: ENOENT (No such file or directory)
12-17 16:43:39.350  1014  1014 E Hyphenator: 	at libcore.io.IoBridge.open(IoBridge.java:452)
12-17 16:43:39.350  1014  1014 E Hyphenator: 	at libcore.io.IoUtils$FileReader.<init>(IoUtils.java:207)
12-17 16:43:39.350  1014  1014 E Hyphenator: 	at libcore.io.IoUtils.readFileAsString(IoUtils.java:114)
12-17 16:43:39.350  1014  1014 E Hyphenator: 	at android.text.Hyphenator.loadHyphenator(Hyphenator.java:96)
12-17 16:43:39.350  1014  1014 E Hyphenator: 	at android.text.Hyphenator.init(Hyphenator.java:154)
12-17 16:43:39.350  1014  1014 E Hyphenator: 	at com.android.internal.os.ZygoteInit.preloadTextResources(ZygoteInit.java:207)
12-17 16:43:39.350  1014  1014 E Hyphenator: 	at com.android.internal.os.ZygoteInit.preload(ZygoteInit.java:186)
12-17 16:43:39.350  1014  1014 E Hyphenator: 	at com.android.internal.os.ZygoteInit.main(ZygoteInit.java:593)
12-17 16:43:39.350  1014  1014 E Hyphenator: Caused by: android.system.ErrnoException: open failed: ENOENT (No such file or directory)
12-17 16:43:39.350  1014  1014 E Hyphenator: 	at libcore.io.Posix.open(Native Method)
12-17 16:43:39.350  1014  1014 E Hyphenator: 	at libcore.io.BlockGuardOs.open(BlockGuardOs.java:186)
12-17 16:43:39.350  1014  1014 E Hyphenator: 	at libcore.io.IoBridge.open(IoBridge.java:438)
12-17 16:43:39.350  1014  1014 E Hyphenator: 	... 7 more
12-17 16:43:39.350  1014  1014 E Hyphenator: error loading hyphenation /system/usr/hyphen-data/hyph-eu.pat.txt
12-17 16:43:39.350  1014  1014 E Hyphenator: java.io.FileNotFoundException: /system/usr/hyphen-data/hyph-eu.pat.txt: open failed: ENOENT (No such file or directory)
12-17 16:43:39.350  1014  1014 E Hyphenator: 	at libcore.io.IoBridge.open(IoBridge.java:452)
12-17 16:43:39.350  1014  1014 E Hyphenator: 	at libcore.io.IoUtils$FileReader.<init>(IoUtils.java:207)
12-17 16:43:39.350  1014  1014 E Hyphenator: 	at libcore.io.IoUtils.readFileAsString(IoUtils.java:114)
12-17 16:43:39.350  1014  1014 E Hyphenator: 	at android.text.Hyphenator.loadHyphenator(Hyphenator.java:96)
12-17 16:43:39.350  1014  1014 E Hyphenator: 	at android.text.Hyphenator.init(Hyphenator.java:154)
12-17 16:43:39.350  1014  1014 E Hyphenator: 	at com.android.internal.os.ZygoteInit.preloadTextResources(ZygoteInit.java:207)
12-17 16:43:39.350  1014  1014 E Hyphenator: 	at com.android.internal.os.ZygoteInit.preload(ZygoteInit.java:186)
12-17 16:43:39.350  1014  1014 E Hyphenator: 	at com.android.internal.os.ZygoteInit.main(ZygoteInit.java:593)
12-17 16:43:39.350  1014  1014 E Hyphenator: Caused by: android.system.ErrnoException: open failed: ENOENT (No such file or directory)
12-17 16:43:39.350  1014  1014 E Hyphenator: 	at libcore.io.Posix.open(Native Method)
12-17 16:43:39.350  1014  1014 E Hyphenator: 	at libcore.io.BlockGuardOs.open(BlockGuardOs.java:186)
12-17 16:43:39.350  1014  1014 E Hyphenator: 	at libcore.io.IoBridge.open(IoBridge.java:438)
12-17 16:43:39.350  1014  1014 E Hyphenator: 	... 7 more
12-17 16:43:39.350  1014  1014 E Hyphenator: error loading hyphenation /system/usr/hyphen-data/hyph-hu.pat.txt
12-17 16:43:39.350  1014  1014 E Hyphenator: java.io.FileNotFoundException: /system/usr/hyphen-data/hyph-hu.pat.txt: open failed: ENOENT (No such file or directory)
12-17 16:43:39.350  1014  1014 E Hyphenator: 	at libcore.io.IoBridge.open(IoBridge.java:452)
12-17 16:43:39.350  1014  1014 E Hyphenator: 	at libcore.io.IoUtils$FileReader.<init>(IoUtils.java:207)
12-17 16:43:39.350  1014  1014 E Hyphenator: 	at libcore.io.IoUtils.readFileAsString(IoUtils.java:114)
12-17 16:43:39.350  1014  1014 E Hyphenator: 	at android.text.Hyphenator.loadHyphenator(Hyphenator.java:96)
12-17 16:43:39.350  1014  1014 E Hyphenator: 	at android.text.Hyphenator.init(Hyphenator.java:154)
12-17 16:43:39.350  1014  1014 E Hyphenator: 	at com.android.internal.os.ZygoteInit.preloadTextResources(ZygoteInit.java:207)
12-17 16:43:39.350  1014  1014 E Hyphenator: 	at com.android.internal.os.ZygoteInit.preload(ZygoteInit.java:186)
12-17 16:43:39.350  1014  1014 E Hyphenator: 	at com.android.internal.os.ZygoteInit.main(ZygoteInit.java:593)
12-17 16:43:39.350  1014  1014 E Hyphenator: Caused by: android.system.ErrnoException: open failed: ENOENT (No such file or directory)
12-17 16:43:39.350  1014  1014 E Hyphenator: 	at libcore.io.Posix.open(Native Method)
12-17 16:43:39.350  1014  1014 E Hyphenator: 	at libcore.io.BlockGuardOs.open(BlockGuardOs.java:186)
12-17 16:43:39.350  1014  1014 E Hyphenator: 	at libcore.io.IoBridge.open(IoBridge.java:438)
12-17 16:43:39.350  1014  1014 E Hyphenator: 	... 7 more
12-17 16:43:39.350  1014  1014 E Hyphenator: error loading hyphenation /system/usr/hyphen-data/hyph-hy.pat.txt
12-17 16:43:39.350  1014  1014 E Hyphenator: java.io.FileNotFoundException: /system/usr/hyphen-data/hyph-hy.pat.txt: open failed: ENOENT (No such file or directory)
12-17 16:43:39.350  1014  1014 E Hyphenator: 	at libcore.io.IoBridge.open(IoBridge.java:452)
12-17 16:43:39.350  1014  1014 E Hyphenator: 	at libcore.io.IoUtils$FileReader.<init>(IoUtils.java:207)
12-17 16:43:39.350  1014  1014 E Hyphenator: 	at libcore.io.IoUtils.readFileAsString(IoUtils.java:114)
12-17 16:43:39.350  1014  1014 E Hyphenator: 	at android.text.Hyphenator.loadHyphenator(Hyphenator.java:96)
12-17 16:43:39.350  1014  1014 E Hyphenator: 	at android.text.Hyphenator.init(Hyphenator.java:154)
12-17 16:43:39.350  1014  1014 E Hyphenator: 	at com.android.internal.os.ZygoteInit.preloadTextResources(ZygoteInit.java:207)
12-17 16:43:39.350  1014  1014 E Hyphenator: 	at com.android.internal.os.ZygoteInit.preload(ZygoteInit.java:186)
12-17 16:43:39.350  1014  1014 E Hyphenator: 	at com.android.internal.os.ZygoteInit.main(ZygoteInit.java:593)
12-17 16:43:39.350  1014  1014 E Hyphenator: Caused by: android.system.ErrnoException: open failed: ENOENT (No such file or directory)
12-17 16:43:39.350  1014  1014 E Hyphenator: 	at libcore.io.Posix.open(Native Method)
12-17 16:43:39.350  1014  1014 E Hyphenator: 	at libcore.io.BlockGuardOs.open(BlockGuardOs.java:186)
12-17 16:43:39.350  1014  1014 E Hyphenator: 	at libcore.io.IoBridge.open(IoBridge.java:438)
12-17 16:43:39.350  1014  1014 E Hyphenator: 	... 7 more
12-17 16:43:39.350  1014  1014 E Hyphenator: error loading hyphenation /system/usr/hyphen-data/hyph-nb.pat.txt
12-17 16:43:39.350  1014  1014 E Hyphenator: java.io.FileNotFoundException: /system/usr/hyphen-data/hyph-nb.pat.txt: open failed: ENOENT (No such file or directory)
12-17 16:43:39.350  1014  1014 E Hyphenator: 	at libcore.io.IoBridge.open(IoBridge.java:452)
12-17 16:43:39.350  1014  1014 E Hyphenator: 	at libcore.io.IoUtils$FileReader.<init>(IoUtils.java:207)
12-17 16:43:39.350  1014  1014 E Hyphenator: 	at libcore.io.IoUtils.readFileAsString(IoUtils.java:114)
12-17 16:43:39.350  1014  1014 E Hyphenator: 	at android.text.Hyphenator.loadHyphenator(Hyphenator.java:96)
12-17 16:43:39.350  1014  1014 E Hyphenator: 	at android.text.Hyphenator.init(Hyphenator.java:154)
12-17 16:43:39.350  1014  1014 E Hyphenator: 	at com.android.internal.os.ZygoteInit.preloadTextResources(ZygoteInit.java:207)
12-17 16:43:39.350  1014  1014 E Hyphenator: 	at com.android.internal.os.ZygoteInit.preload(ZygoteInit.java:186)
12-17 16:43:39.350  1014  1014 E Hyphenator: 	at com.android.internal.os.ZygoteInit.main(ZygoteInit.java:593)
12-17 16:43:39.350  1014  1014 E Hyphenator: Caused by: android.system.ErrnoException: open failed: ENOENT (No such file or directory)
12-17 16:43:39.350  1014  1014 E Hyphenator: 	at libcore.io.Posix.open(Native Method)
12-17 16:43:39.350  1014  1014 E Hyphenator: 	at libcore.io.BlockGuardOs.open(BlockGuardOs.java:186)
12-17 16:43:39.350  1014  1014 E Hyphenator: 	at libcore.io.IoBridge.open(IoBridge.java:438)
12-17 16:43:39.350  1014  1014 E Hyphenator: 	... 7 more
12-17 16:43:39.350  1014  1014 E Hyphenator: error loading hyphenation /system/usr/hyphen-data/hyph-nn.pat.txt
12-17 16:43:39.350  1014  1014 E Hyphenator: java.io.FileNotFoundException: /system/usr/hyphen-data/hyph-nn.pat.txt: open failed: ENOENT (No such file or directory)
12-17 16:43:39.350  1014  1014 E Hyphenator: 	at libcore.io.IoBridge.open(IoBridge.java:452)
12-17 16:43:39.350  1014  1014 E Hyphenator: 	at libcore.io.IoUtils$FileReader.<init>(IoUtils.java:207)
12-17 16:43:39.350  1014  1014 E Hyphenator: 	at libcore.io.IoUtils.readFileAsString(IoUtils.java:114)
12-17 16:43:39.350  1014  1014 E Hyphenator: 	at android.text.Hyphenator.loadHyphenator(Hyphenator.java:96)
12-17 16:43:39.350  1014  1014 E Hyphenator: 	at android.text.Hyphenator.init(Hyphenator.java:154)
12-17 16:43:39.350  1014  1014 E Hyphenator: 	at com.android.internal.os.ZygoteInit.preloadTextResources(ZygoteInit.java:207)
12-17 16:43:39.350  1014  1014 E Hyphenator: 	at com.android.internal.os.ZygoteInit.preload(ZygoteInit.java:186)
12-17 16:43:39.350  1014  1014 E Hyphenator: 	at com.android.internal.os.ZygoteInit.main(ZygoteInit.java:593)
12-17 16:43:39.350  1014  1014 E Hyphenator: Caused by: android.system.ErrnoException: open failed: ENOENT (No such file or directory)
12-17 16:43:39.350  1014  1014 E Hyphenator: 	at libcore.io.Posix.open(Native Method)
12-17 16:43:39.350  1014  1014 E Hyphenator: 	at libcore.io.BlockGuardOs.open(BlockGuardOs.java:186)
12-17 16:43:39.350  1014  1014 E Hyphenator: 	at libcore.io.IoBridge.open(IoBridge.java:438)
12-17 16:43:39.350  1014  1014 E Hyphenator: 	... 7 more
12-17 16:43:39.350  1014  1014 E Hyphenator: error loading hyphenation /system/usr/hyphen-data/hyph-sa.pat.txt
12-17 16:43:39.350  1014  1014 E Hyphenator: java.io.FileNotFoundException: /system/usr/hyphen-data/hyph-sa.pat.txt: open failed: ENOENT (No such file or directory)
12-17 16:43:39.350  1014  1014 E Hyphenator: 	at libcore.io.IoBridge.open(IoBridge.java:452)
12-17 16:43:39.350  1014  1014 E Hyphenator: 	at libcore.io.IoUtils$FileReader.<init>(IoUtils.java:207)
12-17 16:43:39.350  1014  1014 E Hyphenator: 	at libcore.io.IoUtils.readFileAsString(IoUtils.java:114)
12-17 16:43:39.350  1014  1014 E Hyphenator: 	at android.text.Hyphenator.loadHyphenator(Hyphenator.java:96)
12-17 16:43:39.350  1014  1014 E Hyphenator: 	at android.text.Hyphenator.init(Hyphenator.java:154)
12-17 16:43:39.350  1014  1014 E Hyphenator: 	at com.android.internal.os.ZygoteInit.preloadTextResources(ZygoteInit.java:207)
12-17 16:43:39.350  1014  1014 E Hyphenator: 	at com.android.internal.os.ZygoteInit.preload(ZygoteInit.java:186)
12-17 16:43:39.350  1014  1014 E Hyphenator: 	at com.android.internal.os.ZygoteInit.main(ZygoteInit.java:593)
12-17 16:43:39.350  1014  1014 E Hyphenator: Caused by: android.system.ErrnoException: open failed: ENOENT (No such file or directory)
12-17 16:43:39.350  1014  1014 E Hyphenator: 	at libcore.io.Posix.open(Native Method)
12-17 16:43:39.350  1014  1014 E Hyphenator: 	at libcore.io.BlockGuardOs.open(BlockGuardOs.java:186)
12-17 16:43:39.350  1014  1014 E Hyphenator: 	at libcore.io.IoBridge.open(IoBridge.java:438)
12-17 16:43:39.350  1014  1014 E Hyphenator: 	... 7 more
12-17 16:43:39.350  1014  1014 E Hyphenator: error loading hyphenation /system/usr/hyphen-data/hyph-und-ethi.pat.txt
12-17 16:43:39.350  1014  1014 E Hyphenator: java.io.FileNotFoundException: /system/usr/hyphen-data/hyph-und-ethi.pat.txt: open failed: ENOENT (No such file or directory)
12-17 16:43:39.350  1014  1014 E Hyphenator: 	at libcore.io.IoBridge.open(IoBridge.java:452)
12-17 16:43:39.350  1014  1014 E Hyphenator: 	at libcore.io.IoUtils$FileReader.<init>(IoUtils.java:207)
12-17 16:43:39.350  1014  1014 E Hyphenator: 	at libcore.io.IoUtils.readFileAsString(IoUtils.java:114)
12-17 16:43:39.350  1014  1014 E Hyphenator: 	at android.text.Hyphenator.loadHyphenator(Hyphenator.java:96)
12-17 16:43:39.350  1014  1014 E Hyphenator: 	at android.text.Hyphenator.init(Hyphenator.java:154)
12-17 16:43:39.350  1014  1014 E Hyphenator: 	at com.android.internal.os.ZygoteInit.preloadTextResources(ZygoteInit.java:207)
12-17 16:43:39.350  1014  1014 E Hyphenator: 	at com.android.internal.os.ZygoteInit.preload(ZygoteInit.java:186)
12-17 16:43:39.350  1014  1014 E Hyphenator: 	at com.android.internal.os.ZygoteInit.main(ZygoteInit.java:593)
12-17 16:43:39.350  1014  1014 E Hyphenator: Caused by: android.system.ErrnoException: open failed: ENOENT (No such file or directory)
12-17 16:43:39.350  1014  1014 E Hyphenator: 	at libcore.io.Posix.open(Native Method)
12-17 16:43:39.350  1014  1014 E Hyphenator: 	at libcore.io.BlockGuardOs.open(BlockGuardOs.java:186)
12-17 16:43:39.350  1014  1014 E Hyphenator: 	at libcore.io.IoBridge.open(IoBridge.java:438)
12-17 16:43:39.350  1014  1014 E Hyphenator: 	... 7 more
12-17 16:43:39.470  1014  1014 D Zygote  : end preload
12-17 16:43:39.470  1014  1014 I art     : Starting a blocking GC Explicit
12-17 16:43:39.520  1014  1014 I art     : Explicit concurrent mark sweep GC freed 11079(937KB) AllocSpace objects, 7(124KB) LOS objects, 66% free, 1547KB/4MB, paused 0 total 0
12-17 16:43:39.530  1015  1015 D libEGL  : loaded /system/lib/egl/libGLES_android.so
12-17 16:43:39.540  1014  1014 I art     : Starting a blocking GC Explicit
12-17 16:43:39.620  1014  1014 I art     : Explicit concurrent mark sweep GC freed 2196(258KB) AllocSpace objects, 0(0B) LOS objects, 66% free, 1292KB/3MB, paused 0 total 80ms
12-17 16:43:39.620  1014  1413 I art     : Starting a blocking GC HeapTrim
12-17 16:43:39.710  1014  1014 I art     : Starting a blocking GC Background
12-17 16:43:39.750  1015  1015 I Zygote  : Preloading shared libraries...
12-17 16:43:39.800  1014  1014 I Zygote  : System server process 1426 has been created
12-17 16:43:39.800  1014  1014 I Zygote  : Accepting command socket connections
12-17 16:43:39.920  1015  1015 E Hyphenator: error loading hyphenation /system/usr/hyphen-data/hyph-en-us.pat.txt
12-17 16:43:39.920  1015  1015 E Hyphenator: java.io.FileNotFoundException: /system/usr/hyphen-data/hyph-en-us.pat.txt: open failed: ENOENT (No such file or directory)
12-17 16:43:39.920  1015  1015 E Hyphenator: 	at libcore.io.IoBridge.open(IoBridge.java:452)
12-17 16:43:39.920  1015  1015 E Hyphenator: 	at libcore.io.IoUtils$FileReader.<init>(IoUtils.java:207)
12-17 16:43:39.920  1015  1015 E Hyphenator: 	at libcore.io.IoUtils.readFileAsString(IoUtils.java:114)
12-17 16:43:39.920  1015  1015 E Hyphenator: 	at android.text.Hyphenator.loadHyphenator(Hyphenator.java:96)
12-17 16:43:39.920  1015  1015 E Hyphenator: 	at android.text.Hyphenator.init(Hyphenator.java:154)
12-17 16:43:39.920  1015  1015 E Hyphenator: 	at com.android.internal.os.ZygoteInit.preloadTextResources(ZygoteInit.java:207)
12-17 16:43:39.920  1015  1015 E Hyphenator: 	at com.android.internal.os.ZygoteInit.preload(ZygoteInit.java:186)
12-17 16:43:39.920  1015  1015 E Hyphenator: 	at com.android.internal.os.ZygoteInit.main(ZygoteInit.java:593)
12-17 16:43:39.920  1015  1015 E Hyphenator: Caused by: android.system.ErrnoException: open failed: ENOENT (No such file or directory)
12-17 16:43:39.920  1015  1015 E Hyphenator: 	at libcore.io.Posix.open(Native Method)
12-17 16:43:39.920  1015  1015 E Hyphenator: 	at libcore.io.BlockGuardOs.open(BlockGuardOs.java:186)
12-17 16:43:39.920  1015  1015 E Hyphenator: 	at libcore.io.IoBridge.open(IoBridge.java:438)
12-17 16:43:39.920  1015  1015 E Hyphenator: 	... 7 more
12-17 16:43:39.920  1015  1015 E Hyphenator: error loading hyphenation /system/usr/hyphen-data/hyph-eu.pat.txt
12-17 16:43:39.920  1015  1015 E Hyphenator: java.io.FileNotFoundException: /system/usr/hyphen-data/hyph-eu.pat.txt: open failed: ENOENT (No such file or directory)
12-17 16:43:39.920  1015  1015 E Hyphenator: 	at libcore.io.IoBridge.open(IoBridge.java:452)
12-17 16:43:39.920  1015  1015 E Hyphenator: 	at libcore.io.IoUtils$FileReader.<init>(IoUtils.java:207)
12-17 16:43:39.920  1015  1015 E Hyphenator: 	at libcore.io.IoUtils.readFileAsString(IoUtils.java:114)
12-17 16:43:39.920  1015  1015 E Hyphenator: 	at android.text.Hyphenator.loadHyphenator(Hyphenator.java:96)
12-17 16:43:39.920  1015  1015 E Hyphenator: 	at android.text.Hyphenator.init(Hyphenator.java:154)
12-17 16:43:39.920  1015  1015 E Hyphenator: 	at com.android.internal.os.ZygoteInit.preloadTextResources(ZygoteInit.java:207)
12-17 16:43:39.920  1015  1015 E Hyphenator: 	at com.android.internal.os.ZygoteInit.preload(ZygoteInit.java:186)
12-17 16:43:39.920  1015  1015 E Hyphenator: 	at com.android.internal.os.ZygoteInit.main(ZygoteInit.java:593)
12-17 16:43:39.920  1015  1015 E Hyphenator: Caused by: android.system.ErrnoException: open failed: ENOENT (No such file or directory)
12-17 16:43:39.920  1015  1015 E Hyphenator: 	at libcore.io.Posix.open(Native Method)
12-17 16:43:39.920  1015  1015 E Hyphenator: 	at libcore.io.BlockGuardOs.open(BlockGuardOs.java:186)
12-17 16:43:39.920  1015  1015 E Hyphenator: 	at libcore.io.IoBridge.open(IoBridge.java:438)
12-17 16:43:39.920  1015  1015 E Hyphenator: 	... 7 more
12-17 16:43:39.920  1015  1015 E Hyphenator: error loading hyphenation /system/usr/hyphen-data/hyph-hu.pat.txt
12-17 16:43:39.920  1015  1015 E Hyphenator: java.io.FileNotFoundException: /system/usr/hyphen-data/hyph-hu.pat.txt: open failed: ENOENT (No such file or directory)
12-17 16:43:39.920  1015  1015 E Hyphenator: 	at libcore.io.IoBridge.open(IoBridge.java:452)
12-17 16:43:39.920  1015  1015 E Hyphenator: 	at libcore.io.IoUtils$FileReader.<init>(IoUtils.java:207)
12-17 16:43:39.920  1015  1015 E Hyphenator: 	at libcore.io.IoUtils.readFileAsString(IoUtils.java:114)
12-17 16:43:39.920  1015  1015 E Hyphenator: 	at android.text.Hyphenator.loadHyphenator(Hyphenator.java:96)
12-17 16:43:39.920  1015  1015 E Hyphenator: 	at android.text.Hyphenator.init(Hyphenator.java:154)
12-17 16:43:39.920  1015  1015 E Hyphenator: 	at com.android.internal.os.ZygoteInit.preloadTextResources(ZygoteInit.java:207)
12-17 16:43:39.920  1015  1015 E Hyphenator: 	at com.android.internal.os.ZygoteInit.preload(ZygoteInit.java:186)
12-17 16:43:39.920  1015  1015 E Hyphenator: 	at com.android.internal.os.ZygoteInit.main(ZygoteInit.java:593)
12-17 16:43:39.920  1015  1015 E Hyphenator: Caused by: android.system.ErrnoException: open failed: ENOENT (No such file or directory)
12-17 16:43:39.920  1015  1015 E Hyphenator: 	at libcore.io.Posix.open(Native Method)
12-17 16:43:39.920  1015  1015 E Hyphenator: 	at libcore.io.BlockGuardOs.open(BlockGuardOs.java:186)
12-17 16:43:39.920  1015  1015 E Hyphenator: 	at libcore.io.IoBridge.open(IoBridge.java:438)
12-17 16:43:39.920  1015  1015 E Hyphenator: 	... 7 more
12-17 16:43:39.920  1015  1015 E Hyphenator: error loading hyphenation /system/usr/hyphen-data/hyph-hy.pat.txt
12-17 16:43:39.920  1015  1015 E Hyphenator: java.io.FileNotFoundException: /system/usr/hyphen-data/hyph-hy.pat.txt: open failed: ENOENT (No such file or directory)
12-17 16:43:39.920  1015  1015 E Hyphenator: 	at libcore.io.IoBridge.open(IoBridge.java:452)
12-17 16:43:39.920  1015  1015 E Hyphenator: 	at libcore.io.IoUtils$FileReader.<init>(IoUtils.java:207)
12-17 16:43:39.920  1015  1015 E Hyphenator: 	at libcore.io.IoUtils.readFileAsString(IoUtils.java:114)
12-17 16:43:39.920  1015  1015 E Hyphenator: 	at android.text.Hyphenator.loadHyphenator(Hyphenator.java:96)
12-17 16:43:39.920  1015  1015 E Hyphenator: 	at android.text.Hyphenator.init(Hyphenator.java:154)
12-17 16:43:39.920  1015  1015 E Hyphenator: 	at com.android.internal.os.ZygoteInit.preloadTextResources(ZygoteInit.java:207)
12-17 16:43:39.920  1015  1015 E Hyphenator: 	at com.android.internal.os.ZygoteInit.preload(ZygoteInit.java:186)
12-17 16:43:39.920  1015  1015 E Hyphenator: 	at com.android.internal.os.ZygoteInit.main(ZygoteInit.java:593)
12-17 16:43:39.920  1015  1015 E Hyphenator: Caused by: android.system.ErrnoException: open failed: ENOENT (No such file or directory)
12-17 16:43:39.920  1015  1015 E Hyphenator: 	at libcore.io.Posix.open(Native Method)
12-17 16:43:39.920  1015  1015 E Hyphenator: 	at libcore.io.BlockGuardOs.open(BlockGuardOs.java:186)
12-17 16:43:39.920  1015  1015 E Hyphenator: 	at libcore.io.IoBridge.open(IoBridge.java:438)
12-17 16:43:39.920  1015  1015 E Hyphenator: 	... 7 more
12-17 16:43:39.920  1015  1015 E Hyphenator: error loading hyphenation /system/usr/hyphen-data/hyph-nb.pat.txt
12-17 16:43:39.920  1015  1015 E Hyphenator: java.io.FileNotFoundException: /system/usr/hyphen-data/hyph-nb.pat.txt: open failed: ENOENT (No such file or directory)
12-17 16:43:39.920  1015  1015 E Hyphenator: 	at libcore.io.IoBridge.open(IoBridge.java:452)
12-17 16:43:39.920  1015  1015 E Hyphenator: 	at libcore.io.IoUtils$FileReader.<init>(IoUtils.java:207)
12-17 16:43:39.920  1015  1015 E Hyphenator: 	at libcore.io.IoUtils.readFileAsString(IoUtils.java:114)
12-17 16:43:39.920  1015  1015 E Hyphenator: 	at android.text.Hyphenator.loadHyphenator(Hyphenator.java:96)
12-17 16:43:39.920  1015  1015 E Hyphenator: 	at android.text.Hyphenator.init(Hyphenator.java:154)
12-17 16:43:39.920  1015  1015 E Hyphenator: 	at com.android.internal.os.ZygoteInit.preloadTextResources(ZygoteInit.java:207)
12-17 16:43:39.920  1015  1015 E Hyphenator: 	at com.android.internal.os.ZygoteInit.preload(ZygoteInit.java:186)
12-17 16:43:39.920  1015  1015 E Hyphenator: 	at com.android.internal.os.ZygoteInit.main(ZygoteInit.java:593)
12-17 16:43:39.920  1015  1015 E Hyphenator: Caused by: android.system.ErrnoException: open failed: ENOENT (No such file or directory)
12-17 16:43:39.920  1015  1015 E Hyphenator: 	at libcore.io.Posix.open(Native Method)
12-17 16:43:39.920  1015  1015 E Hyphenator: 	at libcore.io.BlockGuardOs.open(BlockGuardOs.java:186)
12-17 16:43:39.920  1015  1015 E Hyphenator: 	at libcore.io.IoBridge.open(IoBridge.java:438)
12-17 16:43:39.920  1015  1015 E Hyphenator: 	... 7 more
12-17 16:43:39.920  1015  1015 E Hyphenator: error loading hyphenation /system/usr/hyphen-data/hyph-nn.pat.txt
12-17 16:43:39.920  1015  1015 E Hyphenator: java.io.FileNotFoundException: /system/usr/hyphen-data/hyph-nn.pat.txt: open failed: ENOENT (No such file or directory)
12-17 16:43:39.920  1015  1015 E Hyphenator: 	at libcore.io.IoBridge.open(IoBridge.java:452)
12-17 16:43:39.920  1015  1015 E Hyphenator: 	at libcore.io.IoUtils$FileReader.<init>(IoUtils.java:207)
12-17 16:43:39.920  1015  1015 E Hyphenator: 	at libcore.io.IoUtils.readFileAsString(IoUtils.java:114)
12-17 16:43:39.920  1015  1015 E Hyphenator: 	at android.text.Hyphenator.loadHyphenator(Hyphenator.java:96)
12-17 16:43:39.920  1015  1015 E Hyphenator: 	at android.text.Hyphenator.init(Hyphenator.java:154)
12-17 16:43:39.920  1015  1015 E Hyphenator: 	at com.android.internal.os.ZygoteInit.preloadTextResources(ZygoteInit.java:207)
12-17 16:43:39.920  1015  1015 E Hyphenator: 	at com.android.internal.os.ZygoteInit.preload(ZygoteInit.java:186)
12-17 16:43:39.920  1015  1015 E Hyphenator: 	at com.android.internal.os.ZygoteInit.main(ZygoteInit.java:593)
12-17 16:43:39.920  1015  1015 E Hyphenator: Caused by: android.system.ErrnoException: open failed: ENOENT (No such file or directory)
12-17 16:43:39.920  1015  1015 E Hyphenator: 	at libcore.io.Posix.open(Native Method)
12-17 16:43:39.920  1015  1015 E Hyphenator: 	at libcore.io.BlockGuardOs.open(BlockGuardOs.java:186)
12-17 16:43:39.920  1015  1015 E Hyphenator: 	at libcore.io.IoBridge.open(IoBridge.java:438)
12-17 16:43:39.920  1015  1015 E Hyphenator: 	... 7 more
12-17 16:43:39.920  1015  1015 E Hyphenator: error loading hyphenation /system/usr/hyphen-data/hyph-sa.pat.txt
12-17 16:43:39.920  1015  1015 E Hyphenator: java.io.FileNotFoundException: /system/usr/hyphen-data/hyph-sa.pat.txt: open failed: ENOENT (No such file or directory)
12-17 16:43:39.920  1015  1015 E Hyphenator: 	at libcore.io.IoBridge.open(IoBridge.java:452)
12-17 16:43:39.920  1015  1015 E Hyphenator: 	at libcore.io.IoUtils$FileReader.<init>(IoUtils.java:207)
12-17 16:43:39.920  1015  1015 E Hyphenator: 	at libcore.io.IoUtils.readFileAsString(IoUtils.java:114)
12-17 16:43:39.920  1015  1015 E Hyphenator: 	at android.text.Hyphenator.loadHyphenator(Hyphenator.java:96)
12-17 16:43:39.920  1015  1015 E Hyphenator: 	at android.text.Hyphenator.init(Hyphenator.java:154)
12-17 16:43:39.920  1015  1015 E Hyphenator: 	at com.android.internal.os.ZygoteInit.preloadTextResources(ZygoteInit.java:207)
12-17 16:43:39.920  1015  1015 E Hyphenator: 	at com.android.internal.os.ZygoteInit.preload(ZygoteInit.java:186)
12-17 16:43:39.920  1015  1015 E Hyphenator: 	at com.android.internal.os.ZygoteInit.main(ZygoteInit.java:593)
12-17 16:43:39.920  1015  1015 E Hyphenator: Caused by: android.system.ErrnoException: open failed: ENOENT (No such file or directory)
12-17 16:43:39.920  1015  1015 E Hyphenator: 	at libcore.io.Posix.open(Native Method)
12-17 16:43:39.920  1015  1015 E Hyphenator: 	at libcore.io.BlockGuardOs.open(BlockGuardOs.java:186)
12-17 16:43:39.920  1015  1015 E Hyphenator: 	at libcore.io.IoBridge.open(IoBridge.java:438)
12-17 16:43:39.920  1015  1015 E Hyphenator: 	... 7 more
12-17 16:43:39.920  1015  1015 E Hyphenator: error loading hyphenation /system/usr/hyphen-data/hyph-und-ethi.pat.txt
12-17 16:43:39.920  1015  1015 E Hyphenator: java.io.FileNotFoundException: /system/usr/hyphen-data/hyph-und-ethi.pat.txt: open failed: ENOENT (No such file or directory)
12-17 16:43:39.920  1015  1015 E Hyphenator: 	at libcore.io.IoBridge.open(IoBridge.java:452)
12-17 16:43:39.920  1015  1015 E Hyphenator: 	at libcore.io.IoUtils$FileReader.<init>(IoUtils.java:207)
12-17 16:43:39.920  1015  1015 E Hyphenator: 	at libcore.io.IoUtils.readFileAsString(IoUtils.java:114)
12-17 16:43:39.920  1015  1015 E Hyphenator: 	at android.text.Hyphenator.loadHyphenator(Hyphenator.java:96)
12-17 16:43:39.920  1015  1015 E Hyphenator: 	at android.text.Hyphenator.init(Hyphenator.java:154)
12-17 16:43:39.920  1015  1015 E Hyphenator: 	at com.android.internal.os.ZygoteInit.preloadTextResources(ZygoteInit.java:207)
12-17 16:43:39.920  1015  1015 E Hyphenator: 	at com.android.internal.os.ZygoteInit.preload(ZygoteInit.java:186)
12-17 16:43:39.920  1015  1015 E Hyphenator: 	at com.android.internal.os.ZygoteInit.main(ZygoteInit.java:593)
12-17 16:43:39.920  1015  1015 E Hyphenator: Caused by: android.system.ErrnoException: open failed: ENOENT (No such file or directory)
12-17 16:43:39.920  1015  1015 E Hyphenator: 	at libcore.io.Posix.open(Native Method)
12-17 16:43:39.920  1015  1015 E Hyphenator: 	at libcore.io.BlockGuardOs.open(BlockGuardOs.java:186)
12-17 16:43:39.920  1015  1015 E Hyphenator: 	at libcore.io.IoBridge.open(IoBridge.java:438)
12-17 16:43:39.920  1015  1015 E Hyphenator: 	... 7 more
12-17 16:43:39.940  1015  1015 D Zygote  : end preload
12-17 16:43:39.940  1015  1015 I art     : Starting a blocking GC Explicit
12-17 16:43:39.970  1015  1015 I art     : Explicit concurrent mark sweep GC freed 10682(1091KB) AllocSpace objects, 3(60KB) LOS objects, 66% free, 1501KB/4MB, paused 0 total 10ms
12-17 16:43:39.970  1015  1015 I art     : Starting a blocking GC Explicit
12-17 16:43:39.970  1015  1015 I art     : Explicit concurrent mark sweep GC freed 2469(279KB) AllocSpace objects, 0(0B) LOS objects, 66% free, 1221KB/3MB, paused 0 total 0
12-17 16:43:39.970  1015  1015 I Zygote  : Accepting command socket connections
12-17 16:43:39.980  1426  1426 I Zygote  : Process: zygote socket opened, supported ABIS: x86
12-17 16:43:39.980  1426  1426 I InstallerConnection: connecting...
12-17 16:43:39.980  1012  1012 I installd: new connection
12-17 16:43:40.600  1426  1426 I InstallerConnection: disconnecting...
12-17 16:43:40.610  1012  1012 E installd: eof
12-17 16:43:40.610  1012  1012 E installd: failed to read size
12-17 16:43:40.610  1012  1012 I installd: closing connection
12-17 16:43:41.330  1426  1426 I SystemServer: Entered the Android system server!
12-17 16:43:41.920  1426  1426 I SystemServiceManager: Starting com.android.server.pm.Installer
12-17 16:43:42.050  1426  1426 I Installer: Waiting for installd to be ready.
12-17 16:43:42.050  1426  1426 I InstallerConnection: connecting...
12-17 16:43:42.050  1012  1012 I installd: new connection
12-17 16:43:42.050  1426  1426 I SystemServiceManager: Starting com.android.server.am.ActivityManagerService$Lifecycle
12-17 16:43:42.470  1426  1426 I ActivityManager: Memory class: 64
12-17 16:43:42.510  1426  1442 I ServiceThread: Enabled StrictMode logging for ActivityManager looper.
12-17 16:43:42.560  1426  1443 I ServiceThread: Enabled StrictMode logging for android.ui looper.
12-17 16:43:42.680  1426  1426 D BatteryStatsImpl: Reading daily items from /data/system/batterystats-daily.xml
12-17 16:43:42.720  1426  1426 I AppOps  : No existing app ops /data/system/appops.xml; starting empty
12-17 16:43:43.070  1426  1426 I IntentFirewall: Read new rules (A:0 B:0 S:0)
12-17 16:43:43.120  1426  1447 I ServiceThread: Enabled StrictMode logging for android.display looper.
12-17 16:43:43.130  1426  1426 D AppOps  : AppOpsService published
12-17 16:43:43.130  1426  1426 I SystemServiceManager: Starting com.android.server.power.PowerManagerService
12-17 16:43:43.260  1426  1449 I ServiceThread: Enabled StrictMode logging for PowerManagerService looper.
12-17 16:43:43.330  1426  1426 W libsuspend: Error writing 'on' to /sys/power/state: Invalid argument
12-17 16:43:43.330  1426  1426 I libsuspend: Selected wakeup count
12-17 16:43:43.330  1426  1426 I SystemServiceManager: Starting com.android.server.lights.LightsService
12-17 16:43:43.440  1426  1426 I SystemServiceManager: Starting com.android.server.display.DisplayManagerService
12-17 16:43:43.570  1426  1426 I SystemServiceManager: Starting phase 100
12-17 16:43:43.570   999  1076 E SurfaceFlinger: ro.sf.lcd_density must be defined as a build property
12-17 16:43:43.570  1426  1447 I DisplayManagerService: Display device added: DisplayDeviceInfo{"Built-in Screen": uniqueId="local:0", 800 x 1280, modeId 1, defaultModeId 1, supportedModes [{id=1, width=800, height=1280, fps=60.000004}], density 213, 213.0 x 213.0 dpi, appVsyncOff 0, presDeadline 17666666, touch INTERNAL, rotation 0, type BUILT_IN, state UNKNOWN, FLAG_DEFAULT_DISPLAY, FLAG_ROTATES_WITH_CONTENT, FLAG_SECURE, FLAG_SUPPORTS_PROTECTED_BUFFERS}
12-17 16:43:43.570   999   999 D SurfaceFlinger: Set power mode=2, type=0 flinger=0x7f0452bc3c00
12-17 16:43:43.570   999   999 D SurfaceFlinger: Screen type=0 is already mode=2
12-17 16:43:43.570  1426  1447 I DisplayManagerService: Display device changed state: "Built-in Screen", ON
12-17 16:43:43.570  1426  1426 I SystemServer: Package Manager
12-17 16:43:43.800  1426  1426 W SELinuxMMAC: Error opening /data/system/seapp_hash. Assuming first boot.
12-17 16:43:43.820  1426  1426 W FileUtils: Failed to chmod(/data/system/packages.list): android.system.ErrnoException: chmod failed: ENOENT (No such file or directory)
12-17 16:43:43.900  1426  1426 W SystemConfig: No directory /system/etc/sysconfig, skipping
12-17 16:43:44.150  1426  1426 D SELinuxMMAC: Using policy file /system/etc/security/mac_permissions.xml
12-17 16:43:44.170  1426  1426 I PackageManager: No settings file; creating initial state
12-17 16:43:44.390  1426  1426 E art     : DexFile_getDexOptNeeded file '/system/framework/org.apache.http.legacy.jar' does not exist
12-17 16:43:44.390  1426  1426 W PackageManager: Library not found: /system/framework/org.apache.http.legacy.jar
12-17 16:43:44.610  1426  1426 E art     : DexFile_getDexOptNeeded file '/system/framework/org.apache.http.legacy.jar' does not exist
12-17 16:43:44.610  1426  1426 W PackageManager: Library not found: /system/framework/org.apache.http.legacy.jar
12-17 16:43:45.470  1426  1426 D PackageManager: No files in app dir /vendor/overlay
12-17 16:43:45.480  1426  1426 I PackageManager: /system/framework/framework-res.apk changed; collecting certs
12-17 16:43:57.710  1426  1436 I art     : Background partial concurrent mark sweep GC freed 107011(5MB) AllocSpace objects, 4(2MB) LOS objects, 33% free, 3MB/5MB, paused 20ms total 30ms
12-17 16:43:57.910  1426  1436 I art     : Background partial concurrent mark sweep GC freed 15162(897KB) AllocSpace objects, 1(1024KB) LOS objects, 33% free, 5MB/8MB, paused 0 total 110ms
12-17 16:43:58.330  1426  1436 W art     : Suspending all threads took: 50ms
12-17 16:43:58.330  1426  1436 I art     : Background sticky concurrent mark sweep GC freed 26472(1717KB) AllocSpace objects, 0(0B) LOS objects, 9% free, 7MB/8MB, paused 50ms total 120ms
12-17 16:43:58.490  1426  1436 I art     : Background partial concurrent mark sweep GC freed 19599(1308KB) AllocSpace objects, 0(0B) LOS objects, 31% free, 8MB/12MB, paused 0 total 110ms
12-17 16:43:58.700  1426  1426 W PackageManager: Failed to parse /system/framework/oat: Missing base APK in /system/framework/oat
12-17 16:43:58.700  1426  1426 W PackageManager: Failed to parse /system/framework/x86: Missing base APK in /system/framework/x86
12-17 16:43:58.700  1426  1426 W PackageManager: Failed to parse /system/framework/x86_64: Missing base APK in /system/framework/x86_64
12-17 16:43:58.740  1426  1426 I PackageManager: /system/priv-app/BackupRestoreConfirmation changed; collecting certs
12-17 16:43:58.790  1426  1426 I PackageManager: /system/priv-app/CalendarProvider changed; collecting certs
12-17 16:43:58.800  1426  1426 I PackageManager: New shared user android.uid.calendar: id=10001
12-17 16:43:59.370  1426  1426 W PackageParser: No actions in intent filter at /system/priv-app/Contacts/Contacts.apk Binary XML file line #388
12-17 16:43:59.370  1426  1426 I PackageManager: /system/priv-app/Contacts changed; collecting certs
12-17 16:44:00.720  1426  1436 I art     : Background partial concurrent mark sweep GC freed 161126(8MB) AllocSpace objects, 15(2MB) LOS objects, 33% free, 3MB/5MB, paused 0 total 130ms
12-17 16:44:00.810  1426  1426 I PackageManager: New shared user android.uid.shared: id=10002
12-17 16:44:00.940  1426  1426 I PackageManager: /system/priv-app/ContactsProvider changed; collecting certs
12-17 16:44:00.990  1426  1426 I PackageManager: /system/priv-app/DefaultContainerService changed; collecting certs
12-17 16:44:01.520  1426  1426 W PackageParser: No actions in intent filter at /system/priv-app/Dialer/Dialer.apk Binary XML file line #172
12-17 16:44:01.520  1426  1426 I PackageManager: /system/priv-app/Dialer changed; collecting certs
12-17 16:44:01.720  1426  1436 I art     : Background partial concurrent mark sweep GC freed 42298(2MB) AllocSpace objects, 15(1348KB) LOS objects, 33% free, 3MB/5MB, paused 0 total 110ms
12-17 16:44:02.630  1426  1436 I art     : Background sticky concurrent mark sweep GC freed 11622(773KB) AllocSpace objects, 0(0B) LOS objects, 0% free, 7MB/7MB, paused 0 total 110ms
12-17 16:44:02.980  1426  1426 I PackageManager: /system/priv-app/DownloadProvider changed; collecting certs
12-17 16:44:02.990  1426  1426 I PackageManager: New shared user android.media: id=10005
12-17 16:44:03.050  1426  1426 W PackageManager: Permission android.permission.DOWNLOAD_WITHOUT_NOTIFICATION from package com.android.providers.downloads in an unknown group android.permission-group.NETWORK
12-17 16:44:03.050  1426  1426 I PackageManager: /system/priv-app/ExternalStorageProvider changed; collecting certs
12-17 16:44:03.070  1426  1426 I PackageManager: /system/priv-app/FusedLocation changed; collecting certs
12-17 16:44:03.110  1426  1426 I PackageManager: /system/priv-app/InputDevices changed; collecting certs
12-17 16:44:03.380  1426  1436 I art     : Background sticky concurrent mark sweep GC freed 9178(663KB) AllocSpace objects, 4(80KB) LOS objects, 11% free, 3MB/4MB, paused 0 total 270ms
12-17 16:44:03.560  1426  1426 I PackageManager: /system/priv-app/Launcher3 changed; collecting certs
12-17 16:44:04.460  1426  1426 I PackageManager: /system/priv-app/ManagedProvisioning changed; collecting certs
12-17 16:44:04.610  1426  1426 I PackageManager: /system/priv-app/MediaProvider changed; collecting certs
12-17 16:44:04.690  1426  1426 I PackageManager: /system/priv-app/MmsService changed; collecting certs
12-17 16:44:04.880  1426  1426 I PackageManager: /system/priv-app/PackageInstaller changed; collecting certs
12-17 16:44:05.120  1426  1426 I PackageManager: /system/priv-app/ProxyHandler changed; collecting certs
12-17 16:44:05.690  1426  1426 W PackageParser: Ignoring duplicate uses-permissions/uses-permissions-sdk-m: android.permission.USE_CREDENTIALS in package: com.android.settings at: Binary XML file line #55
12-17 16:44:05.690  1426  1426 W PackageParser: Ignoring duplicate uses-permissions/uses-permissions-sdk-m: android.permission.READ_SYNC_SETTINGS in package: com.android.settings at: Binary XML file line #60
12-17 16:44:05.690  1426  1426 W PackageParser: Ignoring duplicate uses-permissions/uses-permissions-sdk-m: android.permission.WRITE_SYNC_SETTINGS in package: com.android.settings at: Binary XML file line #61
12-17 16:44:05.820  1426  1426 I PackageManager: /system/priv-app/Settings changed; collecting certs
12-17 16:44:10.420  1426  1436 I art     : Background partial concurrent mark sweep GC freed 15031(957KB) AllocSpace objects, 10(992KB) LOS objects, 33% free, 4MB/6MB, paused 0 total 120ms
12-17 16:44:10.620  1426  1426 I PackageManager: /system/priv-app/SettingsProvider changed; collecting certs
12-17 16:44:10.670  1426  1426 I PackageManager: /system/priv-app/SharedStorageBackup changed; collecting certs
12-17 16:44:10.710  1426  1426 W PackageParser: Ignoring duplicate uses-permissions/uses-permissions-sdk-m: android.permission.INSTALL_GRANT_RUNTIME_PERMISSIONS in package: com.android.shell at: Binary XML file line #101
12-17 16:44:10.710  1426  1426 I PackageManager: /system/priv-app/Shell changed; collecting certs
12-17 16:44:10.720  1426  1426 I PackageManager: /system/priv-app/StatementService changed; collecting certs
12-17 16:44:11.020  1426  1426 W PackageParser: Ignoring duplicate uses-permissions/uses-permissions-sdk-m: android.permission.CONFIGURE_WIFI_DISPLAY in package: com.android.systemui at: Binary XML file line #119
12-17 16:44:11.150  1426  1426 I PackageManager: /system/priv-app/SystemUI changed; collecting certs
12-17 16:44:11.440  1426  1426 I PackageManager: New shared user android.uid.systemui: id=10013
12-17 16:44:12.520  1426  1426 I PackageManager: /system/priv-app/TeleService changed; collecting certs
12-17 16:44:12.890  1426  1426 I PackageManager: /system/priv-app/Telecom changed; collecting certs
12-17 16:44:13.070  1426  1426 I PackageManager: /system/priv-app/TelephonyProvider changed; collecting certs
12-17 16:44:13.160  1426  1426 I PackageManager: /system/priv-app/VpnDialogs changed; collecting certs
12-17 16:44:13.250  1426  1426 I PackageManager: /system/app/BackupTestApp changed; collecting certs
12-17 16:44:13.280  1426  1426 I PackageManager: /system/app/BasicDreams changed; collecting certs
12-17 16:44:13.470  1426  1426 I PackageManager: /system/app/Browser changed; collecting certs
12-17 16:44:14.360  1426  1426 I PackageManager: /system/app/Calculator changed; collecting certs
12-17 16:44:14.620  1426  1426 I PackageManager: /system/app/Calendar changed; collecting certs
12-17 16:44:14.960  1426  1426 I PackageManager: /system/app/CaptivePortalLogin changed; collecting certs
12-17 16:44:15.020  1426  1426 I PackageManager: /system/app/CertInstaller changed; collecting certs
12-17 16:44:15.050  1426  1426 I PackageManager: /system/app/CustomLocale changed; collecting certs
12-17 16:44:16.020  1426  1426 I PackageManager: /system/app/DeskClock changed; collecting certs
12-17 16:44:16.800  1426  1426 I PackageManager: /system/app/Development changed; collecting certs
12-17 16:44:16.880  1426  1426 I PackageManager: /system/app/DevelopmentSettings changed; collecting certs
12-17 16:44:16.940  1426  1426 I PackageManager: /system/app/DocumentsUI changed; collecting certs
12-17 16:44:17.150  1426  1426 I PackageManager: /system/app/DownloadProviderUi changed; collecting certs
12-17 16:44:17.450  1426  1426 W PackageParser: Ignoring duplicate uses-permissions/uses-permissions-sdk-m: android.permission.WRITE_CONTACTS in package: com.android.email at: Binary XML file line #40
12-17 16:44:17.500  1426  1426 I PackageManager: /system/app/Email changed; collecting certs
12-17 16:44:18.050  1426  1436 I art     : Background sticky concurrent mark sweep GC freed 19278(1225KB) AllocSpace objects, 6(388KB) LOS objects, 0% free, 4MB/4MB, paused 0 total 140ms
12-17 16:44:18.160  1426  1426 I PackageManager: /system/app/EmulatorSmokeTests changed; collecting certs
12-17 16:44:18.290  1426  1426 I PackageManager: /system/app/Exchange2 changed; collecting certs
12-17 16:44:18.380  1426  1426 I PackageManager: /system/app/Fallback changed; collecting certs
12-17 16:44:18.520  1426  1426 I PackageManager: /system/app/Gallery changed; collecting certs
12-17 16:44:18.740  1426  1426 I PackageManager: /system/app/HTMLViewer changed; collecting certs
12-17 16:44:18.820  1426  1426 I PackageManager: /system/app/KeyChain changed; collecting certs
12-17 16:44:19.700  1426  1426 I PackageManager: /system/app/LatinIME changed; collecting certs
12-17 16:44:21.300  1426  1426 I PackageManager: /system/app/LegacyCamera changed; collecting certs
12-17 16:44:23.910  1426  1426 I PackageManager: /system/app/LiveWallpapersPicker changed; collecting certs
12-17 16:44:24.080  1426  1426 I PackageManager: /system/app/Music changed; collecting certs
12-17 16:44:24.320  1426  1426 I PackageManager: /system/app/NetSpeed changed; collecting certs
12-17 16:44:24.390  1426  1426 I PackageManager: /system/app/OpenWnn changed; collecting certs
12-17 16:44:25.040  1426  1426 I PackageManager: /system/app/PacProcessor changed; collecting certs
12-17 16:44:25.120  1426  1426 I PackageManager: /system/app/PicoTts changed; collecting certs
12-17 16:44:25.150  1426  1426 I PackageManager: /system/app/PrintSpooler changed; collecting certs
12-17 16:44:25.220  1426  1426 I PackageManager: /system/app/Protips changed; collecting certs
12-17 16:44:25.290  1426  1426 I PackageManager: /system/app/QuickSearchBox changed; collecting certs
12-17 16:44:25.520  1426  1426 I PackageManager: /system/app/SdkSetup changed; collecting certs
12-17 16:44:25.530  1426  1426 I PackageManager: /system/app/SoundRecorder changed; collecting certs
12-17 16:44:25.550  1426  1426 I PackageManager: /system/app/UserDictionaryProvider changed; collecting certs
12-17 16:44:25.880  1426  1426 I PackageManager: /system/app/messaging changed; collecting certs
12-17 16:44:29.580  1426  1436 I art     : Background partial concurrent mark sweep GC freed 13752(903KB) AllocSpace objects, 13(2MB) LOS objects, 33% free, 6MB/9MB, paused 0 total 160ms
12-17 16:44:30.070  1426  1426 I PackageManager: /system/app/webview changed; collecting certs
12-17 16:44:31.180  1426  1436 I art     : Background sticky concurrent mark sweep GC freed 18543(1218KB) AllocSpace objects, 9(152KB) LOS objects, 14% free, 7MB/9MB, paused 0 total 160ms
12-17 16:44:31.290  1426  1426 D PackageManager: No files in app dir /system/vendor/app
12-17 16:44:31.290  1426  1426 D PackageManager: No files in app dir /oem/app
12-17 16:44:31.430  1426  1426 W PackageParser: No actions in intent filter at /data/app/ApiDemos/ApiDemos.apk Binary XML file line #3082
12-17 16:44:31.430  1426  1426 W PackageParser: No actions in intent filter at /data/app/ApiDemos/ApiDemos.apk Binary XML file line #3088
12-17 16:44:31.430  1426  1426 I PackageManager: /data/app/ApiDemos changed; collecting certs
12-17 16:44:33.230  1426  1426 W PackageManager: Package com.example.android.apis desires unavailable shared library com.example.will.never.exist; ignoring!
12-17 16:44:33.250  1426  1426 I PackageManager: /data/app/CubeLiveWallpapers changed; collecting certs
12-17 16:44:33.310  1426  1426 I PackageManager: /data/app/GestureBuilder changed; collecting certs
12-17 16:44:33.350  1426  1426 I PackageManager: /data/app/SmokeTest changed; collecting certs
12-17 16:44:33.410  1426  1426 I PackageManager: /data/app/SmokeTestApp changed; collecting certs
12-17 16:44:33.470  1426  1426 I PackageManager: /data/app/SoftKeyboard changed; collecting certs
12-17 16:44:33.530  1426  1426 I PackageManager: /data/app/WidgetPreview changed; collecting certs
12-17 16:44:33.590  1426  1426 D PackageManager: No files in app dir /data/app-private
12-17 16:44:33.590  1426  1426 W PackageManager: Package com.android.camera desires unavailable shared library com.google.android.media.effects; ignoring!
12-17 16:44:33.590  1426  1426 W PackageManager: Package com.example.android.apis desires unavailable shared library com.example.will.never.exist; ignoring!
12-17 16:44:33.590  1426  1426 I PackageManager: Adjusting ABI for : com.android.server.telecom to x86_64
12-17 16:44:33.590  1426  1426 I PackageManager: Adjusting ABI for : com.android.inputdevices to x86_64
12-17 16:44:33.590  1426  1426 I PackageManager: Adjusting ABI for : com.android.keychain to x86_64
12-17 16:44:33.590  1426  1426 I PackageManager: Adjusting ABI for : com.android.location.fused to x86_64
12-17 16:44:33.590  1426  1426 I PackageManager: Adjusting ABI for : com.android.providers.settings to x86_64
12-17 16:44:33.590  1426  1426 I PackageManager: Adjusting ABI for : com.android.settings to x86_64
12-17 16:44:33.590  1426  1426 I PackageManager: Time to scan packages: 49.42 seconds
12-17 16:44:33.590  1426  1426 W PackageManager: Unknown permission com.google.android.googleapps.permission.GOOGLE_AUTH in package com.android.providers.calendar
12-17 16:44:33.590  1426  1426 W PackageManager: Unknown permission com.google.android.googleapps.permission.GOOGLE_AUTH.cl in package com.android.providers.calendar
12-17 16:44:33.590  1426  1426 W PackageManager: Not granting permission android.permission.GLOBAL_SEARCH to package com.android.quicksearchbox (protectionLevel=18 flags=0x3808be45)
