--------- beginning of main
12-17 16:38:39.290   985   985 W auditd  : type=2000 audit(0.0:1): initialized
12-17 16:38:39.340   985   985 I auditd  : type=1403 audit(0.0:2): policy loaded auid=4294967295 ses=4294967295
12-17 16:38:39.340   985   985 W auditd  : type=1404 audit(0.0:3): enforcing=1 old_enforcing=0 auid=4294967295 ses=4294967295
12-17 16:38:40.970   994   994 I /system/bin/tzdatacheck: tzdata file /data/misc/zoneinfo/current/tzdata does not exist. No action required.
--------- beginning of system
12-17 16:38:40.980   986   986 I vold    : Vold 3.0 (the awakening) firing up
12-17 16:38:40.980   986   986 V vold    : Detected support for: ext4 vfat
12-17 16:38:41.620  1000  1000 I chatty  : uid=0(root) /system/bin/qemu-props expire 11 lines
12-17 16:38:41.680   997   997 I chatty  : uid=0(root) /system/bin/lmkd expire 1 line
12-17 16:38:41.710  1020  1020 I fingerprintd: Starting fingerprintd
12-17 16:38:41.740  1012  1012 I chatty  : uid=0(root) /system/bin/installd expire 6 lines
12-17 16:38:41.770  1008  1008 I chatty  : uid=0(root) /system/bin/debuggerd64 expire 1 line
12-17 16:38:42.680  1006  1006 I chatty  : uid=0(root) /system/bin/netd expire 24 lines
12-17 16:38:44.080  1016  1016 I gatekeeperd: Starting gatekeeperd...
12-17 16:38:44.080  1016  1016 W gatekeeperd: falling back to software GateKeeper
12-17 16:38:44.080  1016  1016 I gatekeeperd: cold boot: clearing state
12-17 16:38:45.760  1019  1019 I chatty  : uid=0(root) /system/xbin/perfprofd expire 3 lines
12-17 16:38:47.340  1011  1011 I mediaserver: ServiceManager: 0xf61cc680
12-17 16:38:47.340  1011  1011 I AudioFlinger: Using default 3000 mSec as standby time.
12-17 16:38:47.360  1011  1011 E         : batterystats service unavailable!
12-17 16:38:47.360  1011  1011 E         : batterystats service unavailable!
12-17 16:38:47.370  1011  1011 I CameraService: CameraService started (pid=1011)
12-17 16:38:47.370  1011  1011 I CameraService: CameraService process starting
12-17 16:38:47.370  1011  1011 E         : batterystats service unavailable!
12-17 16:38:47.370  1011  1011 E         : batterystats service unavailable!
12-17 16:38:47.410  1011  1011 D EmulatedCamera_QemuClient: Emulated camera list: 
12-17 16:38:47.410  1011  1011 D EmulatedCamera_FakeCamera: Initialize: Fake camera is facing back
12-17 16:38:47.410  1011  1011 V EmulatedCamera_Device: initializeWhiteBalanceModes with auto, 1.000000, 1.000000
12-17 16:38:47.410  1011  1011 V EmulatedCamera_Device: initializeWhiteBalanceModes with incandescent, 1.380000, 0.600000
12-17 16:38:47.410  1011  1011 V EmulatedCamera_Device: initializeWhiteBalanceModes with daylight, 1.090000, 0.920000
12-17 16:38:47.410  1011  1011 V EmulatedCamera_Device: initializeWhiteBalanceModes with twilight, 0.920000, 1.220000
12-17 16:38:47.410  1011  1011 V EmulatedCamera_Device: setWhiteBalanceMode with white balance auto
12-17 16:38:47.410  1011  1011 D EmulatedCamera_FakeCamera: Initialize: Fake camera is facing front
12-17 16:38:47.410  1011  1011 V EmulatedCamera_Device: initializeWhiteBalanceModes with auto, 1.000000, 1.000000
12-17 16:38:47.410  1011  1011 V EmulatedCamera_Device: initializeWhiteBalanceModes with incandescent, 1.380000, 0.600000
12-17 16:38:47.410  1011  1011 V EmulatedCamera_Device: initializeWhiteBalanceModes with daylight, 1.090000, 0.920000
12-17 16:38:47.410  1011  1011 V EmulatedCamera_Device: initializeWhiteBalanceModes with twilight, 0.920000, 1.220000
12-17 16:38:47.410  1011  1011 V EmulatedCamera_Device: setWhiteBalanceMode with white balance auto
12-17 16:38:47.410  1011  1011 I CameraService: Loaded "Emulated Camera Module" camera module
12-17 16:38:47.410  1011  1011 V EmulatedCamera_Camera: getCameraInfo
12-17 16:38:47.410  1011  1011 V EmulatedCamera_BaseCamera: getCameraInfo
12-17 16:38:47.410  1011  1011 I CameraFlashlight: Opening camera 0
12-17 16:38:47.410  1011  1011 V EmulatedCamera_Camera: getCameraInfo
12-17 16:38:47.410  1011  1011 V EmulatedCamera_BaseCamera: getCameraInfo
12-17 16:38:47.410  1011  1011 V EmulatedCamera_Camera: connectCamera
12-17 16:38:47.410  1011  1011 V EmulatedCamera_FakeDevice: connectDevice
12-17 16:38:47.410  1011  1011 V EmulatedCamera_CallbackNotifier: setCallbacks: 0xf763e505, 0xf763edba, 0xf763ec92, 0xf763f267 (0xf61d9a20)
12-17 16:38:47.410  1011  1011 I ServiceManager: Waiting for service SurfaceFlinger...
12-17 16:38:47.510  1007  1007 I chatty  : uid=0(root) /system/bin/debuggerd expire 1 line
12-17 16:38:48.420  1011  1011 I ServiceManager: Waiting for service SurfaceFlinger...
12-17 16:38:48.550   999   999 I SurfaceFlinger: SurfaceFlinger is starting
12-17 16:38:48.550   999   999 I SurfaceFlinger: SurfaceFlinger's main thread ready to run. Initializing graphics H/W...
12-17 16:38:48.550   999   999 D libEGL  : Emulator without GPU support detected. Fallback to legacy software renderer.
12-17 16:38:48.630   999   999 D libEGL  : loaded /system/lib64/egl/libGLES_android.so
12-17 16:38:49.150   999   999 D gralloc_goldfish: Emulator without host-side GPU emulation detected.
12-17 16:38:49.170   999   999 I gralloc : using (fd=10)
12-17 16:38:49.170   999   999 I gralloc : id           = 
12-17 16:38:49.170   999   999 I gralloc : xres         = 800 px
12-17 16:38:49.170   999   999 I gralloc : yres         = 1280 px
12-17 16:38:49.170   999   999 I gralloc : xres_virtual = 800 px
12-17 16:38:49.170   999   999 I gralloc : yres_virtual = 2560 px
12-17 16:38:49.170   999   999 I gralloc : bpp          = 16
12-17 16:38:49.170   999   999 I gralloc : r            = 11:5
12-17 16:38:49.170   999   999 I gralloc : g            =  5:6
12-17 16:38:49.170   999   999 I gralloc : b            =  0:5
12-17 16:38:49.170   999   999 I gralloc : width        = 123 mm (165.203247 dpi)
12-17 16:38:49.170   999   999 I gralloc : height       = 197 mm (165.035538 dpi)
12-17 16:38:49.170   999   999 I gralloc : refresh rate = 60.00 Hz
12-17 16:38:49.180   999   999 E SurfaceFlinger: hwcomposer module not found
12-17 16:38:49.180   999   999 W SurfaceFlinger: no suitable EGLConfig found, trying a simpler query
12-17 16:38:49.180   999   999 W SurfaceFlinger: EGL_SLOW_CONFIG selected!
12-17 16:38:49.180   999   999 I SurfaceFlinger: EGL information:
12-17 16:38:49.180   999   999 I SurfaceFlinger: vendor    : Android
12-17 16:38:49.180   999   999 I SurfaceFlinger: version   : 1.4 Android META-EGL
12-17 16:38:49.180   999   999 I SurfaceFlinger: extensions: EGL_KHR_get_all_proc_addresses EGL_ANDROID_presentation_time EGL_KHR_swap_buffers_with_damage EGL_KHR_image_base EGL_KHR_fence_sync EGL_ANDROID_image_native_buffer 
12-17 16:38:49.180   999   999 I SurfaceFlinger: Client API: OpenGL_ES
12-17 16:38:49.180   999   999 I SurfaceFlinger: EGLSurface: 5-6-5-0, config=0x0
12-17 16:38:49.180   999   999 W SurfaceFlinger: no suitable EGLConfig found, trying a simpler query
12-17 16:38:49.180   999   999 W SurfaceFlinger: EGL_SLOW_CONFIG selected!
12-17 16:38:49.180   999   999 I SurfaceFlinger: EGL information:
12-17 16:38:49.180   999   999 I SurfaceFlinger: vendor    : Android
12-17 16:38:49.180   999   999 I SurfaceFlinger: version   : 1.4 Android META-EGL
12-17 16:38:49.180   999   999 I SurfaceFlinger: extensions: EGL_KHR_get_all_proc_addresses EGL_ANDROID_presentation_time EGL_KHR_swap_buffers_with_damage EGL_KHR_image_base EGL_KHR_fence_sync EGL_ANDROID_image_native_buffer 
12-17 16:38:49.180   999   999 I SurfaceFlinger: Client API: OpenGL_ES
12-17 16:38:49.180   999   999 I SurfaceFlinger: EGLSurface: 5-6-5-0, config=0x0
12-17 16:38:49.180   999   999 I SurfaceFlinger: OpenGL ES informations:
12-17 16:38:49.180   999   999 I SurfaceFlinger: vendor    : Android
12-17 16:38:49.180   999   999 I SurfaceFlinger: renderer  : Android PixelFlinger 1.4
12-17 16:38:49.180   999   999 I SurfaceFlinger: version   : OpenGL ES-CM 1.0
12-17 16:38:49.180   999   999 I SurfaceFlinger: extensions: GL_EXT_debug_marker GL_OES_byte_coordinates GL_OES_fixed_point GL_OES_single_precision GL_OES_read_format GL_OES_compressed_paletted_texture GL_OES_draw_texture GL_OES_matrix_get GL_OES_query_matrix GL_OES_EGL_image GL_OES_EGL_sync GL_OES_compressed_ETC1_RGB8_texture GL_ARB_texture_compression GL_ARB_texture_non_power_of_two GL_ANDROID_user_clip_plane GL_ANDROID_vertex_buffer_object GL_ANDROID_generate_mipmap 
12-17 16:38:49.180   999   999 I SurfaceFlinger: GL_MAX_TEXTURE_SIZE = 4096
12-17 16:38:49.180   999   999 I SurfaceFlinger: GL_MAX_VIEWPORT_DIMS = 4096
12-17 16:38:49.180   999   999 E cutils-trace: Error opening trace file: Permission denied (13)
12-17 16:38:49.180   999   999 W SurfaceFlinger: no suitable EGLConfig found, trying a simpler query
12-17 16:38:49.180   999   999 W SurfaceFlinger: EGL_SLOW_CONFIG selected!
12-17 16:38:49.180   999   999 I SurfaceFlinger: EGL information:
12-17 16:38:49.180   999   999 I SurfaceFlinger: vendor    : Android
12-17 16:38:49.180   999   999 I SurfaceFlinger: version   : 1.4 Android META-EGL
12-17 16:38:49.180   999   999 I SurfaceFlinger: extensions: EGL_KHR_get_all_proc_addresses EGL_ANDROID_presentation_time EGL_KHR_swap_buffers_with_damage EGL_KHR_image_base EGL_KHR_fence_sync EGL_ANDROID_image_native_buffer 
12-17 16:38:49.180   999   999 I SurfaceFlinger: Client API: OpenGL_ES
12-17 16:38:49.180   999   999 I SurfaceFlinger: EGLSurface: 5-6-5-0, config=0x0
12-17 16:38:49.180   999   999 D SurfaceFlinger: Set power mode=2, type=0 flinger=0x7f0452bc3c00
12-17 16:38:49.430  1011  1011 E cutils-trace: Error opening trace file: Permission denied (13)
12-17 16:38:49.430  1011  1011 V EmulatedCamera_Preview: setPreviewWindow: current: 0x0 -> new: 0xf61d9a30
12-17 16:38:49.430  1011  1011 V EmulatedCamera_Camera: setParameters
12-17 16:38:49.430  1011  1011 D EmulatedCamera_Camera: +++ New parameter: flash-mode=off
12-17 16:38:49.430  1011  1011 V EmulatedCamera_Camera: doStopPreview
12-17 16:38:49.430  1011  1011 V EmulatedCamera_Preview: setPreviewWindow: current: 0xf61d9a30 -> new: 0x0
12-17 16:38:49.430  1011  1011 V EmulatedCamera_Camera: releaseCamera
12-17 16:38:49.430  1011  1011 V EmulatedCamera_Camera: doStopPreview
12-17 16:38:49.430  1011  1011 V EmulatedCamera_FakeDevice: disconnectDevice
12-17 16:38:49.430  1011  1011 I CameraFlashlight: Destroying camera 0
12-17 16:38:49.430  1011  1011 V EmulatedCamera_Camera: closeCamera
12-17 16:38:49.430  1011  1011 V EmulatedCamera_Camera: doStopPreview
12-17 16:38:49.430  1011  1011 V EmulatedCamera_Camera: getCameraInfo
12-17 16:38:49.430  1011  1011 V EmulatedCamera_BaseCamera: getCameraInfo
12-17 16:38:49.430  1011  1011 I CameraFlashlight: Opening camera 1
12-17 16:38:49.430  1011  1011 V EmulatedCamera_Camera: getCameraInfo
12-17 16:38:49.430  1011  1011 V EmulatedCamera_BaseCamera: getCameraInfo
12-17 16:38:49.430  1011  1011 V EmulatedCamera_Camera: connectCamera
12-17 16:38:49.430  1011  1011 V EmulatedCamera_FakeDevice: connectDevice
12-17 16:38:49.430  1011  1011 V EmulatedCamera_CallbackNotifier: setCallbacks: 0xf763e505, 0xf763edba, 0xf763ec92, 0xf763f267 (0xf61d9a20)
12-17 16:38:49.430  1011  1011 V EmulatedCamera_Preview: setPreviewWindow: current: 0x0 -> new: 0xf61d9a30
12-17 16:38:49.430  1011  1011 V EmulatedCamera_Camera: setParameters
12-17 16:38:49.430  1011  1011 D EmulatedCamera_Camera: +++ New parameter: flash-mode=off
12-17 16:38:49.430  1011  1011 V EmulatedCamera_Camera: doStopPreview
12-17 16:38:49.430  1011  1011 V EmulatedCamera_Preview: setPreviewWindow: current: 0xf61d9a30 -> new: 0x0
12-17 16:38:49.430  1011  1011 V EmulatedCamera_Camera: releaseCamera
12-17 16:38:49.430  1011  1011 V EmulatedCamera_Camera: doStopPreview
12-17 16:38:49.430  1011  1011 V EmulatedCamera_FakeDevice: disconnectDevice
12-17 16:38:49.430  1011  1011 I CameraFlashlight: Destroying camera 1
12-17 16:38:49.430  1011  1011 V EmulatedCamera_Camera: closeCamera
12-17 16:38:49.430  1011  1011 V EmulatedCamera_Camera: doStopPreview
12-17 16:38:49.430  1011  1011 V EmulatedCamera_Camera: getCameraInfo
12-17 16:38:49.430  1011  1011 V EmulatedCamera_BaseCamera: getCameraInfo
12-17 16:38:49.430  1011  1011 V EmulatedCamera_Camera: getCameraInfo
12-17 16:38:49.430  1011  1011 V EmulatedCamera_BaseCamera: getCameraInfo
12-17 16:38:49.430  1011  1011 E CameraService: setUpVendorTags: Vendor tag operations not fully defined. Ignoring definitions.
12-17 16:38:49.430  1011  1011 I ServiceManager: Waiting for service media.camera.proxy...
12-17 16:38:50.440  1011  1011 I ServiceManager: Waiting for service media.camera.proxy...
12-17 16:38:51.450  1011  1011 I ServiceManager: Waiting for service media.camera.proxy...
12-17 16:38:51.500   999  1074 E SurfaceFlinger: ro.sf.lcd_density must be defined as a build property
12-17 16:38:51.500  1085  1111 D libEGL  : Emulator without GPU support detected. Fallback to legacy software renderer.
12-17 16:38:51.510  1085  1111 D libEGL  : loaded /system/lib64/egl/libGLES_android.so
12-17 16:38:51.530  1085  1111 E cutils-trace: Error opening trace file: Permission denied (13)
12-17 16:38:51.550  1085  1111 D gralloc_goldfish: Emulator without host-side GPU emulation detected.
12-17 16:38:52.460  1011  1011 I ServiceManager: Waiting for service media.camera.proxy...
12-17 16:38:53.470  1011  1011 I ServiceManager: Waiting for service media.camera.proxy...
12-17 16:38:54.490  1011  1011 I AudioPolicyService: AudioPolicyService CSTOR in new mode
12-17 16:38:55.940  1011  1011 I APM::ConfigParsingUtils: loadAudioPolicyConfig() loaded /system/etc/audio_policy.conf
12-17 16:38:56.060  1011  1011 I AudioFlinger: loadHwModule() Loaded primary audio interface from Generic audio HW HAL (audio) handle 1
12-17 16:38:56.060  1011  1011 I AudioFlinger: openOutput(), module 1 Device 2, SamplingRate 44100, Format 0x000001, Channels 3, flags 2
12-17 16:38:56.270  1011  1011 I AudioFlinger: AudioStreamOut::open(), mHalFormatIsLinearPcm = 1
12-17 16:38:56.350  1011  1011 I AudioFlinger: HAL output buffer size 1024 frames, normal sink buffer size 1024 frames
12-17 16:38:56.780  1011  1011 I BufferProvider: found effect "Multichannel Downmix To Stereo" from The Android Open Source Project
12-17 16:38:56.810  1011  1147 I AudioFlinger: AudioFlinger's thread 0xf4580000 ready to run
12-17 16:38:56.840  1011  1011 I AudioFlinger: Using module 1 has the primary audio interface
12-17 16:38:56.840  1011  1147 E AudioFlinger: no wake lock to update!
12-17 16:38:57.120  1011  1011 E audio_hw_generic: Error opening input stream format 1, channel_mask 0010, sample_rate 16000
12-17 16:38:57.120  1011  1148 I AudioFlinger: AudioFlinger's thread 0xf4380000 ready to run
12-17 16:38:57.120  1011  1011 E AudioFlinger: int android::load_audio_interface(const char*, audio_hw_device_t**) couldn't load audio hw module audio.r_submix (No such file or directory)
12-17 16:38:57.120  1011  1011 I AudioFlinger: loadHwModule() error -2 loading module r_submix 
12-17 16:38:57.120  1011  1011 W APM::AudioPolicyManager: could not open HW module r_submix
12-17 16:38:57.120  1011  1011 W APM::AudioPolicyManager: Input device 80000100 unreachable
12-17 16:38:57.120  1011  1011 E SoundTriggerHwService: couldn't load sound trigger module sound_trigger.primary (No such file or directory)
12-17 16:38:57.120  1011  1011 I RadioService: RadioService
12-17 16:38:57.120  1011  1011 I RadioService: onFirstRef
12-17 16:38:57.120  1011  1011 E RadioService: couldn't load radio module radio.primary (No such file or directory)
12-17 16:39:03.490  1015  1015 I chatty  : uid=0(root) main expire 66 lines
12-17 16:39:19.130  1014  1014 I chatty  : uid=0(root) main expire 70 lines
12-17 16:39:56.130  1006  1369 I chatty  : uid=0(root) /system/bin/netd expire 2 lines
12-17 16:43:28.680  1014  1413 I chatty  : uid=0(root) main expire 2 lines
12-17 16:43:29.260  1015  1393 I chatty  : uid=0(root) main expire 2 lines
12-17 16:43:34.150  1420  1420 D idmap   : error: no read access to /vendor/overlay: No such file or directory
12-17 16:43:34.190  1421  1421 D idmap   : error: no read access to /vendor/overlay: No such file or directory
12-17 16:43:34.600  1015  1015 I chatty  : uid=0(root) main expire 155 lines
12-17 16:43:34.640  1014  1014 I chatty  : uid=0(root) main expire 172 lines
12-17 16:43:36.290  1014  1014 W Resources: Preloaded drawable resource #0x108023b (android:drawable/btn_toggle_on_normal_holo_light) that varies with configuration!!
12-17 16:43:36.290  1014  1014 W Resources: Preloaded drawable resource #0x1080235 (android:drawable/btn_toggle_on_disabled_focused_holo_light) that varies with configuration!!
12-17 16:43:36.290  1014  1014 W Resources: Preloaded drawable resource #0x1080237 (android:drawable/btn_toggle_on_disabled_holo_light) that varies with configuration!!
12-17 16:43:36.290  1014  1014 W Resources: Preloaded drawable resource #0x1080230 (android:drawable/btn_toggle_off_normal_holo_light) that varies with configuration!!
12-17 16:43:36.290  1014  1014 W Resources: Preloaded drawable resource #0x108022c (android:drawable/btn_toggle_off_disabled_holo_light) that varies with configuration!!
12-17 16:43:36.290  1014  1014 W Resources: Preloaded drawable resource #0x1080232 (android:drawable/btn_toggle_off_pressed_holo_light) that varies with configuration!!
12-17 16:43:36.290  1014  1014 W Resources: Preloaded drawable resource #0x108022e (android:drawable/btn_toggle_off_focused_holo_light) that varies with configuration!!
12-17 16:43:36.290  1014  1014 W Resources: Preloaded drawable resource #0x1080230 (android:drawable/btn_toggle_off_normal_holo_light) that varies with configuration!!
12-17 16:43:36.290  1014  1014 W Resources: Preloaded drawable resource #0x108022a (android:drawable/btn_toggle_off_disabled_focused_holo_light) that varies with configuration!!
12-17 16:43:36.290  1014  1014 W Resources: Preloaded drawable resource #0x108022c (android:drawable/btn_toggle_off_disabled_holo_light) that varies with configuration!!
12-17 16:43:36.290  1014  1014 W Resources: Preloaded drawable resource #0x1080226 (android:drawable/btn_toggle_holo_light) that varies with configuration!!
12-17 16:43:36.290  1014  1014 W Resources: Preloaded drawable resource #0x108023a (android:drawable/btn_toggle_on_normal_holo_dark) that varies with configuration!!
12-17 16:43:36.290  1014  1014 W Resources: Preloaded drawable resource #0x1080236 (android:drawable/btn_toggle_on_disabled_holo_dark) that varies with configuration!!
12-17 16:43:36.290  1014  1014 W Resources: Preloaded drawable resource #0x108023c (android:drawable/btn_toggle_on_pressed_holo_dark) that varies with configuration!!
12-17 16:43:36.290  1014  1014 W Resources: Preloaded drawable resource #0x1080238 (android:drawable/btn_toggle_on_focused_holo_dark) that varies with configuration!!
12-17 16:43:36.290  1014  1014 W Resources: Preloaded drawable resource #0x108023a (android:drawable/btn_toggle_on_normal_holo_dark) that varies with configuration!!
12-17 16:43:36.290  1014  1014 W Resources: Preloaded drawable resource #0x1080234 (android:drawable/btn_toggle_on_disabled_focused_holo_dark) that varies with configuration!!
12-17 16:43:36.290  1014  1014 W Resources: Preloaded drawable resource #0x1080236 (android:drawable/btn_toggle_on_disabled_holo_dark) that varies with configuration!!
12-17 16:43:36.290  1014  1014 W Resources: Preloaded drawable resource #0x108022f (android:drawable/btn_toggle_off_normal_holo_dark) that varies with configuration!!
12-17 16:43:36.290  1014  1014 W Resources: Preloaded drawable resource #0x108022b (android:drawable/btn_toggle_off_disabled_holo_dark) that varies with configuration!!
12-17 16:43:36.290  1014  1014 W Resources: Preloaded drawable resource #0x1080231 (android:drawable/btn_toggle_off_pressed_holo_dark) that varies with configuration!!
12-17 16:43:36.290  1014  1014 W Resources: Preloaded drawable resource #0x108022d (android:drawable/btn_toggle_off_focused_holo_dark) that varies with configuration!!
12-17 16:43:36.290  1014  1014 W Resources: Preloaded drawable resource #0x108022f (android:drawable/btn_toggle_off_normal_holo_dark) that varies with configuration!!
12-17 16:43:36.290  1014  1014 W Resources: Preloaded drawable resource #0x1080229 (android:drawable/btn_toggle_off_disabled_focused_holo_dark) that varies with configuration!!
12-17 16:43:36.290  1014  1014 W Resources: Preloaded drawable resource #0x108022b (android:drawable/btn_toggle_off_disabled_holo_dark) that varies with configuration!!
12-17 16:43:36.290  1014  1014 W Resources: Preloaded drawable resource #0x1080225 (android:drawable/btn_toggle_holo_dark) that varies with configuration!!
12-17 16:43:36.290  1014  1014 W Resources: Preloaded drawable resource #0x108070d (android:drawable/textfield_multiline_default_holo_light) that varies with configuration!!
12-17 16:43:36.290  1014  1014 W Resources: Preloaded drawable resource #0x1080711 (android:drawable/textfield_multiline_disabled_holo_light) that varies with configuration!!
12-17 16:43:36.290  1014  1014 W Resources: Preloaded drawable resource #0x108070b (android:drawable/textfield_multiline_activated_holo_light) that varies with configuration!!
12-17 16:43:36.290  1014  1014 W Resources: Preloaded drawable resource #0x1080713 (android:drawable/textfield_multiline_focused_holo_light) that varies with configuration!!
12-17 16:43:36.290  1014  1014 W Resources: Preloaded drawable resource #0x108070d (android:drawable/textfield_multiline_default_holo_light) that varies with configuration!!
12-17 16:43:36.290  1014  1014 W Resources: Preloaded drawable resource #0x108070f (android:drawable/textfield_multiline_disabled_focused_holo_light) that varies with configuration!!
12-17 16:43:36.290  1014  1014 W Resources: Preloaded drawable resource #0x1080711 (android:drawable/textfield_multiline_disabled_holo_light) that varies with configuration!!
12-17 16:43:36.360  1015  1015 W Resources: Preloaded drawable resource #0x1080236 (android:drawable/btn_toggle_on_disabled_holo_dark) that varies with configuration!!
12-17 16:43:36.360  1015  1015 W Resources: Preloaded drawable resource #0x1080235 (android:drawable/btn_toggle_on_disabled_focused_holo_light) that varies with configuration!!
12-17 16:43:36.360  1015  1015 W Resources: Preloaded drawable resource #0x1080234 (android:drawable/btn_toggle_on_disabled_focused_holo_dark) that varies with configuration!!
12-17 16:43:36.360  1015  1015 W Resources: Preloaded drawable resource #0x1080232 (android:drawable/btn_toggle_off_pressed_holo_light) that varies with configuration!!
12-17 16:43:36.360  1015  1015 W Resources: Preloaded drawable resource #0x1080231 (android:drawable/btn_toggle_off_pressed_holo_dark) that varies with configuration!!
12-17 16:43:36.360  1015  1015 W Resources: Preloaded drawable resource #0x1080230 (android:drawable/btn_toggle_off_normal_holo_light) that varies with configuration!!
12-17 16:43:36.360  1015  1015 W Resources: Preloaded drawable resource #0x108022f (android:drawable/btn_toggle_off_normal_holo_dark) that varies with configuration!!
12-17 16:43:36.360  1015  1015 W Resources: Preloaded drawable resource #0x108022e (android:drawable/btn_toggle_off_focused_holo_light) that varies with configuration!!
12-17 16:43:36.360  1015  1015 W Resources: Preloaded drawable resource #0x108022d (android:drawable/btn_toggle_off_focused_holo_dark) that varies with configuration!!
12-17 16:43:36.360  1015  1015 W Resources: Preloaded drawable resource #0x108022c (android:drawable/btn_toggle_off_disabled_holo_light) that varies with configuration!!
12-17 16:43:36.360  1015  1015 W Resources: Preloaded drawable resource #0x108022b (android:drawable/btn_toggle_off_disabled_holo_dark) that varies with configuration!!
12-17 16:43:36.360  1015  1015 W Resources: Preloaded drawable resource #0x108022a (android:drawable/btn_toggle_off_disabled_focused_holo_light) that varies with configuration!!
12-17 16:43:36.360  1015  1015 W Resources: Preloaded drawable resource #0x1080229 (android:drawable/btn_toggle_off_disabled_focused_holo_dark) that varies with configuration!!
12-17 16:43:36.360  1015  1015 W Resources: Preloaded drawable resource #0x108023b (android:drawable/btn_toggle_on_normal_holo_light) that varies with configuration!!
12-17 16:43:36.360  1015  1015 W Resources: Preloaded drawable resource #0x1080237 (android:drawable/btn_toggle_on_disabled_holo_light) that varies with configuration!!
12-17 16:43:36.360  1015  1015 W Resources: Preloaded drawable resource #0x108023d (android:drawable/btn_toggle_on_pressed_holo_light) that varies with configuration!!
12-17 16:43:36.360  1015  1015 W Resources: Preloaded drawable resource #0x1080239 (android:drawable/btn_toggle_on_focused_holo_light) that varies with configuration!!
12-17 16:43:36.360  1015  1015 W Resources: Preloaded drawable resource #0x108023b (android:drawable/btn_toggle_on_normal_holo_light) that varies with configuration!!
12-17 16:43:36.360  1015  1015 W Resources: Preloaded drawable resource #0x1080235 (android:drawable/btn_toggle_on_disabled_focused_holo_light) that varies with configuration!!
12-17 16:43:36.360  1015  1015 W Resources: Preloaded drawable resource #0x1080237 (android:drawable/btn_toggle_on_disabled_holo_light) that varies with configuration!!
12-17 16:43:36.370  1014  1014 W Resources: Preloaded drawable resource #0x10806ff (android:drawable/textfield_default_holo_light) that varies with configuration!!
12-17 16:43:36.370  1014  1014 W Resources: Preloaded drawable resource #0x1080705 (android:drawable/textfield_disabled_holo_light) that varies with configuration!!
12-17 16:43:36.370  1014  1014 W Resources: Preloaded drawable resource #0x10806f6 (android:drawable/textfield_activated_holo_light) that varies with configuration!!
12-17 16:43:36.370  1014  1014 W Resources: Preloaded drawable resource #0x1080708 (android:drawable/textfield_focused_holo_light) that varies with configuration!!
12-17 16:43:36.370  1014  1014 W Resources: Preloaded drawable resource #0x10806ff (android:drawable/textfield_default_holo_light) that varies with configuration!!
12-17 16:43:36.460  1014  1014 W Resources: Preloaded drawable resource #0x1080703 (android:drawable/textfield_disabled_focused_holo_light) that varies with configuration!!
12-17 16:43:36.460  1014  1014 W Resources: Preloaded drawable resource #0x1080705 (android:drawable/textfield_disabled_holo_light) that varies with configuration!!
12-17 16:43:36.460  1015  1015 W Resources: Preloaded drawable resource #0x1080230 (android:drawable/btn_toggle_off_normal_holo_light) that varies with configuration!!
12-17 16:43:36.460  1015  1015 W Resources: Preloaded drawable resource #0x108022c (android:drawable/btn_toggle_off_disabled_holo_light) that varies with configuration!!
12-17 16:43:36.460  1015  1015 W Resources: Preloaded drawable resource #0x1080232 (android:drawable/btn_toggle_off_pressed_holo_light) that varies with configuration!!
12-17 16:43:36.460  1015  1015 W Resources: Preloaded drawable resource #0x108022e (android:drawable/btn_toggle_off_focused_holo_light) that varies with configuration!!
12-17 16:43:36.460  1015  1015 W Resources: Preloaded drawable resource #0x1080230 (android:drawable/btn_toggle_off_normal_holo_light) that varies with configuration!!
12-17 16:43:36.460  1015  1015 W Resources: Preloaded drawable resource #0x108022a (android:drawable/btn_toggle_off_disabled_focused_holo_light) that varies with configuration!!
12-17 16:43:36.460  1015  1015 W Resources: Preloaded drawable resource #0x108022c (android:drawable/btn_toggle_off_disabled_holo_light) that varies with configuration!!
12-17 16:43:36.460  1015  1015 W Resources: Preloaded drawable resource #0x1080226 (android:drawable/btn_toggle_holo_light) that varies with configuration!!
12-17 16:43:36.460  1015  1015 W Resources: Preloaded drawable resource #0x108023a (android:drawable/btn_toggle_on_normal_holo_dark) that varies with configuration!!
12-17 16:43:36.460  1015  1015 W Resources: Preloaded drawable resource #0x1080236 (android:drawable/btn_toggle_on_disabled_holo_dark) that varies with configuration!!
12-17 16:43:36.460  1015  1015 W Resources: Preloaded drawable resource #0x108023c (android:drawable/btn_toggle_on_pressed_holo_dark) that varies with configuration!!
12-17 16:43:36.460  1015  1015 W Resources: Preloaded drawable resource #0x1080238 (android:drawable/btn_toggle_on_focused_holo_dark) that varies with configuration!!
12-17 16:43:36.460  1015  1015 W Resources: Preloaded drawable resource #0x108023a (android:drawable/btn_toggle_on_normal_holo_dark) that varies with configuration!!
12-17 16:43:36.460  1015  1015 W Resources: Preloaded drawable resource #0x1080234 (android:drawable/btn_toggle_on_disabled_focused_holo_dark) that varies with configuration!!
12-17 16:43:36.460  1015  1015 W Resources: Preloaded drawable resource #0x1080236 (android:drawable/btn_toggle_on_disabled_holo_dark) that varies with configuration!!
12-17 16:43:36.460  1015  1015 W Resources: Preloaded drawable resource #0x108022f (android:drawable/btn_toggle_off_normal_holo_dark) that varies with configuration!!
12-17 16:43:36.470  1014  1014 W Resources: Preloaded drawable resource #0x10802a5 (android:drawable/edit_text_holo_light) that varies with configuration!!
12-17 16:43:36.470  1014  1014 W Resources: Preloaded drawable resource #0x108070c (android:drawable/textfield_multiline_default_holo_dark) that varies with configuration!!
12-17 16:43:36.470  1014  1014 W Resources: Preloaded drawable resource #0x1080710 (android:drawable/textfield_multiline_disabled_holo_dark) that varies with configuration!!
12-17 16:43:36.470  1014  1014 W Resources: Preloaded drawable resource #0x108070a (android:drawable/textfield_multiline_activated_holo_dark) that varies with configuration!!
12-17 16:43:36.480  1015  1015 W Resources: Preloaded drawable resource #0x108022b (android:drawable/btn_toggle_off_disabled_holo_dark) that varies with configuration!!
12-17 16:43:36.480  1015  1015 W Resources: Preloaded drawable resource #0x1080231 (android:drawable/btn_toggle_off_pressed_holo_dark) that varies with configuration!!
12-17 16:43:36.480  1015  1015 W Resources: Preloaded drawable resource #0x108022d (android:drawable/btn_toggle_off_focused_holo_dark) that varies with configuration!!
12-17 16:43:36.480  1015  1015 W Resources: Preloaded drawable resource #0x108022f (android:drawable/btn_toggle_off_normal_holo_dark) that varies with configuration!!
12-17 16:43:36.480  1015  1015 W Resources: Preloaded drawable resource #0x1080229 (android:drawable/btn_toggle_off_disabled_focused_holo_dark) that varies with configuration!!
12-17 16:43:36.480  1015  1015 W Resources: Preloaded drawable resource #0x108022b (android:drawable/btn_toggle_off_disabled_holo_dark) that varies with configuration!!
12-17 16:43:36.480  1015  1015 W Resources: Preloaded drawable resource #0x1080225 (android:drawable/btn_toggle_holo_dark) that varies with configuration!!
12-17 16:43:36.480  1015  1015 W Resources: Preloaded drawable resource #0x108070d (android:drawable/textfield_multiline_default_holo_light) that varies with configuration!!
12-17 16:43:36.480  1015  1015 W Resources: Preloaded drawable resource #0x1080711 (android:drawable/textfield_multiline_disabled_holo_light) that varies with configuration!!
12-17 16:43:36.480  1015  1015 W Resources: Preloaded drawable resource #0x108070b (android:drawable/textfield_multiline_activated_holo_light) that varies with configuration!!
12-17 16:43:36.550  1014  1014 W Resources: Preloaded drawable resource #0x1080712 (android:drawable/textfield_multiline_focused_holo_dark) that varies with configuration!!
12-17 16:43:36.550  1014  1014 W Resources: Preloaded drawable resource #0x108070c (android:drawable/textfield_multiline_default_holo_dark) that varies with configuration!!
12-17 16:43:36.550  1014  1014 W Resources: Preloaded drawable resource #0x108070e (android:drawable/textfield_multiline_disabled_focused_holo_dark) that varies with configuration!!
12-17 16:43:36.550  1014  1014 W Resources: Preloaded drawable resource #0x1080710 (android:drawable/textfield_multiline_disabled_holo_dark) that varies with configuration!!
12-17 16:43:36.550  1014  1014 W Resources: Preloaded drawable resource #0x10806fe (android:drawable/textfield_default_holo_dark) that varies with configuration!!
12-17 16:43:36.550  1014  1014 W Resources: Preloaded drawable resource #0x1080704 (android:drawable/textfield_disabled_holo_dark) that varies with configuration!!
12-17 16:43:36.550  1014  1014 W Resources: Preloaded drawable resource #0x10806f5 (android:drawable/textfield_activated_holo_dark) that varies with configuration!!
12-17 16:43:36.550  1014  1014 W Resources: Preloaded drawable resource #0x1080707 (android:drawable/textfield_focused_holo_dark) that varies with configuration!!
12-17 16:43:36.550  1014  1014 W Resources: Preloaded drawable resource #0x10806fe (android:drawable/textfield_default_holo_dark) that varies with configuration!!
12-17 16:43:36.550  1014  1014 W Resources: Preloaded drawable resource #0x1080702 (android:drawable/textfield_disabled_focused_holo_dark) that varies with configuration!!
12-17 16:43:36.550  1014  1014 W Resources: Preloaded drawable resource #0x1080704 (android:drawable/textfield_disabled_holo_dark) that varies with configuration!!
12-17 16:43:36.550  1014  1014 W Resources: Preloaded drawable resource #0x10802a4 (android:drawable/edit_text_holo_dark) that varies with configuration!!
12-17 16:43:36.600  1015  1015 W Resources: Preloaded drawable resource #0x1080713 (android:drawable/textfield_multiline_focused_holo_light) that varies with configuration!!
12-17 16:43:36.600  1015  1015 W Resources: Preloaded drawable resource #0x108070d (android:drawable/textfield_multiline_default_holo_light) that varies with configuration!!
12-17 16:43:36.600  1015  1015 W Resources: Preloaded drawable resource #0x108070f (android:drawable/textfield_multiline_disabled_focused_holo_light) that varies with configuration!!
12-17 16:43:36.600  1015  1015 W Resources: Preloaded drawable resource #0x1080711 (android:drawable/textfield_multiline_disabled_holo_light) that varies with configuration!!
12-17 16:43:36.600  1015  1015 W Resources: Preloaded drawable resource #0x10806ff (android:drawable/textfield_default_holo_light) that varies with configuration!!
12-17 16:43:36.600  1015  1015 W Resources: Preloaded drawable resource #0x1080705 (android:drawable/textfield_disabled_holo_light) that varies with configuration!!
12-17 16:43:36.600  1015  1015 W Resources: Preloaded drawable resource #0x10806f6 (android:drawable/textfield_activated_holo_light) that varies with configuration!!
12-17 16:43:36.600  1015  1015 W Resources: Preloaded drawable resource #0x1080708 (android:drawable/textfield_focused_holo_light) that varies with configuration!!
12-17 16:43:36.600  1015  1015 W Resources: Preloaded drawable resource #0x10806ff (android:drawable/textfield_default_holo_light) that varies with configuration!!
12-17 16:43:36.600  1015  1015 W Resources: Preloaded drawable resource #0x1080703 (android:drawable/textfield_disabled_focused_holo_light) that varies with configuration!!
12-17 16:43:36.600  1015  1015 W Resources: Preloaded drawable resource #0x1080705 (android:drawable/textfield_disabled_holo_light) that varies with configuration!!
12-17 16:43:36.600  1015  1015 W Resources: Preloaded drawable resource #0x10802a5 (android:drawable/edit_text_holo_light) that varies with configuration!!
12-17 16:43:36.600  1015  1015 W Resources: Preloaded drawable resource #0x108070c (android:drawable/textfield_multiline_default_holo_dark) that varies with configuration!!
12-17 16:43:36.600  1015  1015 W Resources: Preloaded drawable resource #0x1080710 (android:drawable/textfield_multiline_disabled_holo_dark) that varies with configuration!!
12-17 16:43:36.600  1015  1015 W Resources: Preloaded drawable resource #0x108070a (android:drawable/textfield_multiline_activated_holo_dark) that varies with configuration!!
12-17 16:43:36.600  1015  1015 W Resources: Preloaded drawable resource #0x1080712 (android:drawable/textfield_multiline_focused_holo_dark) that varies with configuration!!
12-17 16:43:36.600  1015  1015 W Resources: Preloaded drawable resource #0x108070c (android:drawable/textfield_multiline_default_holo_dark) that varies with configuration!!
12-17 16:43:36.600  1015  1015 W Resources: Preloaded drawable resource #0x108070e (android:drawable/textfield_multiline_disabled_focused_holo_dark) that varies with configuration!!
12-17 16:43:36.600  1015  1015 W Resources: Preloaded drawable resource #0x1080710 (android:drawable/textfield_multiline_disabled_holo_dark) that varies with configuration!!
12-17 16:43:36.600  1015  1015 W Resources: Preloaded drawable resource #0x10806fe (android:drawable/textfield_default_holo_dark) that varies with configuration!!
12-17 16:43:36.600  1015  1015 W Resources: Preloaded drawable resource #0x1080704 (android:drawable/textfield_disabled_holo_dark) that varies with configuration!!
12-17 16:43:36.600  1015  1015 W Resources: Preloaded drawable resource #0x10806f5 (android:drawable/textfield_activated_holo_dark) that varies with configuration!!
12-17 16:43:36.600  1015  1015 W Resources: Preloaded drawable resource #0x1080707 (android:drawable/textfield_focused_holo_dark) that varies with configuration!!
12-17 16:43:36.600  1015  1015 W Resources: Preloaded drawable resource #0x10806fe (android:drawable/textfield_default_holo_dark) that varies with configuration!!
12-17 16:43:36.600  1015  1015 W Resources: Preloaded drawable resource #0x1080702 (android:drawable/textfield_disabled_focused_holo_dark) that varies with configuration!!
12-17 16:43:36.600  1015  1015 W Resources: Preloaded drawable resource #0x1080704 (android:drawable/textfield_disabled_holo_dark) that varies with configuration!!
12-17 16:43:36.600  1015  1015 W Resources: Preloaded drawable resource #0x10802a4 (android:drawable/edit_text_holo_dark) that varies with configuration!!
12-17 16:43:36.690  1015  1015 W Resources: Preloaded drawable resource #0x10806ec (android:drawable/text_select_handle_left) that varies with configuration!!
12-17 16:43:36.690  1015  1015 W Resources: Preloaded drawable resource #0x10806f2 (android:drawable/text_select_handle_right) that varies with configuration!!
12-17 16:43:36.690  1015  1015 W Resources: Preloaded drawable resource #0x10806e9 (android:drawable/text_edit_paste_window) that varies with configuration!!
12-17 16:43:36.690  1014  1014 W Resources: Preloaded drawable resource #0x10806ec (android:drawable/text_select_handle_left) that varies with configuration!!
12-17 16:43:36.690  1014  1014 W Resources: Preloaded drawable resource #0x10806f2 (android:drawable/text_select_handle_right) that varies with configuration!!
12-17 16:43:36.690  1014  1014 W Resources: Preloaded drawable resource #0x10806e9 (android:drawable/text_edit_paste_window) that varies with configuration!!
12-17 16:43:36.730  1015  1015 W Resources: Preloaded drawable resource #0x10802bc (android:drawable/expander_close_holo_dark) that varies with configuration!!
12-17 16:43:36.730  1015  1015 W Resources: Preloaded drawable resource #0x10802bd (android:drawable/expander_close_holo_light) that varies with configuration!!
12-17 16:43:36.740  1014  1014 W Resources: Preloaded drawable resource #0x10802bc (android:drawable/expander_close_holo_dark) that varies with configuration!!
12-17 16:43:36.740  1014  1014 W Resources: Preloaded drawable resource #0x10802bd (android:drawable/expander_close_holo_light) that varies with configuration!!
12-17 16:43:36.740  1014  1014 W Resources: Preloaded drawable resource #0x10802bc (android:drawable/expander_close_holo_dark) that varies with configuration!!
12-17 16:43:36.780  1015  1015 W Resources: Preloaded drawable resource #0x10802bc (android:drawable/expander_close_holo_dark) that varies with configuration!!
12-17 16:43:36.900  1014  1014 W Resources: Preloaded drawable resource #0x10802c5 (android:drawable/expander_open_holo_dark) that varies with configuration!!
12-17 16:43:36.900  1014  1014 W Resources: Preloaded drawable resource #0x10802c0 (android:drawable/expander_group_holo_dark) that varies with configuration!!
12-17 16:43:36.900  1014  1014 W Resources: Preloaded drawable resource #0x10802bd (android:drawable/expander_close_holo_light) that varies with configuration!!
12-17 16:43:36.900  1014  1014 W Resources: Preloaded drawable resource #0x10802c6 (android:drawable/expander_open_holo_light) that varies with configuration!!
12-17 16:43:36.900  1014  1014 W Resources: Preloaded drawable resource #0x10802c1 (android:drawable/expander_group_holo_light) that varies with configuration!!
12-17 16:43:36.900  1015  1015 W Resources: Preloaded drawable resource #0x10802c5 (android:drawable/expander_open_holo_dark) that varies with configuration!!
12-17 16:43:36.900  1015  1015 W Resources: Preloaded drawable resource #0x10802c0 (android:drawable/expander_group_holo_dark) that varies with configuration!!
12-17 16:43:36.900  1015  1015 W Resources: Preloaded drawable resource #0x10802bd (android:drawable/expander_close_holo_light) that varies with configuration!!
12-17 16:43:36.900  1015  1015 W Resources: Preloaded drawable resource #0x10802c6 (android:drawable/expander_open_holo_light) that varies with configuration!!
12-17 16:43:36.900  1015  1015 W Resources: Preloaded drawable resource #0x10802c1 (android:drawable/expander_group_holo_light) that varies with configuration!!
12-17 16:43:37.000  1014  1014 W Resources: Preloaded drawable resource #0x10804b8 (android:drawable/list_selector_disabled_holo_dark) that varies with configuration!!
12-17 16:43:37.000  1014  1014 W Resources: Preloaded drawable resource #0x10804b8 (android:drawable/list_selector_disabled_holo_dark) that varies with configuration!!
12-17 16:43:37.000  1015  1015 W Resources: Preloaded drawable resource #0x10804b8 (android:drawable/list_selector_disabled_holo_dark) that varies with configuration!!
12-17 16:43:37.000  1015  1015 W Resources: Preloaded drawable resource #0x10804b8 (android:drawable/list_selector_disabled_holo_dark) that varies with configuration!!
12-17 16:43:37.020  1014  1014 W Resources: Preloaded drawable resource #0x1080497 (android:drawable/list_pressed_holo_dark) that varies with configuration!!
12-17 16:43:37.020  1014  1014 W Resources: Preloaded drawable resource #0x1080495 (android:drawable/list_longpressed_holo_dark) that varies with configuration!!
12-17 16:43:37.020  1014  1014 W Resources: Preloaded drawable resource #0x1080490 (android:drawable/list_focused_holo) that varies with configuration!!
12-17 16:43:37.020  1014  1014 W Resources: Preloaded drawable resource #0x10804bc (android:drawable/list_selector_holo_dark) that varies with configuration!!
12-17 16:43:37.020  1014  1014 W Resources: Preloaded drawable resource #0x10804b9 (android:drawable/list_selector_disabled_holo_light) that varies with configuration!!
12-17 16:43:37.020  1014  1014 W Resources: Preloaded drawable resource #0x10804b9 (android:drawable/list_selector_disabled_holo_light) that varies with configuration!!
12-17 16:43:37.020  1014  1014 W Resources: Preloaded drawable resource #0x1080498 (android:drawable/list_pressed_holo_light) that varies with configuration!!
12-17 16:43:37.020  1014  1014 W Resources: Preloaded drawable resource #0x1080496 (android:drawable/list_longpressed_holo_light) that varies with configuration!!
12-17 16:43:37.020  1014  1014 W Resources: Preloaded drawable resource #0x1080490 (android:drawable/list_focused_holo) that varies with configuration!!
12-17 16:43:37.020  1014  1014 W Resources: Preloaded drawable resource #0x10804bd (android:drawable/list_selector_holo_light) that varies with configuration!!
12-17 16:43:37.020  1014  1014 W Resources: Preloaded drawable resource #0x108049a (android:drawable/list_section_divider_holo_light) that varies with configuration!!
12-17 16:43:37.020  1014  1014 W Resources: Preloaded drawable resource #0x1080499 (android:drawable/list_section_divider_holo_dark) that varies with configuration!!
12-17 16:43:37.050  1014  1014 W Resources: Preloaded drawable resource #0x10804cd (android:drawable/menu_hardkey_panel_holo_dark) that varies with configuration!!
12-17 16:43:37.050  1014  1014 W Resources: Preloaded drawable resource #0x10804ce (android:drawable/menu_hardkey_panel_holo_light) that varies with configuration!!
12-17 16:43:37.050  1014  1014 W Resources: Preloaded drawable resource #0x10804d5 (android:drawable/menu_submenu_background) that varies with configuration!!
12-17 16:43:37.050  1014  1014 W Resources: Preloaded drawable resource #0x10804cc (android:drawable/menu_dropdown_panel_holo_light) that varies with configuration!!
12-17 16:43:37.050  1014  1014 W Resources: Preloaded drawable resource #0x10804cb (android:drawable/menu_dropdown_panel_holo_dark) that varies with configuration!!
12-17 16:43:37.050  1014  1014 W Resources: Preloaded drawable resource #0x10804d2 (android:drawable/menu_popup_panel_holo_light) that varies with configuration!!
12-17 16:43:37.050  1014  1014 W Resources: Preloaded drawable resource #0x10804d1 (android:drawable/menu_popup_panel_holo_dark) that varies with configuration!!
12-17 16:43:37.090  1015  1015 W Resources: Preloaded drawable resource #0x1080497 (android:drawable/list_pressed_holo_dark) that varies with configuration!!
12-17 16:43:37.090  1015  1015 W Resources: Preloaded drawable resource #0x1080495 (android:drawable/list_longpressed_holo_dark) that varies with configuration!!
12-17 16:43:37.090  1015  1015 W Resources: Preloaded drawable resource #0x1080490 (android:drawable/list_focused_holo) that varies with configuration!!
12-17 16:43:37.090  1015  1015 W Resources: Preloaded drawable resource #0x10804bc (android:drawable/list_selector_holo_dark) that varies with configuration!!
12-17 16:43:37.090  1015  1015 W Resources: Preloaded drawable resource #0x10804b9 (android:drawable/list_selector_disabled_holo_light) that varies with configuration!!
12-17 16:43:37.090  1015  1015 W Resources: Preloaded drawable resource #0x10804b9 (android:drawable/list_selector_disabled_holo_light) that varies with configuration!!
12-17 16:43:37.090  1015  1015 W Resources: Preloaded drawable resource #0x1080498 (android:drawable/list_pressed_holo_light) that varies with configuration!!
12-17 16:43:37.090  1015  1015 W Resources: Preloaded drawable resource #0x1080496 (android:drawable/list_longpressed_holo_light) that varies with configuration!!
12-17 16:43:37.090  1015  1015 W Resources: Preloaded drawable resource #0x1080490 (android:drawable/list_focused_holo) that varies with configuration!!
12-17 16:43:37.090  1015  1015 W Resources: Preloaded drawable resource #0x10804bd (android:drawable/list_selector_holo_light) that varies with configuration!!
12-17 16:43:37.090  1015  1015 W Resources: Preloaded drawable resource #0x108049a (android:drawable/list_section_divider_holo_light) that varies with configuration!!
12-17 16:43:37.090  1015  1015 W Resources: Preloaded drawable resource #0x1080499 (android:drawable/list_section_divider_holo_dark) that varies with configuration!!
12-17 16:43:37.090  1015  1015 W Resources: Preloaded drawable resource #0x10804cd (android:drawable/menu_hardkey_panel_holo_dark) that varies with configuration!!
12-17 16:43:37.140  1015  1015 W Resources: Preloaded drawable resource #0x10804ce (android:drawable/menu_hardkey_panel_holo_light) that varies with configuration!!
12-17 16:43:37.140  1015  1015 W Resources: Preloaded drawable resource #0x10804d5 (android:drawable/menu_submenu_background) that varies with configuration!!
12-17 16:43:37.140  1015  1015 W Resources: Preloaded drawable resource #0x10804cc (android:drawable/menu_dropdown_panel_holo_light) that varies with configuration!!
12-17 16:43:37.140  1015  1015 W Resources: Preloaded drawable resource #0x10804cb (android:drawable/menu_dropdown_panel_holo_dark) that varies with configuration!!
12-17 16:43:37.140  1015  1015 W Resources: Preloaded drawable resource #0x10804d2 (android:drawable/menu_popup_panel_holo_light) that varies with configuration!!
12-17 16:43:37.140  1015  1015 W Resources: Preloaded drawable resource #0x10804d1 (android:drawable/menu_popup_panel_holo_dark) that varies with configuration!!
12-17 16:43:37.200  1015  1015 W Resources: Preloaded drawable resource #0x10804d2 (android:drawable/menu_popup_panel_holo_light) that varies with configuration!!
12-17 16:43:37.200  1015  1015 W Resources: Preloaded drawable resource #0x10804cc (android:drawable/menu_dropdown_panel_holo_light) that varies with configuration!!
12-17 16:43:37.200  1015  1015 W Resources: Preloaded drawable resource #0x10804d0 (android:drawable/menu_panel_holo_light) that varies with configuration!!
12-17 16:43:37.200  1015  1015 W Resources: Preloaded drawable resource #0x10804d1 (android:drawable/menu_popup_panel_holo_dark) that varies with configuration!!
12-17 16:43:37.200  1015  1015 W Resources: Preloaded drawable resource #0x10804cb (android:drawable/menu_dropdown_panel_holo_dark) that varies with configuration!!
12-17 16:43:37.200  1015  1015 W Resources: Preloaded drawable resource #0x10804cf (android:drawable/menu_panel_holo_dark) that varies with configuration!!
12-17 16:43:37.200  1014  1014 W Resources: Preloaded drawable resource #0x10804d2 (android:drawable/menu_popup_panel_holo_light) that varies with configuration!!
12-17 16:43:37.200  1014  1014 W Resources: Preloaded drawable resource #0x10804cc (android:drawable/menu_dropdown_panel_holo_light) that varies with configuration!!
12-17 16:43:37.200  1014  1014 W Resources: Preloaded drawable resource #0x10804d0 (android:drawable/menu_panel_holo_light) that varies with configuration!!
